Component: ARM Compiler 5.05 update 1 (build 106) Tool: armlink [4d0efa]

==============================================================================

Section Cross References

    startup_stm32f103xb.o(RESET) refers to startup_stm32f103xb.o(STACK) for __initial_sp
    startup_stm32f103xb.o(RESET) refers to startup_stm32f103xb.o(.text) for Reset_Handler
    startup_stm32f103xb.o(RESET) refers to stm32f1xx_it.o(i.NMI_Handler) for NMI_Handler
    startup_stm32f103xb.o(RESET) refers to stm32f1xx_it.o(i.HardFault_Handler) for HardFault_Handler
    startup_stm32f103xb.o(RESET) refers to stm32f1xx_it.o(i.MemManage_Handler) for MemManage_Handler
    startup_stm32f103xb.o(RESET) refers to stm32f1xx_it.o(i.BusFault_Handler) for BusFault_Handler
    startup_stm32f103xb.o(RESET) refers to stm32f1xx_it.o(i.UsageFault_Handler) for UsageFault_Handler
    startup_stm32f103xb.o(RESET) refers to stm32f1xx_it.o(i.SVC_Handler) for SVC_Handler
    startup_stm32f103xb.o(RESET) refers to stm32f1xx_it.o(i.DebugMon_Handler) for DebugMon_Handler
    startup_stm32f103xb.o(RESET) refers to stm32f1xx_it.o(i.PendSV_Handler) for PendSV_Handler
    startup_stm32f103xb.o(RESET) refers to stm32f1xx_it.o(i.SysTick_Handler) for SysTick_Handler
    startup_stm32f103xb.o(RESET) refers to stm32f1xx_it.o(i.DMA1_Channel4_IRQHandler) for DMA1_Channel4_IRQHandler
    startup_stm32f103xb.o(RESET) refers to stm32f1xx_it.o(i.DMA1_Channel5_IRQHandler) for DMA1_Channel5_IRQHandler
    startup_stm32f103xb.o(RESET) refers to stm32f1xx_it.o(i.TIM1_UP_IRQHandler) for TIM1_UP_IRQHandler
    startup_stm32f103xb.o(RESET) refers to stm32f1xx_it.o(i.USART1_IRQHandler) for USART1_IRQHandler
    startup_stm32f103xb.o(RESET) refers to stm32f1xx_it.o(i.USART2_IRQHandler) for USART2_IRQHandler
    startup_stm32f103xb.o(.text) refers to system_stm32f1xx.o(i.SystemInit) for SystemInit
    startup_stm32f103xb.o(.text) refers to entry.o(.ARM.Collect$$$$00000000) for __main
    main.o(i.SystemClock_Config) refers to memseta.o(.text) for __aeabi_memclr4
    main.o(i.SystemClock_Config) refers to stm32f1xx_hal_rcc.o(i.HAL_RCC_OscConfig) for HAL_RCC_OscConfig
    main.o(i.SystemClock_Config) refers to main.o(i.Error_Handler) for Error_Handler
    main.o(i.SystemClock_Config) refers to stm32f1xx_hal_rcc.o(i.HAL_RCC_ClockConfig) for HAL_RCC_ClockConfig
    main.o(i.SystemClock_Config) refers to stm32f1xx_hal_rcc_ex.o(i.HAL_RCCEx_PeriphCLKConfig) for HAL_RCCEx_PeriphCLKConfig
    main.o(i.main) refers to stm32f1xx_hal.o(i.HAL_Init) for HAL_Init
    main.o(i.main) refers to main.o(i.SystemClock_Config) for SystemClock_Config
    main.o(i.main) refers to gpio.o(i.MX_GPIO_Init) for MX_GPIO_Init
    main.o(i.main) refers to dma.o(i.MX_DMA_Init) for MX_DMA_Init
    main.o(i.main) refers to tim.o(i.MX_TIM1_Init) for MX_TIM1_Init
    main.o(i.main) refers to tim.o(i.MX_TIM2_Init) for MX_TIM2_Init
    main.o(i.main) refers to usart.o(i.MX_USART1_UART_Init) for MX_USART1_UART_Init
    main.o(i.main) refers to usart.o(i.MX_USART2_UART_Init) for MX_USART2_UART_Init
    main.o(i.main) refers to adc.o(i.MX_ADC1_Init) for MX_ADC1_Init
    main.o(i.main) refers to user.o(i.User_Init) for User_Init
    main.o(i.main) refers to printfa.o(i.__0printf) for __2printf
    main.o(i.main) refers to user.o(i.User_Loop) for User_Loop
    gpio.o(i.MX_GPIO_Init) refers to stm32f1xx_hal_gpio.o(i.HAL_GPIO_WritePin) for HAL_GPIO_WritePin
    gpio.o(i.MX_GPIO_Init) refers to stm32f1xx_hal_gpio.o(i.HAL_GPIO_Init) for HAL_GPIO_Init
    adc.o(i.HAL_ADC_MspDeInit) refers to stm32f1xx_hal_gpio.o(i.HAL_GPIO_DeInit) for HAL_GPIO_DeInit
    adc.o(i.HAL_ADC_MspInit) refers to stm32f1xx_hal_gpio.o(i.HAL_GPIO_Init) for HAL_GPIO_Init
    adc.o(i.MX_ADC1_Init) refers to stm32f1xx_hal_adc.o(i.HAL_ADC_Init) for HAL_ADC_Init
    adc.o(i.MX_ADC1_Init) refers to main.o(i.Error_Handler) for Error_Handler
    adc.o(i.MX_ADC1_Init) refers to stm32f1xx_hal_adc.o(i.HAL_ADC_ConfigChannel) for HAL_ADC_ConfigChannel
    adc.o(i.MX_ADC1_Init) refers to adc.o(.bss) for hadc1
    dma.o(i.MX_DMA_Init) refers to stm32f1xx_hal_cortex.o(i.HAL_NVIC_SetPriority) for HAL_NVIC_SetPriority
    dma.o(i.MX_DMA_Init) refers to stm32f1xx_hal_cortex.o(i.HAL_NVIC_EnableIRQ) for HAL_NVIC_EnableIRQ
    tim.o(i.HAL_TIM_Base_MspDeInit) refers to stm32f1xx_hal_cortex.o(i.HAL_NVIC_DisableIRQ) for HAL_NVIC_DisableIRQ
    tim.o(i.HAL_TIM_Base_MspInit) refers to stm32f1xx_hal_cortex.o(i.HAL_NVIC_SetPriority) for HAL_NVIC_SetPriority
    tim.o(i.HAL_TIM_Base_MspInit) refers to stm32f1xx_hal_cortex.o(i.HAL_NVIC_EnableIRQ) for HAL_NVIC_EnableIRQ
    tim.o(i.HAL_TIM_MspPostInit) refers to stm32f1xx_hal_gpio.o(i.HAL_GPIO_Init) for HAL_GPIO_Init
    tim.o(i.MX_TIM1_Init) refers to stm32f1xx_hal_tim.o(i.HAL_TIM_Base_Init) for HAL_TIM_Base_Init
    tim.o(i.MX_TIM1_Init) refers to main.o(i.Error_Handler) for Error_Handler
    tim.o(i.MX_TIM1_Init) refers to stm32f1xx_hal_tim.o(i.HAL_TIM_ConfigClockSource) for HAL_TIM_ConfigClockSource
[...]
    .text                                    0x08000168   Section        0  memseta.o(.text)
    .text                                    0x0800018c   Section        0  strstr.o(.text)
    .text                                    0x080001b0   Section        0  dmul.o(.text)
    .text                                    0x08000294   Section        0  ddiv.o(.text)
    .text                                    0x08000372   Section        0  ffltui.o(.text)
    .text                                    0x0800037c   Section        0  f2d.o(.text)
    .text                                    0x080003a4   Section       48  cdcmple.o(.text)
    .text                                    0x080003d4   Section        0  d2f.o(.text)
    .text                                    0x0800040c   Section        0  uidiv.o(.text)
    .text                                    0x08000438   Section        0  uldiv.o(.text)
    .text                                    0x0800049a   Section        0  fepilogue.o(.text)
    .text                                    0x0800049a   Section        0  iusefp.o(.text)
    .text                                    0x08000508   Section        0  depilogue.o(.text)
    .text                                    0x080005c2   Section        0  dadd.o(.text)
    .text                                    0x08000710   Section        0  dfixul.o(.text)
    .text                                    0x08000740   Section       48  cdrcmple.o(.text)
    .text                                    0x08000770   Section       36  init.o(.text)
    .text                                    0x08000794   Section        0  llshl.o(.text)
    .text                                    0x080007b2   Section        0  llsshr.o(.text)
    i.ADC_ConversionStop_Disable             0x080007d6   Section        0  stm32f1xx_hal_adc.o(i.ADC_ConversionStop_Disable)
    i.ADC_Enable                             0x08000834   Section        0  stm32f1xx_hal_adc.o(i.ADC_Enable)
    i.Adc_get_data                           0x080008c4   Section        0  user.o(i.Adc_get_data)
    i.BusFault_Handler                       0x08000908   Section        0  stm32f1xx_it.o(i.BusFault_Handler)
    i.Button_GetEvent                        0x0800090c   Section        0  key_driver.o(i.Button_GetEvent)
    i.Button_Init                            0x0800094c   Section        0  key_driver.o(i.Button_Init)
    i.Button_Output                          0x080009fc   Section        0  user.o(i.Button_Output)
    i.DHT11_GPIO_Set_Input                   0x08000a18   Section        0  dht11_driver.o(i.DHT11_GPIO_Set_Input)
    i.DHT11_GPIO_Set_Output                  0x08000a3c   Section        0  dht11_driver.o(i.DHT11_GPIO_Set_Output)
    i.DHT11_Get                              0x08000a64   Section        0  user.o(i.DHT11_Get)
    i.DHT11_Read                             0x08000a78   Section        0  dht11_driver.o(i.DHT11_Read)
    i.DHT11_Read_Bit                         0x08000b50   Section        0  dht11_driver.o(i.DHT11_Read_Bit)
    DHT11_Read_Bit                           0x08000b51   Thumb Code    96  dht11_driver.o(i.DHT11_Read_Bit)
    i.DHT11_Read_Byte                        0x08000bb0   Section        0  dht11_driver.o(i.DHT11_Read_Byte)
    DHT11_Read_Byte                          0x08000bb1   Thumb Code    42  dht11_driver.o(i.DHT11_Read_Byte)
    i.DMA1_Channel4_IRQHandler               0x08000bdc   Section        0  stm32f1xx_it.o(i.DMA1_Channel4_IRQHandler)
    i.DMA1_Channel5_IRQHandler               0x08000bec   Section        0  stm32f1xx_it.o(i.DMA1_Channel5_IRQHandler)
    i.DMA_SetConfig                          0x08000bfc   Section        0  stm32f1xx_hal_dma.o(i.DMA_SetConfig)
    DMA_SetConfig                            0x08000bfd   Thumb Code    44  stm32f1xx_hal_dma.o(i.DMA_SetConfig)
    i.DebugMon_Handler                       0x08000c28   Section        0  stm32f1xx_it.o(i.DebugMon_Handler)
    i.Discharge_Control                      0x08000c2c   Section        0  user.o(i.Discharge_Control)
    i.Driver_Init                            0x08000cbc   Section        0  driver.o(i.Driver_Init)
    i.Error_Handler                          0x08000d58   Section        0  main.o(i.Error_Handler)
    i.Fan_Control                            0x08000d60   Section        0  user.o(i.Fan_Control)
    i.Gps_start                              0x08000dc4   Section        0  user.o(i.Gps_start)
    i.HAL_ADCEx_Calibration_Start            0x08000de0   Section        0  stm32f1xx_hal_adc_ex.o(i.HAL_ADCEx_Calibration_Start)
    i.HAL_ADC_ConfigChannel                  0x08000efc   Section        0  stm32f1xx_hal_adc.o(i.HAL_ADC_ConfigChannel)
    i.HAL_ADC_GetValue                       0x0800105c   Section        0  stm32f1xx_hal_adc.o(i.HAL_ADC_GetValue)
    i.HAL_ADC_Init                           0x08001064   Section        0  stm32f1xx_hal_adc.o(i.HAL_ADC_Init)
    i.HAL_ADC_MspInit                        0x080011a8   Section        0  adc.o(i.HAL_ADC_MspInit)
    i.HAL_ADC_PollForConversion              0x08001218   Section        0  stm32f1xx_hal_adc.o(i.HAL_ADC_PollForConversion)
    i.HAL_ADC_Start                          0x08001398   Section        0  stm32f1xx_hal_adc.o(i.HAL_ADC_Start)
    i.HAL_DMA_Abort                          0x080014c8   Section        0  stm32f1xx_hal_dma.o(i.HAL_DMA_Abort)
    i.HAL_DMA_Abort_IT                       0x08001520   Section        0  stm32f1xx_hal_dma.o(i.HAL_DMA_Abort_IT)
    i.HAL_DMA_IRQHandler                     0x080015d0   Section        0  stm32f1xx_hal_dma.o(i.HAL_DMA_IRQHandler)
    i.HAL_DMA_Init                           0x0800176c   Section        0  stm32f1xx_hal_dma.o(i.HAL_DMA_Init)
    i.HAL_DMA_Start_IT                       0x080017d4   Section        0  stm32f1xx_hal_dma.o(i.HAL_DMA_Start_IT)
    i.HAL_Delay                              0x08001870   Section        0  stm32f1xx_hal.o(i.HAL_Delay)
    i.HAL_GPIO_Init                          0x08001898   Section        0  stm32f1xx_hal_gpio.o(i.HAL_GPIO_Init)
    i.HAL_GPIO_ReadPin                       0x08001bb8   Section        0  stm32f1xx_hal_gpio.o(i.HAL_GPIO_ReadPin)
    i.HAL_GPIO_TogglePin                     0x08001bc8   Section        0  stm32f1xx_hal_gpio.o(i.HAL_GPIO_TogglePin)
    i.HAL_GPIO_WritePin                      0x08001bdc   Section        0  stm32f1xx_hal_gpio.o(i.HAL_GPIO_WritePin)
    i.HAL_GetTick                            0x08001be8   Section        0  stm32f1xx_hal.o(i.HAL_GetTick)
    i.HAL_IncTick                            0x08001bf4   Section        0  stm32f1xx_hal.o(i.HAL_IncTick)
    i.HAL_Init                               0x08001c0c   Section        0  stm32f1xx_hal.o(i.HAL_Init)
    i.HAL_InitTick                           0x08001c34   Section        0  stm32f1xx_hal.o(i.HAL_InitTick)
    i.HAL_MspInit                            0x08001c80   Section        0  stm32f1xx_hal_msp.o(i.HAL_MspInit)
    i.HAL_NVIC_DisableIRQ                    0x08001cd4   Section        0  stm32f1xx_hal_cortex.o(i.HAL_NVIC_DisableIRQ)
    i.HAL_NVIC_EnableIRQ                     0x08001d18   Section        0  stm32f1xx_hal_cortex.o(i.HAL_NVIC_EnableIRQ)
    i.HAL_NVIC_SetPriority                   0x08001d38   Section        0  stm32f1xx_hal_cortex.o(i.HAL_NVIC_SetPriority)
    i.HAL_NVIC_SetPriorityGrouping           0x08001db4   Section        0  stm32f1xx_hal_cortex.o(i.HAL_NVIC_SetPriorityGrouping)
    i.HAL_RCCEx_GetPeriphCLKFreq             0x08001ddc   Section        0  stm32f1xx_hal_rcc_ex.o(i.HAL_RCCEx_GetPeriphCLKFreq)
    i.HAL_RCCEx_PeriphCLKConfig              0x08001ed8   Section        0  stm32f1xx_hal_rcc_ex.o(i.HAL_RCCEx_PeriphCLKConfig)
    i.HAL_RCC_ClockConfig                    0x08002008   Section        0  stm32f1xx_hal_rcc.o(i.HAL_RCC_ClockConfig)
    i.HAL_RCC_GetHCLKFreq                    0x08002194   Section        0  stm32f1xx_hal_rcc.o(i.HAL_RCC_GetHCLKFreq)
    i.HAL_RCC_GetPCLK1Freq                   0x080021a0   Section        0  stm32f1xx_hal_rcc.o(i.HAL_RCC_GetPCLK1Freq)
    i.HAL_RCC_GetPCLK2Freq                   0x080021c0   Section        0  stm32f1xx_hal_rcc.o(i.HAL_RCC_GetPCLK2Freq)
    i.HAL_RCC_GetSysClockFreq                0x080021e0   Section        0  stm32f1xx_hal_rcc.o(i.HAL_RCC_GetSysClockFreq)
    i.HAL_RCC_OscConfig                      0x08002250   Section        0  stm32f1xx_hal_rcc.o(i.HAL_RCC_OscConfig)
    i.HAL_SYSTICK_Config                     0x080026b4   Section        0  stm32f1xx_hal_cortex.o(i.HAL_SYSTICK_Config)
    i.HAL_TIMEx_BreakCallback                0x080026e8   Section        0  stm32f1xx_hal_tim_ex.o(i.HAL_TIMEx_BreakCallback)
    i.HAL_TIMEx_CommutCallback               0x080026ea   Section        0  stm32f1xx_hal_tim_ex.o(i.HAL_TIMEx_CommutCallback)
    i.HAL_TIMEx_MasterConfigSynchronization  0x080026ec   Section        0  stm32f1xx_hal_tim_ex.o(i.HAL_TIMEx_MasterConfigSynchronization)
    i.HAL_TIM_Base_Init                      0x08002770   Section        0  stm32f1xx_hal_tim.o(i.HAL_TIM_Base_Init)
    i.HAL_TIM_Base_MspInit                   0x080027d8   Section        0  tim.o(i.HAL_TIM_Base_MspInit)
    i.HAL_TIM_Base_Start_IT                  0x08002840   Section        0  stm32f1xx_hal_tim.o(i.HAL_TIM_Base_Start_IT)
    i.HAL_TIM_ConfigClockSource              0x080028b8   Section        0  stm32f1xx_hal_tim.o(i.HAL_TIM_ConfigClockSource)
    i.HAL_TIM_IC_CaptureCallback             0x080029c4   Section        0  stm32f1xx_hal_tim.o(i.HAL_TIM_IC_CaptureCallback)
    i.HAL_TIM_IRQHandler                     0x080029c6   Section        0  stm32f1xx_hal_tim.o(i.HAL_TIM_IRQHandler)
    i.HAL_TIM_MspPostInit                    0x08002b34   Section        0  tim.o(i.HAL_TIM_MspPostInit)
    i.HAL_TIM_OC_DelayElapsedCallback        0x08002bd4   Section        0  stm32f1xx_hal_tim.o(i.HAL_TIM_OC_DelayElapsedCallback)
    i.HAL_TIM_PWM_ConfigChannel              0x08002bd6   Section        0  stm32f1xx_hal_tim.o(i.HAL_TIM_PWM_ConfigChannel)
    i.HAL_TIM_PWM_Init                       0x08002cda   Section        0  stm32f1xx_hal_tim.o(i.HAL_TIM_PWM_Init)
    i.HAL_TIM_PWM_MspInit                    0x08002d40   Section        0  stm32f1xx_hal_tim.o(i.HAL_TIM_PWM_MspInit)
    i.HAL_TIM_PWM_PulseFinishedCallback      0x08002d42   Section        0  stm32f1xx_hal_tim.o(i.HAL_TIM_PWM_PulseFinishedCallback)
    i.HAL_TIM_PWM_Start                      0x08002d44   Section        0  stm32f1xx_hal_tim.o(i.HAL_TIM_PWM_Start)
    i.HAL_TIM_PeriodElapsedCallback          0x08002e18   Section        0  user_time.o(i.HAL_TIM_PeriodElapsedCallback)
    i.HAL_TIM_TriggerCallback                0x08002f34   Section        0  stm32f1xx_hal_tim.o(i.HAL_TIM_TriggerCallback)
    i.HAL_UARTEx_ReceiveToIdle_DMA           0x08002f36   Section        0  stm32f1xx_hal_uart.o(i.HAL_UARTEx_ReceiveToIdle_DMA)
    i.HAL_UARTEx_RxEventCallback             0x08002fa8   Section        0  serial.o(i.HAL_UARTEx_RxEventCallback)
    i.HAL_UART_ErrorCallback                 0x08003010   Section        0  stm32f1xx_hal_uart.o(i.HAL_UART_ErrorCallback)
    i.HAL_UART_IRQHandler                    0x08003014   Section        0  stm32f1xx_hal_uart.o(i.HAL_UART_IRQHandler)
    i.HAL_UART_Init                          0x080032f8   Section        0  stm32f1xx_hal_uart.o(i.HAL_UART_Init)
    i.HAL_UART_MspInit                       0x08003370   Section        0  usart.o(i.HAL_UART_MspInit)
    i.HAL_UART_RxCpltCallback                0x080034f4   Section        0  stm32f1xx_hal_uart.o(i.HAL_UART_RxCpltCallback)
    i.HAL_UART_RxHalfCpltCallback            0x080034f6   Section        0  stm32f1xx_hal_uart.o(i.HAL_UART_RxHalfCpltCallback)
    i.HAL_UART_Transmit                      0x080034f8   Section        0  stm32f1xx_hal_uart.o(i.HAL_UART_Transmit)
    i.HAL_UART_Transmit_DMA                  0x080035b8   Section        0  stm32f1xx_hal_uart.o(i.HAL_UART_Transmit_DMA)
    i.HAL_UART_TxCpltCallback                0x08003644   Section        0  serial.o(i.HAL_UART_TxCpltCallback)
    i.HAL_UART_TxHalfCpltCallback            0x08003698   Section        0  stm32f1xx_hal_uart.o(i.HAL_UART_TxHalfCpltCallback)
    i.HardFault_Handler                      0x0800369a   Section        0  stm32f1xx_it.o(i.HardFault_Handler)
    i.Is_Timeout                             0x0800369e   Section        0  user.o(i.Is_Timeout)
    i.LED_Init                               0x080036b8   Section        0  led_driver.o(i.LED_Init)
    i.LED_Off                                0x08003750   Section        0  led_driver.o(i.LED_Off)
    i.LED_On                                 0x08003760   Section        0  led_driver.o(i.LED_On)
    i.LED_PWM_Init                           0x08003770   Section        0  led_driver.o(i.LED_PWM_Init)
    i.LED_SetBrightness                      0x08003780   Section        0  led_driver.o(i.LED_SetBrightness)
    i.LED_Toggle                             0x080037b8   Section        0  led_driver.o(i.LED_Toggle)
    i.Light_Control                          0x080037c8   Section        0  user.o(i.Light_Control)
    i.MX_ADC1_Init                           0x08003818   Section        0  adc.o(i.MX_ADC1_Init)
    i.MX_DMA_Init                            0x08003874   Section        0  dma.o(i.MX_DMA_Init)
    i.MX_GPIO_Init                           0x080038b8   Section        0  gpio.o(i.MX_GPIO_Init)
    i.MX_TIM1_Init                           0x08003978   Section        0  tim.o(i.MX_TIM1_Init)
    i.MX_TIM2_Init                           0x080039e8   Section        0  tim.o(i.MX_TIM2_Init)
    i.MX_USART1_UART_Init                    0x08003ab8   Section        0  usart.o(i.MX_USART1_UART_Init)
    i.MX_USART2_UART_Init                    0x08003af0   Section        0  usart.o(i.MX_USART2_UART_Init)
    i.MemManage_Handler                      0x08003b28   Section        0  stm32f1xx_it.o(i.MemManage_Handler)
    i.Motor_Init                             0x08003b2c   Section        0  ln298motor_driver.o(i.Motor_Init)
    i.Motor_Set_DieSpeed                     0x08003b42   Section        0  ln298motor_driver.o(i.Motor_Set_DieSpeed)
    i.NMI_Handler                            0x08003b78   Section        0  stm32f1xx_it.o(i.NMI_Handler)
    i.PWM_Init                               0x08003b7c   Section        0  ln298motor_driver.o(i.PWM_Init)
    i.PWM_SetDuty                            0x08003b8c   Section        0  ln298motor_driver.o(i.PWM_SetDuty)
    i.PendSV_Handler                         0x08003bc4   Section        0  stm32f1xx_it.o(i.PendSV_Handler)
    i.RCC_Delay                              0x08003bc8   Section        0  stm32f1xx_hal_rcc.o(i.RCC_Delay)
    RCC_Delay                                0x08003bc9   Thumb Code    36  stm32f1xx_hal_rcc.o(i.RCC_Delay)
    i.SVC_Handler                            0x08003bf0   Section        0  stm32f1xx_it.o(i.SVC_Handler)
    i.SysTick_Handler                        0x08003bf2   Section        0  stm32f1xx_it.o(i.SysTick_Handler)
    i.SystemClock_Config                     0x08003bfa   Section        0  main.o(i.SystemClock_Config)
    i.SystemInit                             0x08003c7e   Section        0  system_stm32f1xx.o(i.SystemInit)
    i.TIM1_UP_IRQHandler                     0x08003c80   Section        0  stm32f1xx_it.o(i.TIM1_UP_IRQHandler)
    i.TIM_Base_SetConfig                     0x08003c90   Section        0  stm32f1xx_hal_tim.o(i.TIM_Base_SetConfig)
    i.TIM_CCxChannelCmd                      0x08003d14   Section        0  stm32f1xx_hal_tim.o(i.TIM_CCxChannelCmd)
    i.TIM_ETR_SetConfig                      0x08003d36   Section        0  stm32f1xx_hal_tim.o(i.TIM_ETR_SetConfig)
    i.TIM_ITRx_SetConfig                     0x08003d4c   Section        0  stm32f1xx_hal_tim.o(i.TIM_ITRx_SetConfig)
    TIM_ITRx_SetConfig                       0x08003d4d   Thumb Code    18  stm32f1xx_hal_tim.o(i.TIM_ITRx_SetConfig)
    i.TIM_OC1_SetConfig                      0x08003d60   Section        0  stm32f1xx_hal_tim.o(i.TIM_OC1_SetConfig)
    TIM_OC1_SetConfig                        0x08003d61   Thumb Code    90  stm32f1xx_hal_tim.o(i.TIM_OC1_SetConfig)
    i.TIM_OC2_SetConfig                      0x08003dc0   Section        0  stm32f1xx_hal_tim.o(i.TIM_OC2_SetConfig)
    i.TIM_OC3_SetConfig                      0x08003e28   Section        0  stm32f1xx_hal_tim.o(i.TIM_OC3_SetConfig)
    TIM_OC3_SetConfig                        0x08003e29   Thumb Code    98  stm32f1xx_hal_tim.o(i.TIM_OC3_SetConfig)
    i.TIM_OC4_SetConfig                      0x08003e90   Section        0  stm32f1xx_hal_tim.o(i.TIM_OC4_SetConfig)
    TIM_OC4_SetConfig                        0x08003e91   Thumb Code    68  stm32f1xx_hal_tim.o(i.TIM_OC4_SetConfig)
    i.TIM_TI1_ConfigInputStage               0x08003ed8   Section        0  stm32f1xx_hal_tim.o(i.TIM_TI1_ConfigInputStage)
    TIM_TI1_ConfigInputStage                 0x08003ed9   Thumb Code    38  stm32f1xx_hal_tim.o(i.TIM_TI1_ConfigInputStage)
    i.TIM_TI2_ConfigInputStage               0x08003efe   Section        0  stm32f1xx_hal_tim.o(i.TIM_TI2_ConfigInputStage)
    TIM_TI2_ConfigInputStage                 0x08003eff   Thumb Code    40  stm32f1xx_hal_tim.o(i.TIM_TI2_ConfigInputStage)
    i.Temperature_Control                    0x08003f28   Section        0  user.o(i.Temperature_Control)
    i.UART_DMAAbortOnError                   0x08003ff0   Section        0  stm32f1xx_hal_uart.o(i.UART_DMAAbortOnError)
    UART_DMAAbortOnError                     0x08003ff1   Thumb Code    20  stm32f1xx_hal_uart.o(i.UART_DMAAbortOnError)
    i.UART_DMAError                          0x08004004   Section        0  stm32f1xx_hal_uart.o(i.UART_DMAError)
    UART_DMAError                            0x08004005   Thumb Code    80  stm32f1xx_hal_uart.o(i.UART_DMAError)
    i.UART_DMAReceiveCplt                    0x08004054   Section        0  stm32f1xx_hal_uart.o(i.UART_DMAReceiveCplt)
    UART_DMAReceiveCplt                      0x08004055   Thumb Code   180  stm32f1xx_hal_uart.o(i.UART_DMAReceiveCplt)
    i.UART_DMARxHalfCplt                     0x08004108   Section        0  stm32f1xx_hal_uart.o(i.UART_DMARxHalfCplt)
    UART_DMARxHalfCplt                       0x08004109   Thumb Code    36  stm32f1xx_hal_uart.o(i.UART_DMARxHalfCplt)
    i.UART_DMATransmitCplt                   0x0800412c   Section        0  stm32f1xx_hal_uart.o(i.UART_DMATransmitCplt)
    UART_DMATransmitCplt                     0x0800412d   Thumb Code    88  stm32f1xx_hal_uart.o(i.UART_DMATransmitCplt)
    i.UART_DMATxHalfCplt                     0x08004184   Section        0  stm32f1xx_hal_uart.o(i.UART_DMATxHalfCplt)
    UART_DMATxHalfCplt                       0x08004185   Thumb Code    14  stm32f1xx_hal_uart.o(i.UART_DMATxHalfCplt)
    i.UART_DMA_Init                          0x08004194   Section        0  serial.o(i.UART_DMA_Init)
    i.UART_Driver_Init                       0x080041ac   Section        0  serial.o(i.UART_Driver_Init)
    i.UART_EndRxTransfer                     0x080041cc   Section        0  stm32f1xx_hal_uart.o(i.UART_EndRxTransfer)
    UART_EndRxTransfer                       0x080041cd   Thumb Code   108  stm32f1xx_hal_uart.o(i.UART_EndRxTransfer)
    i.UART_EndTransmit_IT                    0x08004238   Section        0  stm32f1xx_hal_uart.o(i.UART_EndTransmit_IT)
    UART_EndTransmit_IT                      0x08004239   Thumb Code    32  stm32f1xx_hal_uart.o(i.UART_EndTransmit_IT)
    i.UART_EndTxTransfer                     0x08004258   Section        0  stm32f1xx_hal_uart.o(i.UART_EndTxTransfer)
    UART_EndTxTransfer                       0x08004259   Thumb Code    38  stm32f1xx_hal_uart.o(i.UART_EndTxTransfer)
    i.UART_Receive_IT                        0x0800427e   Section        0  stm32f1xx_hal_uart.o(i.UART_Receive_IT)
    UART_Receive_IT                          0x0800427f   Thumb Code   252  stm32f1xx_hal_uart.o(i.UART_Receive_IT)
    i.UART_SetConfig                         0x0800437c   Section        0  stm32f1xx_hal_uart.o(i.UART_SetConfig)
    UART_SetConfig                           0x0800437d   Thumb Code   248  stm32f1xx_hal_uart.o(i.UART_SetConfig)
    i.UART_Start_Receive_DMA                 0x08004478   Section        0  stm32f1xx_hal_uart.o(i.UART_Start_Receive_DMA)
    i.UART_Transmit_IT                       0x08004540   Section        0  stm32f1xx_hal_uart.o(i.UART_Transmit_IT)
    UART_Transmit_IT                         0x08004541   Thumb Code    96  stm32f1xx_hal_uart.o(i.UART_Transmit_IT)
    i.UART_WaitOnFlagUntilTimeout            0x080045a0   Section        0  stm32f1xx_hal_uart.o(i.UART_WaitOnFlagUntilTimeout)
    UART_WaitOnFlagUntilTimeout              0x080045a1   Thumb Code   140  stm32f1xx_hal_uart.o(i.UART_WaitOnFlagUntilTimeout)
    i.USART1_IRQHandler                      0x0800462c   Section        0  stm32f1xx_it.o(i.USART1_IRQHandler)
    i.USART2_IRQHandler                      0x0800463c   Section        0  stm32f1xx_it.o(i.USART2_IRQHandler)
    i.UsageFault_Handler                     0x0800464c   Section        0  stm32f1xx_it.o(i.UsageFault_Handler)
    i.User_Buttion_Init                      0x08004650   Section        0  user.o(i.User_Buttion_Init)
    i.User_GetButton                         0x08004660   Section        0  user.o(i.User_GetButton)
    i.User_Init                              0x080046dc   Section        0  user.o(i.User_Init)
    i.User_Loop                              0x08004704   Section        0  user.o(i.User_Loop)
    i.User_time_init                         0x08004730   Section        0  user_time.o(i.User_time_init)
    i.__0printf                              0x08004740   Section        0  printfa.o(i.__0printf)
    i.__NVIC_GetPriorityGrouping             0x08004760   Section        0  stm32f1xx_hal_cortex.o(i.__NVIC_GetPriorityGrouping)
    __NVIC_GetPriorityGrouping               0x08004761   Thumb Code    10  stm32f1xx_hal_cortex.o(i.__NVIC_GetPriorityGrouping)
    i.__NVIC_SetPriority                     0x08004770   Section        0  stm32f1xx_hal_cortex.o(i.__NVIC_SetPriority)
    __NVIC_SetPriority                       0x08004771   Thumb Code    32  stm32f1xx_hal_cortex.o(i.__NVIC_SetPriority)
    i.__scatterload_copy                     0x08004798   Section       14  handlers.o(i.__scatterload_copy)
    i.__scatterload_null                     0x080047a6   Section        2  handlers.o(i.__scatterload_null)
    i.__scatterload_zeroinit                 0x080047a8   Section       14  handlers.o(i.__scatterload_zeroinit)
    i._fp_digits                             0x080047b8   Section        0  printfa.o(i._fp_digits)
    _fp_digits                               0x080047b9   Thumb Code   334  printfa.o(i._fp_digits)
    i._printf_core                           0x0800491c   Section        0  printfa.o(i._printf_core)
    _printf_core                             0x0800491d   Thumb Code  1744  printfa.o(i._printf_core)
    i._printf_post_padding                   0x08004ff8   Section        0  printfa.o(i._printf_post_padding)
    _printf_post_padding                     0x08004ff9   Thumb Code    36  printfa.o(i._printf_post_padding)
    i._printf_pre_padding                    0x0800501c   Section        0  printfa.o(i._printf_pre_padding)
    _printf_pre_padding                      0x0800501d   Thumb Code    46  printfa.o(i._printf_pre_padding)
    i.delay_init                             0x0800504c   Section        0  delay.o(i.delay_init)
    i.delay_us                               0x08005068   Section        0  delay.o(i.delay_us)
    i.errorLog                               0x080050b0   Section        0  gps_protocol.o(i.errorLog)
    i.fputc                                  0x080050cc   Section        0  serial.o(i.fputc)
    i.main                                   0x080050e8   Section        0  main.o(i.main)
    i.parseGpsBuffer                         0x08005130   Section        0  gps_protocol.o(i.parseGpsBuffer)
    i.process_uart_data                      0x08005238   Section        0  gps_protocol.o(i.process_uart_data)
    i.ringbuffer_init                        0x080052dc   Section        0  ringbuffer.o(i.ringbuffer_init)
    i.ringbuffer_is_empty                    0x080052e8   Section        0  ringbuffer.o(i.ringbuffer_is_empty)
    i.ringbuffer_is_full                     0x080052f8   Section        0  ringbuffer.o(i.ringbuffer_is_full)
    i.ringbuffer_read                        0x0800530c   Section        0  ringbuffer.o(i.ringbuffer_read)
    i.ringbuffer_write                       0x0800533e   Section        0  ringbuffer.o(i.ringbuffer_write)
    .constdata                               0x0800536e   Section       18  stm32f1xx_hal_rcc.o(.constdata)
    aPLLMULFactorTable                       0x0800536e   Data          16  stm32f1xx_hal_rcc.o(.constdata)
    aPredivFactorTable                       0x0800537e   Data           2  stm32f1xx_hal_rcc.o(.constdata)
    .constdata                               0x08005380   Section       18  stm32f1xx_hal_rcc_ex.o(.constdata)
    aPLLMULFactorTable                       0x08005380   Data          16  stm32f1xx_hal_rcc_ex.o(.constdata)
    aPredivFactorTable                       0x08005390   Data           2  stm32f1xx_hal_rcc_ex.o(.constdata)
    .constdata                               0x08005392   Section       24  system_stm32f1xx.o(.constdata)
    .data                                    0x20000000   Section        9  stm32f1xx_hal.o(.data)
    .data                                    0x2000000c   Section        4  system_stm32f1xx.o(.data)
    .data                                    0x20000010   Section        8  led_driver.o(.data)
    LED_Config                               0x20000010   Data           8  led_driver.o(.data)
    .data                                    0x20000018   Section       16  driver.o(.data)
    .data                                    0x20000028   Section        2  serial.o(.data)
    .data                                    0x2000002c   Section        4  delay.o(.data)
    g_fac_us                                 0x2000002c   Data           4  delay.o(.data)
    .data                                    0x20000030   Section       36  user.o(.data)
    userButton                               0x20000030   Data           3  user.o(.data)
    dht11_data                               0x20000033   Data           2  user.o(.data)
    fan_state                                0x20000035   Data           1  user.o(.data)
    last_manual_operation_time               0x20000038   Data           4  user.o(.data)
    last_operation_time                      0x2000003c   Data           4  user.o(.data)
    last_auto_off_time                       0x20000040   Data           4  user.o(.data)
    is_auto_control_enabled                  0x20000044   Data           1  user.o(.data)
    adc_value                                0x20000048   Data           4  user.o(.data)
    toggle_time                              0x20000050   Data           4  user.o(.data)
    .data                                    0x20000054   Section       12  user_time.o(.data)
    g_u32Userminute                          0x20000054   Data           4  user_time.o(.data)
    logButton                                0x20000058   Data           3  user_time.o(.data)
    logDHT_date                              0x2000005b   Data           2  user_time.o(.data)
    count                                    0x2000005e   Data           2  user_time.o(.data)
    .data                                    0x20000060   Section        4  stdout.o(.data)
    .bss                                     0x20000064   Section       48  adc.o(.bss)
    .bss                                     0x20000094   Section      144  tim.o(.bss)
    .bss                                     0x20000124   Section      280  usart.o(.bss)
    .bss                                     0x2000023c   Section      536  ringbuffer.o(.bss)
    .bss                                     0x20000454   Section       84  driver.o(.bss)
    .bss                                     0x200004a8   Section      512  serial.o(.bss)
    .bss                                     0x200006a8   Section      121  gps_protocol.o(.bss)
    STACK                                    0x20000728   Section     1024  startup_stm32f103xb.o(STACK)

    Global Symbols

    Symbol Name                              Value     Ov Type        Size  Object(Section)

    BuildAttributes$$THM_ISAv4$P$D$K$B$S$PE$A:L22UL41UL21$X:L11$S22US41US21$IEEE1$IW$USESV6$~STKCKD$USESV7$~SHL$OTIME$ROPI$EBA8$MICROLIB$REQ8$PRES8$EABIv2 0x00000000   Number         0  anon$$obj.o ABSOLUTE
    __ARM_use_no_argv                        0x00000000   Number         0  main.o ABSOLUTE
    _printf_a                                0x00000000   Number         0  stubs.o ABSOLUTE
    _printf_c                                0x00000000   Number         0  stubs.o ABSOLUTE
    _printf_charcount                        0x00000000   Number         0  stubs.o ABSOLUTE
    _printf_d                                0x00000000   Number         0  stubs.o ABSOLUTE
    _printf_e                                0x00000000   Number         0  stubs.o ABSOLUTE
    _printf_f                                0x00000000   Number         0  stubs.o ABSOLUTE
    _printf_flags                            0x00000000   Number         0  stubs.o ABSOLUTE
    _printf_fp_dec                           0x00000000   Number         0  stubs.o ABSOLUTE
    _printf_fp_hex                           0x00000000   Number         0  stubs.o ABSOLUTE
    _printf_g                                0x00000000   Number         0  stubs.o ABSOLUTE
    _printf_i                                0x00000000   Number         0  stubs.o ABSOLUTE
    _printf_int_dec                          0x00000000   Number         0  stubs.o ABSOLUTE
    _printf_l                                0x00000000   Number         0  stubs.o ABSOLUTE
    _printf_lc                               0x00000000   Number         0  stubs.o ABSOLUTE
    _printf_ll                               0x00000000   Number         0  stubs.o ABSOLUTE
    _printf_lld                              0x00000000   Number         0  stubs.o ABSOLUTE
    _printf_lli                              0x00000000   Number         0  stubs.o ABSOLUTE
    _printf_llo                              0x00000000   Number         0  stubs.o ABSOLUTE
    _printf_llu                              0x00000000   Number         0  stubs.o ABSOLUTE
    _printf_llx                              0x00000000   Number         0  stubs.o ABSOLUTE
    _printf_longlong_dec                     0x00000000   Number         0  stubs.o ABSOLUTE
    _printf_longlong_hex                     0x00000000   Number         0  stubs.o ABSOLUTE
    _printf_longlong_oct                     0x00000000   Number         0  stubs.o ABSOLUTE
    _printf_ls                               0x00000000   Number         0  stubs.o ABSOLUTE
    _printf_mbtowc                           0x00000000   Number         0  stubs.o ABSOLUTE
    _printf_n                                0x00000000   Number         0  stubs.o ABSOLUTE
    _printf_o                                0x00000000   Number         0  stubs.o ABSOLUTE
    _printf_p                                0x00000000   Number         0  stubs.o ABSOLUTE
    _printf_percent                          0x00000000   Number         0  stubs.o ABSOLUTE
    _printf_pre_padding                      0x00000000   Number         0  stubs.o ABSOLUTE
    _printf_return_value                     0x00000000   Number         0  stubs.o ABSOLUTE
    _printf_s                                0x00000000   Number         0  stubs.o ABSOLUTE
    _printf_sizespec                         0x00000000   Number         0  stubs.o ABSOLUTE
    _printf_str                              0x00000000   Number         0  stubs.o ABSOLUTE
    _printf_truncate_signed                  0x00000000   Number         0  stubs.o ABSOLUTE
    _printf_truncate_unsigned                0x00000000   Number         0  stubs.o ABSOLUTE
    _printf_u                                0x00000000   Number         0  stubs.o ABSOLUTE
    _printf_wc                               0x00000000   Number         0  stubs.o ABSOLUTE
    _printf_wctomb                           0x00000000   Number         0  stubs.o ABSOLUTE
    _printf_widthprec                        0x00000000   Number         0  stubs.o ABSOLUTE
    _printf_x                                0x00000000   Number         0  stubs.o ABSOLUTE
    __cpp_initialize__aeabi_                  - Undefined Weak Reference
    __cxa_finalize                            - Undefined Weak Reference
    __decompress                              - Undefined Weak Reference
    _clock_init                               - Undefined Weak Reference
    _microlib_exit                            - Undefined Weak Reference
    __Vectors_Size                           0x000000ec   Number         0  startup_stm32f103xb.o ABSOLUTE
    __Vectors                                0x08000000   Data           4  startup_stm32f103xb.o(RESET)
    __Vectors_End                            0x080000ec   Data           0  startup_stm32f103xb.o(RESET)
    __main                                   0x080000ed   Thumb Code     0  entry.o(.ARM.Collect$$$$00000000)
    _main_stk                                0x080000ed   Thumb Code     0  entry2.o(.ARM.Collect$$$$00000001)
    _main_scatterload                        0x080000f1   Thumb Code     0  entry5.o(.ARM.Collect$$$$00000004)
    __main_after_scatterload                 0x080000f5   Thumb Code     0  entry5.o(.ARM.Collect$$$$00000004)
    _main_clock                              0x080000f5   Thumb Code     0  entry7b.o(.ARM.Collect$$$$00000008)
    _main_cpp_init                           0x080000f5   Thumb Code     0  entry8b.o(.ARM.Collect$$$$0000000A)
    _main_init                               0x080000f5   Thumb Code     0  entry9a.o(.ARM.Collect$$$$0000000B)
    __rt_final_cpp                           0x080000fd   Thumb Code     0  entry10a.o(.ARM.Collect$$$$0000000D)
    __rt_final_exit                          0x080000fd   Thumb Code     0  entry11a.o(.ARM.Collect$$$$0000000F)
    Reset_Handler                            0x08000101   Thumb Code     8  startup_stm32f103xb.o(.text)
    ADC1_2_IRQHandler                        0x0800011b   Thumb Code     0  startup_stm32f103xb.o(.text)
    CAN1_RX1_IRQHandler                      0x0800011b   Thumb Code     0  startup_stm32f103xb.o(.text)
    CAN1_SCE_IRQHandler                      0x0800011b   Thumb Code     0  startup_stm32f103xb.o(.text)
    DMA1_Channel1_IRQHandler                 0x0800011b   Thumb Code     0  startup_stm32f103xb.o(.text)
    DMA1_Channel2_IRQHandler                 0x0800011b   Thumb Code     0  startup_stm32f103xb.o(.text)
    DMA1_Channel3_IRQHandler                 0x0800011b   Thumb Code     0  startup_stm32f103xb.o(.text)
    DMA1_Channel6_IRQHandler                 0x0800011b   Thumb Code     0  startup_stm32f103xb.o(.text)
    DMA1_Channel7_IRQHandler                 0x0800011b   Thumb Code     0  startup_stm32f103xb.o(.text)
    EXTI0_IRQHandler                         0x0800011b   Thumb Code     0  startup_stm32f103xb.o(.text)
    EXTI15_10_IRQHandler                     0x0800011b   Thumb Code     0  startup_stm32f103xb.o(.text)
    EXTI1_IRQHandler                         0x0800011b   Thumb Code     0  startup_stm32f103xb.o(.text)
    EXTI2_IRQHandler                         0x0800011b   Thumb Code     0  startup_stm32f103xb.o(.text)
    EXTI3_IRQHandler                         0x0800011b   Thumb Code     0  startup_stm32f103xb.o(.text)
    EXTI4_IRQHandler                         0x0800011b   Thumb Code     0  startup_stm32f103xb.o(.text)
    EXTI9_5_IRQHandler                       0x0800011b   Thumb Code     0  startup_stm32f103xb.o(.text)
    FLASH_IRQHandler                         0x0800011b   Thumb Code     0  startup_stm32f103xb.o(.text)
    I2C1_ER_IRQHandler                       0x0800011b   Thumb Code     0  startup_stm32f103xb.o(.text)
    I2C1_EV_IRQHandler                       0x0800011b   Thumb Code     0  startup_stm32f103xb.o(.text)
    I2C2_ER_IRQHandler                       0x0800011b   Thumb Code     0  startup_stm32f103xb.o(.text)
    I2C2_EV_IRQHandler                       0x0800011b   Thumb Code     0  startup_stm32f103xb.o(.text)
    PVD_IRQHandler                           0x0800011b   Thumb Code     0  startup_stm32f103xb.o(.text)
    RCC_IRQHandler                           0x0800011b   Thumb Code     0  startup_stm32f103xb.o(.text)
    RTC_Alarm_IRQHandler                     0x0800011b   Thumb Code     0  startup_stm32f103xb.o(.text)
    RTC_IRQHandler                           0x0800011b   Thumb Code     0  startup_stm32f103xb.o(.text)
    SPI1_IRQHandler                          0x0800011b   Thumb Code     0  startup_stm32f103xb.o(.text)
    SPI2_IRQHandler                          0x0800011b   Thumb Code     0  startup_stm32f103xb.o(.text)
    TAMPER_IRQHandler                        0x0800011b   Thumb Code     0  startup_stm32f103xb.o(.text)
    TIM1_BRK_IRQHandler                      0x0800011b   Thumb Code     0  startup_stm32f103xb.o(.text)
    TIM1_CC_IRQHandler                       0x0800011b   Thumb Code     0  startup_stm32f103xb.o(.text)
    TIM1_TRG_COM_IRQHandler                  0x0800011b   Thumb Code     0  startup_stm32f103xb.o(.text)
    TIM2_IRQHandler                          0x0800011b   Thumb Code     0  startup_stm32f103xb.o(.text)
    TIM3_IRQHandler                          0x0800011b   Thumb Code     0  startup_stm32f103xb.o(.text)
    TIM4_IRQHandler                          0x0800011b   Thumb Code     0  startup_stm32f103xb.o(.text)
    USART3_IRQHandler                        0x0800011b   Thumb Code     0  startup_stm32f103xb.o(.text)
    USBWakeUp_IRQHandler                     0x0800011b   Thumb Code     0  startup_stm32f103xb.o(.text)
    USB_HP_CAN1_TX_IRQHandler                0x0800011b   Thumb Code     0  startup_stm32f103xb.o(.text)
    USB_LP_CAN1_RX0_IRQHandler               0x0800011b   Thumb Code     0  startup_stm32f103xb.o(.text)
    WWDG_IRQHandler                          0x0800011b   Thumb Code     0  startup_stm32f103xb.o(.text)
    __aeabi_llsr                             0x08000125   Thumb Code    32  llushr.o(.text)
    _ll_ushift_r                             0x08000125   Thumb Code     0  llushr.o(.text)
    __aeabi_memcpy                           0x08000145   Thumb Code    36  memcpya.o(.text)
    __aeabi_memcpy4                          0x08000145   Thumb Code     0  memcpya.o(.text)
    __aeabi_memcpy8                          0x08000145   Thumb Code     0  memcpya.o(.text)
    __aeabi_memset                           0x08000169   Thumb Code    14  memseta.o(.text)
    __aeabi_memset4                          0x08000169   Thumb Code     0  memseta.o(.text)
    __aeabi_memset8                          0x08000169   Thumb Code     0  memseta.o(.text)
    __aeabi_memclr                           0x08000177   Thumb Code     4  memseta.o(.text)
    __aeabi_memclr4                          0x08000177   Thumb Code     0  memseta.o(.text)
    __aeabi_memclr8                          0x08000177   Thumb Code     0  memseta.o(.text)
    _memset$wrapper                          0x0800017b   Thumb Code    18  memseta.o(.text)
    strstr                                   0x0800018d   Thumb Code    36  strstr.o(.text)
    __aeabi_dmul                             0x080001b1   Thumb Code   228  dmul.o(.text)
    __aeabi_ddiv                             0x08000295   Thumb Code   222  ddiv.o(.text)
    __aeabi_ui2f                             0x08000373   Thumb Code    10  ffltui.o(.text)
    __aeabi_f2d                              0x0800037d   Thumb Code    38  f2d.o(.text)
    __aeabi_cdcmpeq                          0x080003a5   Thumb Code     0  cdcmple.o(.text)
    __aeabi_cdcmple                          0x080003a5   Thumb Code    48  cdcmple.o(.text)
    __aeabi_d2f                              0x080003d5   Thumb Code    56  d2f.o(.text)
    __aeabi_uidiv                            0x0800040d   Thumb Code     0  uidiv.o(.text)
    __aeabi_uidivmod                         0x0800040d   Thumb Code    44  uidiv.o(.text)
    __aeabi_uldivmod                         0x08000439   Thumb Code    98  uldiv.o(.text)
    __I$use$fp                               0x0800049b   Thumb Code     0  iusefp.o(.text)
    _float_round                             0x0800049b   Thumb Code    18  fepilogue.o(.text)
    _float_epilogue                          0x080004ad   Thumb Code    92  fepilogue.o(.text)
    _double_round                            0x08000509   Thumb Code    30  depilogue.o(.text)
    _double_epilogue                         0x08000527   Thumb Code   156  depilogue.o(.text)
    __aeabi_dadd                             0x080005c3   Thumb Code   322  dadd.o(.text)
    __aeabi_dsub                             0x08000705   Thumb Code     6  dadd.o(.text)
    __aeabi_drsub                            0x0800070b   Thumb Code     6  dadd.o(.text)
    __aeabi_d2ulz                            0x08000711   Thumb Code    48  dfixul.o(.text)
    __aeabi_cdrcmple                         0x08000741   Thumb Code    48  cdrcmple.o(.text)
    __scatterload                            0x08000771   Thumb Code    28  init.o(.text)
    __scatterload_rt2                        0x08000771   Thumb Code     0  init.o(.text)
    __aeabi_llsl                             0x08000795   Thumb Code    30  llshl.o(.text)
    _ll_shift_l                              0x08000795   Thumb Code     0  llshl.o(.text)
    __aeabi_lasr                             0x080007b3   Thumb Code    36  llsshr.o(.text)
    _ll_sshift_r                             0x080007b3   Thumb Code     0  llsshr.o(.text)
    ADC_ConversionStop_Disable               0x080007d7   Thumb Code    92  stm32f1xx_hal_adc.o(i.ADC_ConversionStop_Disable)
    ADC_Enable                               0x08000835   Thumb Code   134  stm32f1xx_hal_adc.o(i.ADC_Enable)
    Adc_get_data                             0x080008c5   Thumb Code    42  user.o(i.Adc_get_data)
    BusFault_Handler                         0x08000909   Thumb Code     4  stm32f1xx_it.o(i.BusFault_Handler)
    Button_GetEvent                          0x0800090d   Thumb Code    64  key_driver.o(i.Button_GetEvent)
    Button_Init                              0x0800094d   Thumb Code   160  key_driver.o(i.Button_Init)
    Button_Output                            0x080009fd   Thumb Code    24  user.o(i.Button_Output)
    DHT11_GPIO_Set_Input                     0x08000a19   Thumb Code    36  dht11_driver.o(i.DHT11_GPIO_Set_Input)
    DHT11_GPIO_Set_Output                    0x08000a3d   Thumb Code    40  dht11_driver.o(i.DHT11_GPIO_Set_Output)
    DHT11_Get                                0x08000a65   Thumb Code    16  user.o(i.DHT11_Get)
    DHT11_Read                               0x08000a79   Thumb Code   216  dht11_driver.o(i.DHT11_Read)
    DMA1_Channel4_IRQHandler                 0x08000bdd   Thumb Code    10  stm32f1xx_it.o(i.DMA1_Channel4_IRQHandler)
    DMA1_Channel5_IRQHandler                 0x08000bed   Thumb Code    10  stm32f1xx_it.o(i.DMA1_Channel5_IRQHandler)
    DebugMon_Handler                         0x08000c29   Thumb Code     2  stm32f1xx_it.o(i.DebugMon_Handler)
    Discharge_Control                        0x08000c2d   Thumb Code   110  user.o(i.Discharge_Control)
    Driver_Init                              0x08000cbd   Thumb Code   114  driver.o(i.Driver_Init)
    Error_Handler                            0x08000d59   Thumb Code     6  main.o(i.Error_Handler)
    Fan_Control                              0x08000d61   Thumb Code    88  user.o(i.Fan_Control)
    Gps_start                                0x08000dc5   Thumb Code    24  user.o(i.Gps_start)
    HAL_ADCEx_Calibration_Start              0x08000de1   Thumb Code   278  stm32f1xx_hal_adc_ex.o(i.HAL_ADCEx_Calibration_Start)
    HAL_ADC_ConfigChannel                    0x08000efd   Thumb Code   338  stm32f1xx_hal_adc.o(i.HAL_ADC_ConfigChannel)
    HAL_ADC_GetValue                         0x0800105d   Thumb Code     8  stm32f1xx_hal_adc.o(i.HAL_ADC_GetValue)
    HAL_ADC_Init                             0x08001065   Thumb Code   314  stm32f1xx_hal_adc.o(i.HAL_ADC_Init)
    HAL_ADC_MspInit                          0x080011a9   Thumb Code    98  adc.o(i.HAL_ADC_MspInit)
    HAL_ADC_PollForConversion                0x08001219   Thumb Code   366  stm32f1xx_hal_adc.o(i.HAL_ADC_PollForConversion)
    HAL_ADC_Start                            0x08001399   Thumb Code   294  stm32f1xx_hal_adc.o(i.HAL_ADC_Start)
    HAL_DMA_Abort                            0x080014c9   Thumb Code    86  stm32f1xx_hal_dma.o(i.HAL_DMA_Abort)
    HAL_DMA_Abort_IT                         0x08001521   Thumb Code   172  stm32f1xx_hal_dma.o(i.HAL_DMA_Abort_IT)
    HAL_DMA_IRQHandler                       0x080015d1   Thumb Code   408  stm32f1xx_hal_dma.o(i.HAL_DMA_IRQHandler)
    HAL_DMA_Init                             0x0800176d   Thumb Code   100  stm32f1xx_hal_dma.o(i.HAL_DMA_Init)
    HAL_DMA_Start_IT                         0x080017d5   Thumb Code   156  stm32f1xx_hal_dma.o(i.HAL_DMA_Start_IT)
    HAL_Delay                                0x08001871   Thumb Code    36  stm32f1xx_hal.o(i.HAL_Delay)
    HAL_GPIO_Init                            0x08001899   Thumb Code   766  stm32f1xx_hal_gpio.o(i.HAL_GPIO_Init)
    HAL_GPIO_ReadPin                         0x08001bb9   Thumb Code    16  stm32f1xx_hal_gpio.o(i.HAL_GPIO_ReadPin)
    HAL_GPIO_TogglePin                       0x08001bc9   Thumb Code    20  stm32f1xx_hal_gpio.o(i.HAL_GPIO_TogglePin)
    HAL_GPIO_WritePin                        0x08001bdd   Thumb Code    12  stm32f1xx_hal_gpio.o(i.HAL_GPIO_WritePin)
    HAL_GetTick                              0x08001be9   Thumb Code     6  stm32f1xx_hal.o(i.HAL_GetTick)
    HAL_IncTick                              0x08001bf5   Thumb Code    16  stm32f1xx_hal.o(i.HAL_IncTick)
    HAL_Init                                 0x08001c0d   Thumb Code    34  stm32f1xx_hal.o(i.HAL_Init)
    HAL_InitTick                             0x08001c35   Thumb Code    64  stm32f1xx_hal.o(i.HAL_InitTick)
    HAL_MspInit                              0x08001c81   Thumb Code    76  stm32f1xx_hal_msp.o(i.HAL_MspInit)
    HAL_NVIC_DisableIRQ                      0x08001cd5   Thumb Code    62  stm32f1xx_hal_cortex.o(i.HAL_NVIC_DisableIRQ)
    HAL_NVIC_EnableIRQ                       0x08001d19   Thumb Code    32  stm32f1xx_hal_cortex.o(i.HAL_NVIC_EnableIRQ)
    HAL_NVIC_SetPriority                     0x08001d39   Thumb Code   124  stm32f1xx_hal_cortex.o(i.HAL_NVIC_SetPriority)
    HAL_NVIC_SetPriorityGrouping             0x08001db5   Thumb Code    32  stm32f1xx_hal_cortex.o(i.HAL_NVIC_SetPriorityGrouping)
    HAL_RCCEx_GetPeriphCLKFreq               0x08001ddd   Thumb Code   232  stm32f1xx_hal_rcc_ex.o(i.HAL_RCCEx_GetPeriphCLKFreq)
    HAL_RCCEx_PeriphCLKConfig                0x08001ed9   Thumb Code   290  stm32f1xx_hal_rcc_ex.o(i.HAL_RCCEx_PeriphCLKConfig)
    HAL_RCC_ClockConfig                      0x08002009   Thumb Code   376  stm32f1xx_hal_rcc.o(i.HAL_RCC_ClockConfig)
    HAL_RCC_GetHCLKFreq                      0x08002195   Thumb Code     6  stm32f1xx_hal_rcc.o(i.HAL_RCC_GetHCLKFreq)
    HAL_RCC_GetPCLK1Freq                     0x080021a1   Thumb Code    22  stm32f1xx_hal_rcc.o(i.HAL_RCC_GetPCLK1Freq)
    HAL_RCC_GetPCLK2Freq                     0x080021c1   Thumb Code    22  stm32f1xx_hal_rcc.o(i.HAL_RCC_GetPCLK2Freq)
    HAL_RCC_GetSysClockFreq                  0x080021e1   Thumb Code    92  stm32f1xx_hal_rcc.o(i.HAL_RCC_GetSysClockFreq)
    HAL_RCC_OscConfig                        0x08002251   Thumb Code  1114  stm32f1xx_hal_rcc.o(i.HAL_RCC_OscConfig)
    HAL_SYSTICK_Config                       0x080026b5   Thumb Code    52  stm32f1xx_hal_cortex.o(i.HAL_SYSTICK_Config)
    HAL_TIMEx_BreakCallback                  0x080026e9   Thumb Code     2  stm32f1xx_hal_tim_ex.o(i.HAL_TIMEx_BreakCallback)
    HAL_TIMEx_CommutCallback                 0x080026eb   Thumb Code     2  stm32f1xx_hal_tim_ex.o(i.HAL_TIMEx_CommutCallback)
    HAL_TIMEx_MasterConfigSynchronization    0x080026ed   Thumb Code   118  stm32f1xx_hal_tim_ex.o(i.HAL_TIMEx_MasterConfigSynchronization)
    HAL_TIM_Base_Init                        0x08002771   Thumb Code   102  stm32f1xx_hal_tim.o(i.HAL_TIM_Base_Init)
    HAL_TIM_Base_MspInit                     0x080027d9   Thumb Code    96  tim.o(i.HAL_TIM_Base_MspInit)
    HAL_TIM_Base_Start_IT                    0x08002841   Thumb Code   106  stm32f1xx_hal_tim.o(i.HAL_TIM_Base_Start_IT)
    HAL_TIM_ConfigClockSource                0x080028b9   Thumb Code   268  stm32f1xx_hal_tim.o(i.HAL_TIM_ConfigClockSource)
    HAL_TIM_IC_CaptureCallback               0x080029c5   Thumb Code     2  stm32f1xx_hal_tim.o(i.HAL_TIM_IC_CaptureCallback)
    HAL_TIM_IRQHandler                       0x080029c7   Thumb Code   364  stm32f1xx_hal_tim.o(i.HAL_TIM_IRQHandler)
    HAL_TIM_MspPostInit                      0x08002b35   Thumb Code   142  tim.o(i.HAL_TIM_MspPostInit)
    HAL_TIM_OC_DelayElapsedCallback          0x08002bd5   Thumb Code     2  stm32f1xx_hal_tim.o(i.HAL_TIM_OC_DelayElapsedCallback)
    HAL_TIM_PWM_ConfigChannel                0x08002bd7   Thumb Code   260  stm32f1xx_hal_tim.o(i.HAL_TIM_PWM_ConfigChannel)
    HAL_TIM_PWM_Init                         0x08002cdb   Thumb Code   102  stm32f1xx_hal_tim.o(i.HAL_TIM_PWM_Init)
    HAL_TIM_PWM_MspInit                      0x08002d41   Thumb Code     2  stm32f1xx_hal_tim.o(i.HAL_TIM_PWM_MspInit)
    HAL_TIM_PWM_PulseFinishedCallback        0x08002d43   Thumb Code     2  stm32f1xx_hal_tim.o(i.HAL_TIM_PWM_PulseFinishedCallback)
    HAL_TIM_PWM_Start                        0x08002d45   Thumb Code   198  stm32f1xx_hal_tim.o(i.HAL_TIM_PWM_Start)
    HAL_TIM_PeriodElapsedCallback            0x08002e19   Thumb Code   154  user_time.o(i.HAL_TIM_PeriodElapsedCallback)
    HAL_TIM_TriggerCallback                  0x08002f35   Thumb Code     2  stm32f1xx_hal_tim.o(i.HAL_TIM_TriggerCallback)
    HAL_UARTEx_ReceiveToIdle_DMA             0x08002f37   Thumb Code   112  stm32f1xx_hal_uart.o(i.HAL_UARTEx_ReceiveToIdle_DMA)
    HAL_UARTEx_RxEventCallback               0x08002fa9   Thumb Code    88  serial.o(i.HAL_UARTEx_RxEventCallback)
    HAL_UART_ErrorCallback                   0x08003011   Thumb Code     2  stm32f1xx_hal_uart.o(i.HAL_UART_ErrorCallback)
    HAL_UART_IRQHandler                      0x08003015   Thumb Code   736  stm32f1xx_hal_uart.o(i.HAL_UART_IRQHandler)
    HAL_UART_Init                            0x080032f9   Thumb Code   118  stm32f1xx_hal_uart.o(i.HAL_UART_Init)
    HAL_UART_MspInit                         0x08003371   Thumb Code   358  usart.o(i.HAL_UART_MspInit)
    HAL_UART_RxCpltCallback                  0x080034f5   Thumb Code     2  stm32f1xx_hal_uart.o(i.HAL_UART_RxCpltCallback)
    HAL_UART_RxHalfCpltCallback              0x080034f7   Thumb Code     2  stm32f1xx_hal_uart.o(i.HAL_UART_RxHalfCpltCallback)
    HAL_UART_Transmit                        0x080034f9   Thumb Code   190  stm32f1xx_hal_uart.o(i.HAL_UART_Transmit)
    HAL_UART_Transmit_DMA                    0x080035b9   Thumb Code   128  stm32f1xx_hal_uart.o(i.HAL_UART_Transmit_DMA)
    HAL_UART_TxCpltCallback                  0x08003645   Thumb Code    72  serial.o(i.HAL_UART_TxCpltCallback)
    HAL_UART_TxHalfCpltCallback              0x08003699   Thumb Code     2  stm32f1xx_hal_uart.o(i.HAL_UART_TxHalfCpltCallback)
    HardFault_Handler                        0x0800369b   Thumb Code     4  stm32f1xx_it.o(i.HardFault_Handler)
    Is_Timeout                               0x0800369f   Thumb Code    24  user.o(i.Is_Timeout)
    LED_Init                                 0x080036b9   Thumb Code   134  led_driver.o(i.LED_Init)
    LED_Off                                  0x08003751   Thumb Code    16  led_driver.o(i.LED_Off)
    LED_On                                   0x08003761   Thumb Code    16  led_driver.o(i.LED_On)
    LED_PWM_Init                             0x08003771   Thumb Code    16  led_driver.o(i.LED_PWM_Init)
    LED_SetBrightness                        0x08003781   Thumb Code    56  led_driver.o(i.LED_SetBrightness)
    LED_Toggle                               0x080037b9   Thumb Code    14  led_driver.o(i.LED_Toggle)
    Light_Control                            0x080037c9   Thumb Code    74  user.o(i.Light_Control)
    MX_ADC1_Init                             0x08003819   Thumb Code    82  adc.o(i.MX_ADC1_Init)
    MX_DMA_Init                              0x08003875   Thumb Code    64  dma.o(i.MX_DMA_Init)
    MX_GPIO_Init                             0x080038b9   Thumb Code   180  gpio.o(i.MX_GPIO_Init)
    MX_TIM1_Init                             0x08003979   Thumb Code   102  tim.o(i.MX_TIM1_Init)
    MX_TIM2_Init                             0x080039e9   Thumb Code   204  tim.o(i.MX_TIM2_Init)
    MX_USART1_UART_Init                      0x08003ab9   Thumb Code    46  usart.o(i.MX_USART1_UART_Init)
    MX_USART2_UART_Init                      0x08003af1   Thumb Code    46  usart.o(i.MX_USART2_UART_Init)
    MemManage_Handler                        0x08003b29   Thumb Code     4  stm32f1xx_it.o(i.MemManage_Handler)
    Motor_Init                               0x08003b2d   Thumb Code    22  ln298motor_driver.o(i.Motor_Init)
    Motor_Set_DieSpeed                       0x08003b43   Thumb Code    54  ln298motor_driver.o(i.Motor_Set_DieSpeed)
    NMI_Handler                              0x08003b79   Thumb Code     4  stm32f1xx_it.o(i.NMI_Handler)
    PWM_Init                                 0x08003b7d   Thumb Code    16  ln298motor_driver.o(i.PWM_Init)
    PWM_SetDuty                              0x08003b8d   Thumb Code    56  ln298motor_driver.o(i.PWM_SetDuty)
    PendSV_Handler                           0x08003bc5   Thumb Code     2  stm32f1xx_it.o(i.PendSV_Handler)
    SVC_Handler                              0x08003bf1   Thumb Code     2  stm32f1xx_it.o(i.SVC_Handler)
    SysTick_Handler                          0x08003bf3   Thumb Code     8  stm32f1xx_it.o(i.SysTick_Handler)
    SystemClock_Config                       0x08003bfb   Thumb Code   132  main.o(i.SystemClock_Config)
    SystemInit                               0x08003c7f   Thumb Code     2  system_stm32f1xx.o(i.SystemInit)
    TIM1_UP_IRQHandler                       0x08003c81   Thumb Code    10  stm32f1xx_it.o(i.TIM1_UP_IRQHandler)
    TIM_Base_SetConfig                       0x08003c91   Thumb Code   120  stm32f1xx_hal_tim.o(i.TIM_Base_SetConfig)
    TIM_CCxChannelCmd                        0x08003d15   Thumb Code    34  stm32f1xx_hal_tim.o(i.TIM_CCxChannelCmd)
    TIM_ETR_SetConfig                        0x08003d37   Thumb Code    22  stm32f1xx_hal_tim.o(i.TIM_ETR_SetConfig)
    TIM_OC2_SetConfig                        0x08003dc1   Thumb Code   100  stm32f1xx_hal_tim.o(i.TIM_OC2_SetConfig)
    Temperature_Control                      0x08003f29   Thumb Code   158  user.o(i.Temperature_Control)
    UART_DMA_Init                            0x08004195   Thumb Code    18  serial.o(i.UART_DMA_Init)
    UART_Driver_Init                         0x080041ad   Thumb Code    24  serial.o(i.UART_Driver_Init)
    UART_Start_Receive_DMA                   0x08004479   Thumb Code   186  stm32f1xx_hal_uart.o(i.UART_Start_Receive_DMA)
    USART1_IRQHandler                        0x0800462d   Thumb Code    10  stm32f1xx_it.o(i.USART1_IRQHandler)
    USART2_IRQHandler                        0x0800463d   Thumb Code    10  stm32f1xx_it.o(i.USART2_IRQHandler)
    UsageFault_Handler                       0x0800464d   Thumb Code     4  stm32f1xx_it.o(i.UsageFault_Handler)
    User_Buttion_Init                        0x08004651   Thumb Code    12  user.o(i.User_Buttion_Init)
    User_GetButton                           0x08004661   Thumb Code   106  user.o(i.User_GetButton)
    User_Init                                0x080046dd   Thumb Code    32  user.o(i.User_Init)
    User_Loop                                0x08004705   Thumb Code    38  user.o(i.User_Loop)
    User_time_init                           0x08004731   Thumb Code    10  user_time.o(i.User_time_init)
    __0printf                                0x08004741   Thumb Code    22  printfa.o(i.__0printf)
    __1printf                                0x08004741   Thumb Code     0  printfa.o(i.__0printf)
    __2printf                                0x08004741   Thumb Code     0  printfa.o(i.__0printf)
    __c89printf                              0x08004741   Thumb Code     0  printfa.o(i.__0printf)
    printf                                   0x08004741   Thumb Code     0  printfa.o(i.__0printf)
    __scatterload_copy                       0x08004799   Thumb Code    14  handlers.o(i.__scatterload_copy)
    __scatterload_null                       0x080047a7   Thumb Code     2  handlers.o(i.__scatterload_null)
    __scatterload_zeroinit                   0x080047a9   Thumb Code    14  handlers.o(i.__scatterload_zeroinit)
    delay_init                               0x0800504d   Thumb Code    18  delay.o(i.delay_init)
    delay_us                                 0x08005069   Thumb Code    68  delay.o(i.delay_us)
    errorLog                                 0x080050b1   Thumb Code    14  gps_protocol.o(i.errorLog)
    fputc                                    0x080050cd   Thumb Code    22  serial.o(i.fputc)
    main                                     0x080050e9   Thumb Code    54  main.o(i.main)
    parseGpsBuffer                           0x08005131   Thumb Code   234  gps_protocol.o(i.parseGpsBuffer)
    process_uart_data                        0x08005239   Thumb Code   150  gps_protocol.o(i.process_uart_data)
    ringbuffer_init                          0x080052dd   Thumb Code    12  ringbuffer.o(i.ringbuffer_init)
    ringbuffer_is_empty                      0x080052e9   Thumb Code    16  ringbuffer.o(i.ringbuffer_is_empty)
    ringbuffer_is_full                       0x080052f9   Thumb Code    20  ringbuffer.o(i.ringbuffer_is_full)
    ringbuffer_read                          0x0800530d   Thumb Code    50  ringbuffer.o(i.ringbuffer_read)
    ringbuffer_write                         0x0800533f   Thumb Code    48  ringbuffer.o(i.ringbuffer_write)
    AHBPrescTable                            0x08005392   Data          16  system_stm32f1xx.o(.constdata)
    APBPrescTable                            0x080053a2   Data           8  system_stm32f1xx.o(.constdata)
    Region$$Table$$Base                      0x080053ac   Number         0  anon$$obj.o(Region$$Table)
    Region$$Table$$Limit                     0x080053cc   Number         0  anon$$obj.o(Region$$Table)
    uwTick                                   0x20000000   Data           4  stm32f1xx_hal.o(.data)
    uwTickPrio                               0x20000004   Data           4  stm32f1xx_hal.o(.data)
    uwTickFreq                               0x20000008   Data           1  stm32f1xx_hal.o(.data)
    SystemCoreClock                          0x2000000c   Data           4  system_stm32f1xx.o(.data)
    hgps_led                                 0x20000018   Data           8  driver.o(.data)
    hbat_led                                 0x20000020   Data           8  driver.o(.data)
    g_data_ready_flag                        0x20000028   Data           1  serial.o(.data)
    send_in_progress                         0x20000029   Data           1  serial.o(.data)
    fvolt_value                              0x2000004c   Data           4  user.o(.data)
    __stdout                                 0x20000060   Data           4  stdout.o(.data)
    hadc1                                    0x20000064   Data          48  adc.o(.bss)
    htim1                                    0x20000094   Data          72  tim.o(.bss)
    htim2                                    0x200000dc   Data          72  tim.o(.bss)
    huart1                                   0x20000124   Data          72  usart.o(.bss)
    huart2                                   0x2000016c   Data          72  usart.o(.bss)
    hdma_usart1_rx                           0x200001b4   Data          68  usart.o(.bss)
    hdma_usart1_tx                           0x200001f8   Data          68  usart.o(.bss)
    husart_rx_rb                             0x2000023c   Data         268  ringbuffer.o(.bss)
    husart_tx_rb                             0x20000348   Data         268  ringbuffer.o(.bss)
    hMotor                                   0x20000454   Data          36  driver.o(.bss)
    hButton1                                 0x20000478   Data          16  driver.o(.bss)
    hButton2                                 0x20000488   Data          16  driver.o(.bss)
    hButton3                                 0x20000498   Data          16  driver.o(.bss)
    uart_rx_dma_buffer                       0x200004a8   Data         256  serial.o(.bss)
    send_buffer                              0x200005a8   Data         256  serial.o(.bss)
    Save_Data                                0x200006a8   Data         121  gps_protocol.o(.bss)
    __initial_sp                             0x20000b28   Data           0  startup_stm32f103xb.o(STACK)



==============================================================================

Memory Map of the image

  Image Entry point : 0x080000ed

  Load Region LR_IROM1 (Base: 0x08000000, Size: 0x00005430, Max: 0x00010000, ABSOLUTE)

    Execution Region ER_IROM1 (Exec base: 0x08000000, Load base: 0x08000000, Size: 0x000053cc, Max: 0x00010000, ABSOLUTE)

    Exec Addr    Load Addr    Size         Type   Attr      Idx    E Section Name        Object

    0x08000000   0x08000000   0x000000ec   Data   RO            3    RESET               startup_stm32f103xb.o
    0x080000ec   0x080000ec   0x00000000   Code   RO         3939  * .ARM.Collect$$$$00000000  mc_w.l(entry.o)
    0x080000ec   0x080000ec   0x00000004   Code   RO         4225    .ARM.Collect$$$$00000001  mc_w.l(entry2.o)
    0x080000f0   0x080000f0   0x00000004   Code   RO         4228    .ARM.Collect$$$$00000004  mc_w.l(entry5.o)
    0x080000f4   0x080000f4   0x00000000   Code   RO         4230    .ARM.Collect$$$$00000008  mc_w.l(entry7b.o)
    0x080000f4   0x080000f4   0x00000000   Code   RO         4232    .ARM.Collect$$$$0000000A  mc_w.l(entry8b.o)
    0x080000f4   0x080000f4   0x00000008   Code   RO         4233    .ARM.Collect$$$$0000000B  mc_w.l(entry9a.o)
    0x080000fc   0x080000fc   0x00000000   Code   RO         4235    .ARM.Collect$$$$0000000D  mc_w.l(entry10a.o)
    0x080000fc   0x080000fc   0x00000000   Code   RO         4237    .ARM.Collect$$$$0000000F  mc_w.l(entry11a.o)
    0x080000fc   0x080000fc   0x00000004   Code   RO         4226    .ARM.Collect$$$$00002712  mc_w.l(entry2.o)
    0x08000100   0x08000100   0x00000024   Code   RO            4    .text               startup_stm32f103xb.o
    0x08000124   0x08000124   0x00000020   Code   RO         3942    .text               mc_w.l(llushr.o)
    0x08000144   0x08000144   0x00000024   Code   RO         3944    .text               mc_w.l(memcpya.o)
    0x08000168   0x08000168   0x00000024   Code   RO         3946    .text               mc_w.l(memseta.o)
    0x0800018c   0x0800018c   0x00000024   Code   RO         3948    .text               mc_w.l(strstr.o)
    0x080001b0   0x080001b0   0x000000e4   Code   RO         4213    .text               mf_w.l(dmul.o)
    0x08000294   0x08000294   0x000000de   Code   RO         4215    .text               mf_w.l(ddiv.o)
    0x08000372   0x08000372   0x0000000a   Code   RO         4217    .text               mf_w.l(ffltui.o)
    0x0800037c   0x0800037c   0x00000026   Code   RO         4219    .text               mf_w.l(f2d.o)
    0x080003a2   0x080003a2   0x00000002   PAD
    0x080003a4   0x080003a4   0x00000030   Code   RO         4221    .text               mf_w.l(cdcmple.o)
    0x080003d4   0x080003d4   0x00000038   Code   RO         4223    .text               mf_w.l(d2f.o)
    0x0800040c   0x0800040c   0x0000002c   Code   RO         4240    .text               mc_w.l(uidiv.o)
    0x08000438   0x08000438   0x00000062   Code   RO         4242    .text               mc_w.l(uldiv.o)
    0x0800049a   0x0800049a   0x00000000   Code   RO         4244    .text               mc_w.l(iusefp.o)
    0x0800049a   0x0800049a   0x0000006e   Code   RO         4245    .text               mf_w.l(fepilogue.o)
    0x08000508   0x08000508   0x000000ba   Code   RO         4247    .text               mf_w.l(depilogue.o)
    0x080005c2   0x080005c2   0x0000014e   Code   RO         4249    .text               mf_w.l(dadd.o)
    0x08000710   0x08000710   0x00000030   Code   RO         4251    .text               mf_w.l(dfixul.o)
    0x08000740   0x08000740   0x00000030   Code   RO         4253    .text               mf_w.l(cdrcmple.o)
    0x08000770   0x08000770   0x00000024   Code   RO         4255    .text               mc_w.l(init.o)
    0x08000794   0x08000794   0x0000001e   Code   RO         4257    .text               mc_w.l(llshl.o)
    0x080007b2   0x080007b2   0x00000024   Code   RO         4259    .text               mc_w.l(llsshr.o)
    0x080007d6   0x080007d6   0x0000005c   Code   RO          526    i.ADC_ConversionStop_Disable  stm32f1xx_hal_adc.o
    0x08000832   0x08000832   0x00000002   PAD
    0x08000834   0x08000834   0x00000090   Code   RO          530    i.ADC_Enable        stm32f1xx_hal_adc.o
    0x080008c4   0x080008c4   0x00000044   Code   RO         3712    i.Adc_get_data      user.o
    0x08000908   0x08000908   0x00000004   Code   RO          360    i.BusFault_Handler  stm32f1xx_it.o
    0x0800090c   0x0800090c   0x00000040   Code   RO         3256    i.Button_GetEvent   key_driver.o
    0x0800094c   0x0800094c   0x000000b0   Code   RO         3257    i.Button_Init       key_driver.o
    0x080009fc   0x080009fc   0x0000001c   Code   RO         3713    i.Button_Output     user.o
    0x08000a18   0x08000a18   0x00000024   Code   RO         3204    i.DHT11_GPIO_Set_Input  dht11_driver.o
    0x08000a3c   0x08000a3c   0x00000028   Code   RO         3205    i.DHT11_GPIO_Set_Output  dht11_driver.o
    0x08000a64   0x08000a64   0x00000014   Code   RO         3714    i.DHT11_Get         user.o
    0x08000a78   0x08000a78   0x000000d8   Code   RO         3206    i.DHT11_Read        dht11_driver.o
    0x08000b50   0x08000b50   0x00000060   Code   RO         3207    i.DHT11_Read_Bit    dht11_driver.o
    0x08000bb0   0x08000bb0   0x0000002a   Code   RO         3208    i.DHT11_Read_Byte   dht11_driver.o
    0x08000bda   0x08000bda   0x00000002   PAD
    0x08000bdc   0x08000bdc   0x00000010   Code   RO          361    i.DMA1_Channel4_IRQHandler  stm32f1xx_it.o
    0x08000bec   0x08000bec   0x00000010   Code   RO          362    i.DMA1_Channel5_IRQHandler  stm32f1xx_it.o
    0x08000bfc   0x08000bfc   0x0000002c   Code   RO         1187    i.DMA_SetConfig     stm32f1xx_hal_dma.o
    0x08000c28   0x08000c28   0x00000002   Code   RO          363    i.DebugMon_Handler  stm32f1xx_it.o
    0x08000c2a   0x08000c2a   0x00000002   PAD
    0x08000c2c   0x08000c2c   0x00000090   Code   RO         3715    i.Discharge_Control  user.o
    0x08000cbc   0x08000cbc   0x0000009c   Code   RO         3408    i.Driver_Init       driver.o
    0x08000d58   0x08000d58   0x00000006   Code   RO           13    i.Error_Handler     main.o
    0x08000d5e   0x08000d5e   0x00000002   PAD
    0x08000d60   0x08000d60   0x00000064   Code   RO         3716    i.Fan_Control       user.o
    0x08000dc4   0x08000dc4   0x0000001c   Code   RO         3717    i.Gps_start         user.o
    0x08000de0   0x08000de0   0x0000011c   Code   RO          706    i.HAL_ADCEx_Calibration_Start  stm32f1xx_hal_adc_ex.o
    0x08000efc   0x08000efc   0x00000160   Code   RO          532    i.HAL_ADC_ConfigChannel  stm32f1xx_hal_adc.o
    0x0800105c   0x0800105c   0x00000008   Code   RO          539    i.HAL_ADC_GetValue  stm32f1xx_hal_adc.o
    0x08001064   0x08001064   0x00000144   Code   RO          541    i.HAL_ADC_Init      stm32f1xx_hal_adc.o
    0x080011a8   0x080011a8   0x00000070   Code   RO          193    i.HAL_ADC_MspInit   adc.o
    0x08001218   0x08001218   0x00000180   Code   RO          545    i.HAL_ADC_PollForConversion  stm32f1xx_hal_adc.o
    0x08001398   0x08001398   0x00000130   Code   RO          547    i.HAL_ADC_Start     stm32f1xx_hal_adc.o
    0x080014c8   0x080014c8   0x00000056   Code   RO         1188    i.HAL_DMA_Abort     stm32f1xx_hal_dma.o
    0x0800151e   0x0800151e   0x00000002   PAD
    0x08001520   0x08001520   0x000000b0   Code   RO         1189    i.HAL_DMA_Abort_IT  stm32f1xx_hal_dma.o
    0x080015d0   0x080015d0   0x0000019c   Code   RO         1193    i.HAL_DMA_IRQHandler  stm32f1xx_hal_dma.o
    0x0800176c   0x0800176c   0x00000068   Code   RO         1194    i.HAL_DMA_Init      stm32f1xx_hal_dma.o
    0x080017d4   0x080017d4   0x0000009c   Code   RO         1198    i.HAL_DMA_Start_IT  stm32f1xx_hal_dma.o
    0x08001870   0x08001870   0x00000028   Code   RO          809    i.HAL_Delay         stm32f1xx_hal.o
    0x08001898   0x08001898   0x00000320   Code   RO         1124    i.HAL_GPIO_Init     stm32f1xx_hal_gpio.o
    0x08001bb8   0x08001bb8   0x00000010   Code   RO         1126    i.HAL_GPIO_ReadPin  stm32f1xx_hal_gpio.o
    0x08001bc8   0x08001bc8   0x00000014   Code   RO         1127    i.HAL_GPIO_TogglePin  stm32f1xx_hal_gpio.o
    0x08001bdc   0x08001bdc   0x0000000c   Code   RO         1128    i.HAL_GPIO_WritePin  stm32f1xx_hal_gpio.o
    0x08001be8   0x08001be8   0x0000000c   Code   RO          813    i.HAL_GetTick       stm32f1xx_hal.o
    0x08001bf4   0x08001bf4   0x00000018   Code   RO          819    i.HAL_IncTick       stm32f1xx_hal.o
    0x08001c0c   0x08001c0c   0x00000028   Code   RO          820    i.HAL_Init          stm32f1xx_hal.o
    0x08001c34   0x08001c34   0x0000004c   Code   RO          821    i.HAL_InitTick      stm32f1xx_hal.o
    0x08001c80   0x08001c80   0x00000054   Code   RO          466    i.HAL_MspInit       stm32f1xx_hal_msp.o
    0x08001cd4   0x08001cd4   0x00000044   Code   RO         1283    i.HAL_NVIC_DisableIRQ  stm32f1xx_hal_cortex.o
    0x08001d18   0x08001d18   0x00000020   Code   RO         1284    i.HAL_NVIC_EnableIRQ  stm32f1xx_hal_cortex.o
    0x08001d38   0x08001d38   0x0000007c   Code   RO         1290    i.HAL_NVIC_SetPriority  stm32f1xx_hal_cortex.o
    0x08001db4   0x08001db4   0x00000028   Code   RO         1291    i.HAL_NVIC_SetPriorityGrouping  stm32f1xx_hal_cortex.o
    0x08001ddc   0x08001ddc   0x000000fc   Code   RO         1085    i.HAL_RCCEx_GetPeriphCLKFreq  stm32f1xx_hal_rcc_ex.o
    0x08001ed8   0x08001ed8   0x00000130   Code   RO         1086    i.HAL_RCCEx_PeriphCLKConfig  stm32f1xx_hal_rcc_ex.o
    0x08002008   0x08002008   0x0000018c   Code   RO          977    i.HAL_RCC_ClockConfig  stm32f1xx_hal_rcc.o
    0x08002194   0x08002194   0x0000000c   Code   RO          982    i.HAL_RCC_GetHCLKFreq  stm32f1xx_hal_rcc.o
    0x080021a0   0x080021a0   0x00000020   Code   RO          984    i.HAL_RCC_GetPCLK1Freq  stm32f1xx_hal_rcc.o
    0x080021c0   0x080021c0   0x00000020   Code   RO          985    i.HAL_RCC_GetPCLK2Freq  stm32f1xx_hal_rcc.o
    0x080021e0   0x080021e0   0x00000070   Code   RO          986    i.HAL_RCC_GetSysClockFreq  stm32f1xx_hal_rcc.o
    0x08002250   0x08002250   0x00000464   Code   RO          989    i.HAL_RCC_OscConfig  stm32f1xx_hal_rcc.o
    0x080026b4   0x080026b4   0x00000034   Code   RO         1295    i.HAL_SYSTICK_Config  stm32f1xx_hal_cortex.o
    0x080026e8   0x080026e8   0x00000002   Code   RO         2527    i.HAL_TIMEx_BreakCallback  stm32f1xx_hal_tim_ex.o
    0x080026ea   0x080026ea   0x00000002   Code   RO         2528    i.HAL_TIMEx_CommutCallback  stm32f1xx_hal_tim_ex.o
    0x080026ec   0x080026ec   0x00000084   Code   RO         2546    i.HAL_TIMEx_MasterConfigSynchronization  stm32f1xx_hal_tim_ex.o
    0x08002770   0x08002770   0x00000066   Code   RO         1812    i.HAL_TIM_Base_Init  stm32f1xx_hal_tim.o
    0x080027d6   0x080027d6   0x00000002   PAD
    0x080027d8   0x080027d8   0x00000068   Code   RO          259    i.HAL_TIM_Base_MspInit  tim.o
    0x08002840   0x08002840   0x00000078   Code   RO         1817    i.HAL_TIM_Base_Start_IT  stm32f1xx_hal_tim.o
    0x080028b8   0x080028b8   0x0000010c   Code   RO         1821    i.HAL_TIM_ConfigClockSource  stm32f1xx_hal_tim.o
    0x080029c4   0x080029c4   0x00000002   Code   RO         1846    i.HAL_TIM_IC_CaptureCallback  stm32f1xx_hal_tim.o
    0x080029c6   0x080029c6   0x0000016c   Code   RO         1860    i.HAL_TIM_IRQHandler  stm32f1xx_hal_tim.o
    0x08002b32   0x08002b32   0x00000002   PAD
    0x08002b34   0x08002b34   0x000000a0   Code   RO          260    i.HAL_TIM_MspPostInit  tim.o
    0x08002bd4   0x08002bd4   0x00000002   Code   RO         1863    i.HAL_TIM_OC_DelayElapsedCallback  stm32f1xx_hal_tim.o
    0x08002bd6   0x08002bd6   0x00000104   Code   RO         1884    i.HAL_TIM_PWM_ConfigChannel  stm32f1xx_hal_tim.o
    0x08002cda   0x08002cda   0x00000066   Code   RO         1887    i.HAL_TIM_PWM_Init  stm32f1xx_hal_tim.o
    0x08002d40   0x08002d40   0x00000002   Code   RO         1889    i.HAL_TIM_PWM_MspInit  stm32f1xx_hal_tim.o
    0x08002d42   0x08002d42   0x00000002   Code   RO         1890    i.HAL_TIM_PWM_PulseFinishedCallback  stm32f1xx_hal_tim.o
    0x08002d44   0x08002d44   0x000000d4   Code   RO         1892    i.HAL_TIM_PWM_Start  stm32f1xx_hal_tim.o
    0x08002e18   0x08002e18   0x0000011c   Code   RO         3844    i.HAL_TIM_PeriodElapsedCallback  user_time.o
    0x08002f34   0x08002f34   0x00000002   Code   RO         1903    i.HAL_TIM_TriggerCallback  stm32f1xx_hal_tim.o
    0x08002f36   0x08002f36   0x00000070   Code   RO         2804    i.HAL_UARTEx_ReceiveToIdle_DMA  stm32f1xx_hal_uart.o
    0x08002fa6   0x08002fa6   0x00000002   PAD
    0x08002fa8   0x08002fa8   0x00000068   Code   RO         3615    i.HAL_UARTEx_RxEventCallback  serial.o
    0x08003010   0x08003010   0x00000002   Code   RO         2820    i.HAL_UART_ErrorCallback  stm32f1xx_hal_uart.o
    0x08003012   0x08003012   0x00000002   PAD
    0x08003014   0x08003014   0x000002e4   Code   RO         2823    i.HAL_UART_IRQHandler  stm32f1xx_hal_uart.o
    0x080032f8   0x080032f8   0x00000076   Code   RO         2824    i.HAL_UART_Init     stm32f1xx_hal_uart.o
    0x0800336e   0x0800336e   0x00000002   PAD
    0x08003370   0x08003370   0x00000184   Code   RO          313    i.HAL_UART_MspInit  usart.o
    0x080034f4   0x080034f4   0x00000002   Code   RO         2830    i.HAL_UART_RxCpltCallback  stm32f1xx_hal_uart.o
    0x080034f6   0x080034f6   0x00000002   Code   RO         2831    i.HAL_UART_RxHalfCpltCallback  stm32f1xx_hal_uart.o
    0x080034f8   0x080034f8   0x000000be   Code   RO         2832    i.HAL_UART_Transmit  stm32f1xx_hal_uart.o
    0x080035b6   0x080035b6   0x00000002   PAD
    0x080035b8   0x080035b8   0x0000008c   Code   RO         2833    i.HAL_UART_Transmit_DMA  stm32f1xx_hal_uart.o
    0x08003644   0x08003644   0x00000054   Code   RO         3616    i.HAL_UART_TxCpltCallback  serial.o
    0x08003698   0x08003698   0x00000002   Code   RO         2836    i.HAL_UART_TxHalfCpltCallback  stm32f1xx_hal_uart.o
    0x0800369a   0x0800369a   0x00000004   Code   RO          364    i.HardFault_Handler  stm32f1xx_it.o
    0x0800369e   0x0800369e   0x00000018   Code   RO         3718    i.Is_Timeout        user.o
    0x080036b6   0x080036b6   0x00000002   PAD
    0x080036b8   0x080036b8   0x00000098   Code   RO         3289    i.LED_Init          led_driver.o
    0x08003750   0x08003750   0x00000010   Code   RO         3290    i.LED_Off           led_driver.o
    0x08003760   0x08003760   0x00000010   Code   RO         3291    i.LED_On            led_driver.o
    0x08003770   0x08003770   0x00000010   Code   RO         3292    i.LED_PWM_Init      led_driver.o
    0x08003780   0x08003780   0x00000038   Code   RO         3293    i.LED_SetBrightness  led_driver.o
    0x080037b8   0x080037b8   0x0000000e   Code   RO         3294    i.LED_Toggle        led_driver.o
    0x080037c6   0x080037c6   0x00000002   PAD
    0x080037c8   0x080037c8   0x00000050   Code   RO         3719    i.Light_Control     user.o
    0x08003818   0x08003818   0x0000005c   Code   RO          194    i.MX_ADC1_Init      adc.o
    0x08003874   0x08003874   0x00000044   Code   RO          234    i.MX_DMA_Init       dma.o
    0x080038b8   0x080038b8   0x000000c0   Code   RO          168    i.MX_GPIO_Init      gpio.o
    0x08003978   0x08003978   0x00000070   Code   RO          261    i.MX_TIM1_Init      tim.o
    0x080039e8   0x080039e8   0x000000d0   Code   RO          262    i.MX_TIM2_Init      tim.o
    0x08003ab8   0x08003ab8   0x00000038   Code   RO          314    i.MX_USART1_UART_Init  usart.o
    0x08003af0   0x08003af0   0x00000038   Code   RO          315    i.MX_USART2_UART_Init  usart.o
    0x08003b28   0x08003b28   0x00000004   Code   RO          365    i.MemManage_Handler  stm32f1xx_it.o
    0x08003b2c   0x08003b2c   0x00000016   Code   RO         3565    i.Motor_Init        ln298motor_driver.o
    0x08003b42   0x08003b42   0x00000036   Code   RO         3566    i.Motor_Set_DieSpeed  ln298motor_driver.o
    0x08003b78   0x08003b78   0x00000004   Code   RO          366    i.NMI_Handler       stm32f1xx_it.o
    0x08003b7c   0x08003b7c   0x00000010   Code   RO         3567    i.PWM_Init          ln298motor_driver.o
    0x08003b8c   0x08003b8c   0x00000038   Code   RO         3568    i.PWM_SetDuty       ln298motor_driver.o
    0x08003bc4   0x08003bc4   0x00000002   Code   RO          367    i.PendSV_Handler    stm32f1xx_it.o
    0x08003bc6   0x08003bc6   0x00000002   PAD
    0x08003bc8   0x08003bc8   0x00000028   Code   RO          990    i.RCC_Delay         stm32f1xx_hal_rcc.o
    0x08003bf0   0x08003bf0   0x00000002   Code   RO          368    i.SVC_Handler       stm32f1xx_it.o
    0x08003bf2   0x08003bf2   0x00000008   Code   RO          369    i.SysTick_Handler   stm32f1xx_it.o
    0x08003bfa   0x08003bfa   0x00000084   Code   RO           14    i.SystemClock_Config  main.o
    0x08003c7e   0x08003c7e   0x00000002   Code   RO         3168    i.SystemInit        system_stm32f1xx.o
    0x08003c80   0x08003c80   0x00000010   Code   RO          370    i.TIM1_UP_IRQHandler  stm32f1xx_it.o
    0x08003c90   0x08003c90   0x00000084   Code   RO         1905    i.TIM_Base_SetConfig  stm32f1xx_hal_tim.o
    0x08003d14   0x08003d14   0x00000022   Code   RO         1906    i.TIM_CCxChannelCmd  stm32f1xx_hal_tim.o
    0x08003d36   0x08003d36   0x00000016   Code   RO         1916    i.TIM_ETR_SetConfig  stm32f1xx_hal_tim.o
    0x08003d4c   0x08003d4c   0x00000012   Code   RO         1917    i.TIM_ITRx_SetConfig  stm32f1xx_hal_tim.o
    0x08003d5e   0x08003d5e   0x00000002   PAD
    0x08003d60   0x08003d60   0x00000060   Code   RO         1918    i.TIM_OC1_SetConfig  stm32f1xx_hal_tim.o
    0x08003dc0   0x08003dc0   0x00000068   Code   RO         1919    i.TIM_OC2_SetConfig  stm32f1xx_hal_tim.o
    0x08003e28   0x08003e28   0x00000068   Code   RO         1920    i.TIM_OC3_SetConfig  stm32f1xx_hal_tim.o
    0x08003e90   0x08003e90   0x00000048   Code   RO         1921    i.TIM_OC4_SetConfig  stm32f1xx_hal_tim.o
    0x08003ed8   0x08003ed8   0x00000026   Code   RO         1923    i.TIM_TI1_ConfigInputStage  stm32f1xx_hal_tim.o
    0x08003efe   0x08003efe   0x00000028   Code   RO         1925    i.TIM_TI2_ConfigInputStage  stm32f1xx_hal_tim.o
    0x08003f26   0x08003f26   0x00000002   PAD
    0x08003f28   0x08003f28   0x000000c8   Code   RO         3720    i.Temperature_Control  user.o
    0x08003ff0   0x08003ff0   0x00000014   Code   RO         2837    i.UART_DMAAbortOnError  stm32f1xx_hal_uart.o
    0x08004004   0x08004004   0x00000050   Code   RO         2838    i.UART_DMAError     stm32f1xx_hal_uart.o
    0x08004054   0x08004054   0x000000b4   Code   RO         2839    i.UART_DMAReceiveCplt  stm32f1xx_hal_uart.o
    0x08004108   0x08004108   0x00000024   Code   RO         2841    i.UART_DMARxHalfCplt  stm32f1xx_hal_uart.o
    0x0800412c   0x0800412c   0x00000058   Code   RO         2843    i.UART_DMATransmitCplt  stm32f1xx_hal_uart.o
    0x08004184   0x08004184   0x0000000e   Code   RO         2845    i.UART_DMATxHalfCplt  stm32f1xx_hal_uart.o
    0x08004192   0x08004192   0x00000002   PAD
    0x08004194   0x08004194   0x00000018   Code   RO         3617    i.UART_DMA_Init     serial.o
    0x080041ac   0x080041ac   0x00000020   Code   RO         3618    i.UART_Driver_Init  serial.o
    0x080041cc   0x080041cc   0x0000006c   Code   RO         2847    i.UART_EndRxTransfer  stm32f1xx_hal_uart.o
    0x08004238   0x08004238   0x00000020   Code   RO         2848    i.UART_EndTransmit_IT  stm32f1xx_hal_uart.o
    0x08004258   0x08004258   0x00000026   Code   RO         2849    i.UART_EndTxTransfer  stm32f1xx_hal_uart.o
    0x0800427e   0x0800427e   0x000000fc   Code   RO         2850    i.UART_Receive_IT   stm32f1xx_hal_uart.o
    0x0800437a   0x0800437a   0x00000002   PAD
    0x0800437c   0x0800437c   0x000000fc   Code   RO         2851    i.UART_SetConfig    stm32f1xx_hal_uart.o
    0x08004478   0x08004478   0x000000c8   Code   RO         2852    i.UART_Start_Receive_DMA  stm32f1xx_hal_uart.o
    0x08004540   0x08004540   0x00000060   Code   RO         2854    i.UART_Transmit_IT  stm32f1xx_hal_uart.o
    0x080045a0   0x080045a0   0x0000008c   Code   RO         2855    i.UART_WaitOnFlagUntilTimeout  stm32f1xx_hal_uart.o
    0x0800462c   0x0800462c   0x00000010   Code   RO          371    i.USART1_IRQHandler  stm32f1xx_it.o
    0x0800463c   0x0800463c   0x00000010   Code   RO          372    i.USART2_IRQHandler  stm32f1xx_it.o
    0x0800464c   0x0800464c   0x00000004   Code   RO          373    i.UsageFault_Handler  stm32f1xx_it.o
    0x08004650   0x08004650   0x00000010   Code   RO         3721    i.User_Buttion_Init  user.o
    0x08004660   0x08004660   0x0000007c   Code   RO         3722    i.User_GetButton    user.o
    0x080046dc   0x080046dc   0x00000028   Code   RO         3723    i.User_Init         user.o
    0x08004704   0x08004704   0x0000002c   Code   RO         3724    i.User_Loop         user.o
    0x08004730   0x08004730   0x00000010   Code   RO         3845    i.User_time_init    user_time.o
    0x08004740   0x08004740   0x00000020   Code   RO         4185    i.__0printf         mc_w.l(printfa.o)
    0x08004760   0x08004760   0x00000010   Code   RO         1297    i.__NVIC_GetPriorityGrouping  stm32f1xx_hal_cortex.o
    0x08004770   0x08004770   0x00000028   Code   RO         1298    i.__NVIC_SetPriority  stm32f1xx_hal_cortex.o
    0x08004798   0x08004798   0x0000000e   Code   RO         4263    i.__scatterload_copy  mc_w.l(handlers.o)
    0x080047a6   0x080047a6   0x00000002   Code   RO         4264    i.__scatterload_null  mc_w.l(handlers.o)
    0x080047a8   0x080047a8   0x0000000e   Code   RO         4265    i.__scatterload_zeroinit  mc_w.l(handlers.o)
    0x080047b6   0x080047b6   0x00000002   PAD
    0x080047b8   0x080047b8   0x00000164   Code   RO         4192    i._fp_digits        mc_w.l(printfa.o)
    0x0800491c   0x0800491c   0x000006dc   Code   RO         4193    i._printf_core      mc_w.l(printfa.o)
    0x08004ff8   0x08004ff8   0x00000024   Code   RO         4194    i._printf_post_padding  mc_w.l(printfa.o)
    0x0800501c   0x0800501c   0x0000002e   Code   RO         4195    i._printf_pre_padding  mc_w.l(printfa.o)
    0x0800504a   0x0800504a   0x00000002   PAD
    0x0800504c   0x0800504c   0x0000001c   Code   RO         3680    i.delay_init        delay.o
    0x08005068   0x08005068   0x00000048   Code   RO         3681    i.delay_us          delay.o
    0x080050b0   0x080050b0   0x0000001c   Code   RO         3877    i.errorLog          gps_protocol.o
    0x080050cc   0x080050cc   0x0000001c   Code   RO         3620    i.fputc             serial.o
    0x080050e8   0x080050e8   0x00000048   Code   RO           15    i.main              main.o
    0x08005130   0x08005130   0x00000108   Code   RO         3878    i.parseGpsBuffer    gps_protocol.o
    0x08005238   0x08005238   0x000000a4   Code   RO         3879    i.process_uart_data  gps_protocol.o
    0x080052dc   0x080052dc   0x0000000c   Code   RO         3348    i.ringbuffer_init   ringbuffer.o
    0x080052e8   0x080052e8   0x00000010   Code   RO         3349    i.ringbuffer_is_empty  ringbuffer.o
    0x080052f8   0x080052f8   0x00000014   Code   RO         3350    i.ringbuffer_is_full  ringbuffer.o
    0x0800530c   0x0800530c   0x00000032   Code   RO         3351    i.ringbuffer_read   ringbuffer.o
    0x0800533e   0x0800533e   0x00000030   Code   RO         3352    i.ringbuffer_write  ringbuffer.o
    0x0800536e   0x0800536e   0x00000012   Data   RO          991    .constdata          stm32f1xx_hal_rcc.o
    0x08005380   0x08005380   0x00000012   Data   RO         1087    .constdata          stm32f1xx_hal_rcc_ex.o
    0x08005392   0x08005392   0x00000018   Data   RO         3169    .constdata          system_stm32f1xx.o
    0x080053aa   0x080053aa   0x00000002   PAD
    0x080053ac   0x080053ac   0x00000020   Data   RO         4261    Region$$Table       anon$$obj.o


    Execution Region RW_IRAM1 (Exec base: 0x20000000, Load base: 0x080053cc, Size: 0x00000b28, Max: 0x00005000, ABSOLUTE)

    Exec Addr    Load Addr    Size         Type   Attr      Idx    E Section Name        Object

    0x20000000   0x080053cc   0x00000009   Data   RW          827    .data               stm32f1xx_hal.o
    0x20000009   0x080053d5   0x00000003   PAD
    0x2000000c   0x080053d8   0x00000004   Data   RW         3170    .data               system_stm32f1xx.o
    0x20000010   0x080053dc   0x00000008   Data   RW         3295    .data               led_driver.o
    0x20000018   0x080053e4   0x00000010   Data   RW         3410    .data               driver.o
    0x20000028   0x080053f4   0x00000002   Data   RW         3622    .data               serial.o
    0x2000002a   0x080053f6   0x00000002   PAD
    0x2000002c   0x080053f8   0x00000004   Data   RW         3682    .data               delay.o
    0x20000030   0x080053fc   0x00000024   Data   RW         3725    .data               user.o
    0x20000054   0x08005420   0x0000000c   Data   RW         3846    .data               user_time.o
    0x20000060   0x0800542c   0x00000004   Data   RW         4239    .data               mc_w.l(stdout.o)
    0x20000064        -       0x00000030   Zero   RW          195    .bss                adc.o
    0x20000094        -       0x00000090   Zero   RW          263    .bss                tim.o
    0x20000124        -       0x00000118   Zero   RW          316    .bss                usart.o
    0x2000023c        -       0x00000218   Zero   RW         3353    .bss                ringbuffer.o
    0x20000454        -       0x00000054   Zero   RW         3409    .bss                driver.o
    0x200004a8        -       0x00000200   Zero   RW         3621    .bss                serial.o
    0x200006a8        -       0x00000079   Zero   RW         3880    .bss                gps_protocol.o
    0x20000721   0x08005430   0x00000007   PAD
    0x20000728        -       0x00000400   Zero   RW            1    STACK               startup_stm32f103xb.o


==============================================================================

Image component sizes


      Code (inc. data)   RO Data    RW Data    ZI Data      Debug   Object Name

       204         24          0          0         48       1569   adc.o
       100         14          0          4          0       1180   delay.o
       430          0          0          0          0       3944   dht11_driver.o
        68          4          0          0          0        714   dma.o
       156         42          0         16         84     377212   driver.o
       192         12          0          0          0        919   gpio.o
       456         66          0          0        121       2800   gps_protocol.o
       240         16          0          0          0       2352   key_driver.o
       270         18          0          8          0       4002   led_driver.o
       148          0          0          0          0       3143   ln298motor_driver.o
       210         18          0          0          0     449856   main.o
       146          0          0          0        536       3794   ringbuffer.o
       272         48          0          2        512       3526   serial.o
        36          8        236          0       1024        784   startup_stm32f103xb.o
       192         36          0          9          0       5721   stm32f1xx_hal.o
      1608         62          0          0          0       6156   stm32f1xx_hal_adc.o
       284          6          0          0          0       1414   stm32f1xx_hal_adc_ex.o
       372         28          0          0          0      29913   stm32f1xx_hal_cortex.o
       978         12          0          0          0       4654   stm32f1xx_hal_dma.o
       848         34          0          0          0       3812   stm32f1xx_hal_gpio.o
        84          8          0          0          0        858   stm32f1xx_hal_msp.o
      1748         98         18          0          0       5784   stm32f1xx_hal_rcc.o
       556         34         18          0          0       2293   stm32f1xx_hal_rcc_ex.o
      2098         60          0          0          0      15148   stm32f1xx_hal_tim.o
       136         14          0          0          0       2329   stm32f1xx_hal_tim_ex.o
      2844         34          0          0          0      16865   stm32f1xx_hal_uart.o
       114         30          0          0          0       6009   stm32f1xx_it.o
         2          0         24          4          0       1059   system_stm32f1xx.o
       584         40          0          0        144       3025   tim.o
       500         50          0          0        280       2373   usart.o
       916        168          0         36          0       9729   user.o
       300        136          0         12          0       1603   user_time.o

    ----------------------------------------------------------------------
     17128       1120        330         96       2756     974540   Object Totals
         0          0         32          0          0          0   (incl. Generated)
        36          0          2          5          7          0   (incl. Padding)

    ----------------------------------------------------------------------

      Code (inc. data)   RO Data    RW Data    ZI Data      Debug   Library Member Name

         0          0          0          0          0          0   entry.o
         0          0          0          0          0          0   entry10a.o
         0          0          0          0          0          0   entry11a.o
         8          4          0          0          0          0   entry2.o
         4          0          0          0          0          0   entry5.o
         0          0          0          0          0          0   entry7b.o
         0          0          0          0          0          0   entry8b.o
         8          4          0          0          0          0   entry9a.o
        30          0          0          0          0          0   handlers.o
        36          8          0          0          0         68   init.o
         0          0          0          0          0          0   iusefp.o
        30          0          0          0          0         68   llshl.o
        36          0          0          0          0         68   llsshr.o
        32          0          0          0          0         68   llushr.o
        36          0          0          0          0         68   memcpya.o
        36          0          0          0          0        108   memseta.o
      2226         90          0          0          0        444   printfa.o
         0          0          0          4          0          0   stdout.o
        36          0          0          0          0         80   strstr.o
        44          0          0          0          0         80   uidiv.o
        98          0          0          0          0         92   uldiv.o
        48          0          0          0          0         68   cdcmple.o
        48          0          0          0          0         68   cdrcmple.o
        56          0          0          0          0         88   d2f.o
       334          0          0          0          0        148   dadd.o
       222          0          0          0          0        100   ddiv.o
       186          0          0          0          0        176   depilogue.o
        48          0          0          0          0         68   dfixul.o
       228          0          0          0          0         96   dmul.o
        38          0          0          0          0         68   f2d.o
       110          0          0          0          0        168   fepilogue.o
        10          0          0          0          0         68   ffltui.o

    ----------------------------------------------------------------------
      3994        106          0          4          0       2260   Library Totals
         6          0          0          0          0          0   (incl. Padding)

    ----------------------------------------------------------------------

      Code (inc. data)   RO Data    RW Data    ZI Data      Debug   Library Name

      2660        106          0          4          0       1144   mc_w.l
      1328          0          0          0          0       1116   mf_w.l

    ----------------------------------------------------------------------
      3994        106          0          4          0       2260   Library Totals

    ----------------------------------------------------------------------

==============================================================================


      Code (inc. data)   RO Data    RW Data    ZI Data      Debug   

     21122       1226        330        100       2756     967488   Grand Totals
     21122       1226        330        100       2756     967488   ELF Image Totals
     21122       1226        330        100          0          0   ROM Totals

==============================================================================

    Total RO  Size (Code + RO Data)                21452 (  20.95kB)
    Total RW  Size (RW Data + ZI Data)              2856 (   2.79kB)
    Total ROM Size (Code + RO Data + RW Data)      21552 (  21.05kB)

==============================================================================

