Component: ARM Compiler 5.05 update 1 (build 106) Tool: armlink [4d0efa]

==============================================================================

Section Cross References

    startup_stm32f103xb.o(RESET) refers to startup_stm32f103xb.o(STACK) for __initial_sp
    startup_stm32f103xb.o(RESET) refers to startup_stm32f103xb.o(.text) for Reset_Handler
    startup_stm32f103xb.o(RESET) refers to stm32f1xx_it.o(i.NMI_Handler) for NMI_Handler
    startup_stm32f103xb.o(RESET) refers to stm32f1xx_it.o(i.HardFault_Handler) for HardFault_Handler
    startup_stm32f103xb.o(RESET) refers to stm32f1xx_it.o(i.MemManage_Handler) for MemManage_Handler
    startup_stm32f103xb.o(RESET) refers to stm32f1xx_it.o(i.BusFault_Handler) for BusFault_Handler
    startup_stm32f103xb.o(RESET) refers to stm32f1xx_it.o(i.UsageFault_Handler) for UsageFault_Handler
    startup_stm32f103xb.o(RESET) refers to stm32f1xx_it.o(i.SVC_Handler) for SVC_Handler
    startup_stm32f103xb.o(RESET) refers to stm32f1xx_it.o(i.DebugMon_Handler) for DebugMon_Handler
    startup_stm32f103xb.o(RESET) refers to stm32f1xx_it.o(i.PendSV_Handler) for PendSV_Handler
    startup_stm32f103xb.o(RESET) refers to stm32f1xx_it.o(i.SysTick_Handler) for SysTick_Handler
    startup_stm32f103xb.o(RESET) refers to stm32f1xx_it.o(i.DMA1_Channel6_IRQHandler) for DMA1_Channel6_IRQHandler
    startup_stm32f103xb.o(RESET) refers to stm32f1xx_it.o(i.TIM1_UP_IRQHandler) for TIM1_UP_IRQHandler
    startup_stm32f103xb.o(RESET) refers to stm32f1xx_it.o(i.USART1_IRQHandler) for USART1_IRQHandler
    startup_stm32f103xb.o(RESET) refers to stm32f1xx_it.o(i.USART2_IRQHandler) for USART2_IRQHandler
    startup_stm32f103xb.o(.text) refers to system_stm32f1xx.o(i.SystemInit) for SystemInit
    startup_stm32f103xb.o(.text) refers to entry.o(.ARM.Collect$$$$00000000) for __main
    main.o(i.SystemClock_Config) refers to memseta.o(.text) for __aeabi_memclr4
    main.o(i.SystemClock_Config) refers to stm32f1xx_hal_rcc.o(i.HAL_RCC_OscConfig) for HAL_RCC_OscConfig
    main.o(i.SystemClock_Config) refers to main.o(i.Error_Handler) for Error_Handler
    main.o(i.SystemClock_Config) refers to stm32f1xx_hal_rcc.o(i.HAL_RCC_ClockConfig) for HAL_RCC_ClockConfig
    main.o(i.main) refers to stm32f1xx_hal.o(i.HAL_Init) for HAL_Init
    main.o(i.main) refers to main.o(i.SystemClock_Config) for SystemClock_Config
    main.o(i.main) refers to gpio.o(i.MX_GPIO_Init) for MX_GPIO_Init
    main.o(i.main) refers to dma.o(i.MX_DMA_Init) for MX_DMA_Init
    main.o(i.main) refers to tim.o(i.MX_TIM1_Init) for MX_TIM1_Init
    main.o(i.main) refers to tim.o(i.MX_TIM2_Init) for MX_TIM2_Init
    main.o(i.main) refers to usart.o(i.MX_USART1_UART_Init) for MX_USART1_UART_Init
    main.o(i.main) refers to usart.o(i.MX_USART2_UART_Init) for MX_USART2_UART_Init
    main.o(i.main) refers to user.o(i.User_Init) for User_Init
    main.o(i.main) refers to printfa.o(i.__0printf) for __2printf
    main.o(i.main) refers to user.o(i.User_Loop) for User_Loop
    gpio.o(i.MX_GPIO_Init) refers to stm32f1xx_hal_gpio.o(i.HAL_GPIO_WritePin) for HAL_GPIO_WritePin
    gpio.o(i.MX_GPIO_Init) refers to stm32f1xx_hal_gpio.o(i.HAL_GPIO_Init) for HAL_GPIO_Init
    dma.o(i.MX_DMA_Init) refers to stm32f1xx_hal_cortex.o(i.HAL_NVIC_SetPriority) for HAL_NVIC_SetPriority
    dma.o(i.MX_DMA_Init) refers to stm32f1xx_hal_cortex.o(i.HAL_NVIC_EnableIRQ) for HAL_NVIC_EnableIRQ
    tim.o(i.HAL_TIM_Base_MspDeInit) refers to stm32f1xx_hal_cortex.o(i.HAL_NVIC_DisableIRQ) for HAL_NVIC_DisableIRQ
    tim.o(i.HAL_TIM_Base_MspInit) refers to stm32f1xx_hal_cortex.o(i.HAL_NVIC_SetPriority) for HAL_NVIC_SetPriority
    tim.o(i.HAL_TIM_Base_MspInit) refers to stm32f1xx_hal_cortex.o(i.HAL_NVIC_EnableIRQ) for HAL_NVIC_EnableIRQ
    tim.o(i.HAL_TIM_MspPostInit) refers to stm32f1xx_hal_gpio.o(i.HAL_GPIO_Init) for HAL_GPIO_Init
    tim.o(i.MX_TIM1_Init) refers to stm32f1xx_hal_tim.o(i.HAL_TIM_Base_Init) for HAL_TIM_Base_Init
    tim.o(i.MX_TIM1_Init) refers to main.o(i.Error_Handler) for Error_Handler
    tim.o(i.MX_TIM1_Init) refers to stm32f1xx_hal_tim.o(i.HAL_TIM_ConfigClockSource) for HAL_TIM_ConfigClockSource
    tim.o(i.MX_TIM1_Init) refers to stm32f1xx_hal_tim_ex.o(i.HAL_TIMEx_MasterConfigSynchronization) for HAL_TIMEx_MasterConfigSynchronization
    tim.o(i.MX_TIM1_Init) refers to tim.o(.bss) for htim1
    tim.o(i.MX_TIM2_Init) refers to memseta.o(.text) for __aeabi_memclr4
    tim.o(i.MX_TIM2_Init) refers to stm32f1xx_hal_tim.o(i.HAL_TIM_Base_Init) for HAL_TIM_Base_Init
    tim.o(i.MX_TIM2_Init) refers to main.o(i.Error_Handler) for Error_Handler
    tim.o(i.MX_TIM2_Init) refers to stm32f1xx_hal_tim.o(i.HAL_TIM_ConfigClockSource) for HAL_TIM_ConfigClockSource
    tim.o(i.MX_TIM2_Init) refers to stm32f1xx_hal_tim.o(i.HAL_TIM_PWM_Init) for HAL_TIM_PWM_Init
    tim.o(i.MX_TIM2_Init) refers to stm32f1xx_hal_tim_ex.o(i.HAL_TIMEx_MasterConfigSynchronization) for HAL_TIMEx_MasterConfigSynchronization
[...]

==============================================================================

Image Symbol Table

    Local Symbols

    Symbol Name                              Value     Ov Type        Size  Object(Section)

    ../Core/Src/dma.c                        0x00000000   Number         0  dma.o ABSOLUTE
    ../Core/Src/gpio.c                       0x00000000   Number         0  gpio.o ABSOLUTE
    ../Core/Src/main.c                       0x00000000   Number         0  main.o ABSOLUTE
    ../Core/Src/stm32f1xx_hal_msp.c          0x00000000   Number         0  stm32f1xx_hal_msp.o ABSOLUTE
    ../Core/Src/stm32f1xx_it.c               0x00000000   Number         0  stm32f1xx_it.o ABSOLUTE
    ../Core/Src/system_stm32f1xx.c           0x00000000   Number         0  system_stm32f1xx.o ABSOLUTE
    ../Core/Src/tim.c                        0x00000000   Number         0  tim.o ABSOLUTE
    ../Core/Src/usart.c                      0x00000000   Number         0  usart.o ABSOLUTE
    ../Drivers/STM32F1xx_HAL_Driver/Src/stm32f1xx_hal.c 0x00000000   Number         0  stm32f1xx_hal.o ABSOLUTE
    ../Drivers/STM32F1xx_HAL_Driver/Src/stm32f1xx_hal_cortex.c 0x00000000   Number         0  stm32f1xx_hal_cortex.o ABSOLUTE
    ../Drivers/STM32F1xx_HAL_Driver/Src/stm32f1xx_hal_dma.c 0x00000000   Number         0  stm32f1xx_hal_dma.o ABSOLUTE
    ../Drivers/STM32F1xx_HAL_Driver/Src/stm32f1xx_hal_exti.c 0x00000000   Number         0  stm32f1xx_hal_exti.o ABSOLUTE
    ../Drivers/STM32F1xx_HAL_Driver/Src/stm32f1xx_hal_flash.c 0x00000000   Number         0  stm32f1xx_hal_flash.o ABSOLUTE
    ../Drivers/STM32F1xx_HAL_Driver/Src/stm32f1xx_hal_flash_ex.c 0x00000000   Number         0  stm32f1xx_hal_flash_ex.o ABSOLUTE
    ../Drivers/STM32F1xx_HAL_Driver/Src/stm32f1xx_hal_gpio.c 0x00000000   Number         0  stm32f1xx_hal_gpio.o ABSOLUTE
    ../Drivers/STM32F1xx_HAL_Driver/Src/stm32f1xx_hal_gpio_ex.c 0x00000000   Number         0  stm32f1xx_hal_gpio_ex.o ABSOLUTE
    ../Drivers/STM32F1xx_HAL_Driver/Src/stm32f1xx_hal_pwr.c 0x00000000   Number         0  stm32f1xx_hal_pwr.o ABSOLUTE
    ../Drivers/STM32F1xx_HAL_Driver/Src/stm32f1xx_hal_rcc.c 0x00000000   Number         0  stm32f1xx_hal_rcc.o ABSOLUTE
    ../Drivers/STM32F1xx_HAL_Driver/Src/stm32f1xx_hal_rcc_ex.c 0x00000000   Number         0  stm32f1xx_hal_rcc_ex.o ABSOLUTE
    ../Drivers/STM32F1xx_HAL_Driver/Src/stm32f1xx_hal_tim.c 0x00000000   Number         0  stm32f1xx_hal_tim.o ABSOLUTE
    ../Drivers/STM32F1xx_HAL_Driver/Src/stm32f1xx_hal_tim_ex.c 0x00000000   Number         0  stm32f1xx_hal_tim_ex.o ABSOLUTE
    ../Drivers/STM32F1xx_HAL_Driver/Src/stm32f1xx_hal_uart.c 0x00000000   Number         0  stm32f1xx_hal_uart.o ABSOLUTE
    ../clib/microlib/division.c              0x00000000   Number         0  uidiv.o ABSOLUTE
    ../clib/microlib/division.c              0x00000000   Number         0  uldiv.o ABSOLUTE
    ../clib/microlib/init/entry.s            0x00000000   Number         0  entry11b.o ABSOLUTE
    ../clib/microlib/init/entry.s            0x00000000   Number         0  entry11a.o ABSOLUTE
    ../clib/microlib/init/entry.s            0x00000000   Number         0  entry10b.o ABSOLUTE
    ../clib/microlib/init/entry.s            0x00000000   Number         0  entry10a.o ABSOLUTE
    ../clib/microlib/init/entry.s            0x00000000   Number         0  entry9b.o ABSOLUTE
    ../clib/microlib/init/entry.s            0x00000000   Number         0  entry2.o ABSOLUTE
    ../clib/microlib/init/entry.s            0x00000000   Number         0  entry8b.o ABSOLUTE
    ../clib/microlib/init/entry.s            0x00000000   Number         0  entry9a.o ABSOLUTE
    ../clib/microlib/init/entry.s            0x00000000   Number         0  entry.o ABSOLUTE
    ../clib/microlib/init/entry.s            0x00000000   Number         0  entry8a.o ABSOLUTE
    ../clib/microlib/init/entry.s            0x00000000   Number         0  entry7b.o ABSOLUTE
    ../clib/microlib/init/entry.s            0x00000000   Number         0  entry7a.o ABSOLUTE
    ../clib/microlib/init/entry.s            0x00000000   Number         0  entry5.o ABSOLUTE
    ../clib/microlib/longlong.c              0x00000000   Number         0  llushr.o ABSOLUTE
    ../clib/microlib/longlong.c              0x00000000   Number         0  llsshr.o ABSOLUTE
    ../clib/microlib/longlong.c              0x00000000   Number         0  llshl.o ABSOLUTE
    ../clib/microlib/printf/printf.c         0x00000000   Number         0  printf4.o ABSOLUTE
    ../clib/microlib/printf/printf.c         0x00000000   Number         0  printf3.o ABSOLUTE
    ../clib/microlib/printf/printf.c         0x00000000   Number         0  printf2.o ABSOLUTE
    ../clib/microlib/printf/printf.c         0x00000000   Number         0  printf1.o ABSOLUTE
    ../clib/microlib/printf/printf.c         0x00000000   Number         0  printf0.o ABSOLUTE
    ../clib/microlib/printf/printf.c         0x00000000   Number         0  printfb.o ABSOLUTE
    ../clib/microlib/printf/printf.c         0x00000000   Number         0  printf7.o ABSOLUTE
    ../clib/microlib/printf/printf.c         0x00000000   Number         0  printfa.o ABSOLUTE
    ../clib/microlib/printf/printf.c         0x00000000   Number         0  printf8.o ABSOLUTE
    ../clib/microlib/printf/printf.c         0x00000000   Number         0  printf6.o ABSOLUTE
    ../clib/microlib/printf/printf.c         0x00000000   Number         0  printf5.o ABSOLUTE
    ../clib/microlib/printf/stubs.s          0x00000000   Number         0  stubs.o ABSOLUTE
    ../clib/microlib/stdio/streams.c         0x00000000   Number         0  stdout.o ABSOLUTE
    ../clib/microlib/string/memcpy.c         0x00000000   Number         0  memcpyb.o ABSOLUTE
    ../clib/microlib/string/memcpy.c         0x00000000   Number         0  memcpya.o ABSOLUTE
    ../clib/microlib/string/memset.c         0x00000000   Number         0  memseta.o ABSOLUTE
    ../clib/microlib/string/strstr.c         0x00000000   Number         0  strstr.o ABSOLUTE
    ../clib/microlib/stubs.s                 0x00000000   Number         0  iusefp.o ABSOLUTE
    ../fplib/microlib/fpadd.c                0x00000000   Number         0  dadd.o ABSOLUTE
    ../fplib/microlib/fpdiv.c                0x00000000   Number         0  ddiv.o ABSOLUTE
    ../fplib/microlib/fpepilogue.c           0x00000000   Number         0  depilogue.o ABSOLUTE
    ../fplib/microlib/fpfix.c                0x00000000   Number         0  dfixul.o ABSOLUTE
    ../fplib/microlib/fpmul.c                0x00000000   Number         0  dmul.o ABSOLUTE
    ..\BSP\DHT11\DHT11_driver.c              0x00000000   Number         0  dht11_driver.o ABSOLUTE
    ..\BSP\Driver.c                          0x00000000   Number         0  driver.o ABSOLUTE
    ..\BSP\KEY\Key_driver.c                  0x00000000   Number         0  key_driver.o ABSOLUTE
    ..\BSP\LED\Led_driver.c                  0x00000000   Number         0  led_driver.o ABSOLUTE
    ..\BSP\MOTOR\LN298Motor_driver.c         0x00000000   Number         0  ln298motor_driver.o ABSOLUTE
    ..\BSP\RINGBUFFER\ringbuffer.c           0x00000000   Number         0  ringbuffer.o ABSOLUTE
    ..\Core\Src\dma.c                        0x00000000   Number         0  dma.o ABSOLUTE
    ..\Core\Src\gpio.c                       0x00000000   Number         0  gpio.o ABSOLUTE
    ..\Core\Src\main.c                       0x00000000   Number         0  main.o ABSOLUTE
    ..\Core\Src\stm32f1xx_hal_msp.c          0x00000000   Number         0  stm32f1xx_hal_msp.o ABSOLUTE
    ..\Core\Src\stm32f1xx_it.c               0x00000000   Number         0  stm32f1xx_it.o ABSOLUTE
    ..\Core\Src\system_stm32f1xx.c           0x00000000   Number         0  system_stm32f1xx.o ABSOLUTE
    ..\Core\Src\tim.c                        0x00000000   Number         0  tim.o ABSOLUTE
    ..\Core\Src\usart.c                      0x00000000   Number         0  usart.o ABSOLUTE
    ..\Core\delay\delay.c                    0x00000000   Number         0  delay.o ABSOLUTE
    ..\Drivers\STM32F1xx_HAL_Driver\Src\stm32f1xx_hal.c 0x00000000   Number         0  stm32f1xx_hal.o ABSOLUTE
    ..\Drivers\STM32F1xx_HAL_Driver\Src\stm32f1xx_hal_cortex.c 0x00000000   Number         0  stm32f1xx_hal_cortex.o ABSOLUTE
    ..\Drivers\STM32F1xx_HAL_Driver\Src\stm32f1xx_hal_dma.c 0x00000000   Number         0  stm32f1xx_hal_dma.o ABSOLUTE
    ..\Drivers\STM32F1xx_HAL_Driver\Src\stm32f1xx_hal_exti.c 0x00000000   Number         0  stm32f1xx_hal_exti.o ABSOLUTE
    ..\Drivers\STM32F1xx_HAL_Driver\Src\stm32f1xx_hal_flash.c 0x00000000   Number         0  stm32f1xx_hal_flash.o ABSOLUTE
    ..\Drivers\STM32F1xx_HAL_Driver\Src\stm32f1xx_hal_flash_ex.c 0x00000000   Number         0  stm32f1xx_hal_flash_ex.o ABSOLUTE
    ..\Drivers\STM32F1xx_HAL_Driver\Src\stm32f1xx_hal_gpio.c 0x00000000   Number         0  stm32f1xx_hal_gpio.o ABSOLUTE
    ..\Drivers\STM32F1xx_HAL_Driver\Src\stm32f1xx_hal_gpio_ex.c 0x00000000   Number         0  stm32f1xx_hal_gpio_ex.o ABSOLUTE
    ..\Drivers\STM32F1xx_HAL_Driver\Src\stm32f1xx_hal_pwr.c 0x00000000   Number         0  stm32f1xx_hal_pwr.o ABSOLUTE
    ..\Drivers\STM32F1xx_HAL_Driver\Src\stm32f1xx_hal_rcc.c 0x00000000   Number         0  stm32f1xx_hal_rcc.o ABSOLUTE
    ..\Drivers\STM32F1xx_HAL_Driver\Src\stm32f1xx_hal_rcc_ex.c 0x00000000   Number         0  stm32f1xx_hal_rcc_ex.o ABSOLUTE
    ..\Drivers\STM32F1xx_HAL_Driver\Src\stm32f1xx_hal_tim.c 0x00000000   Number         0  stm32f1xx_hal_tim.o ABSOLUTE
    ..\Drivers\STM32F1xx_HAL_Driver\Src\stm32f1xx_hal_tim_ex.c 0x00000000   Number         0  stm32f1xx_hal_tim_ex.o ABSOLUTE
    ..\Drivers\STM32F1xx_HAL_Driver\Src\stm32f1xx_hal_uart.c 0x00000000   Number         0  stm32f1xx_hal_uart.o ABSOLUTE
    ..\USER\Protocol\GPS_protocol.c          0x00000000   Number         0  gps_protocol.o ABSOLUTE
    ..\USER\User.c                           0x00000000   Number         0  user.o ABSOLUTE
    ..\USER\User_time.c                      0x00000000   Number         0  user_time.o ABSOLUTE
    ..\\BSP\\DHT11\\DHT11_driver.c           0x00000000   Number         0  dht11_driver.o ABSOLUTE
    ..\\BSP\\Driver.c                        0x00000000   Number         0  driver.o ABSOLUTE
    ..\\BSP\\KEY\\Key_driver.c               0x00000000   Number         0  key_driver.o ABSOLUTE
    ..\\BSP\\LED\\Led_driver.c               0x00000000   Number         0  led_driver.o ABSOLUTE
    ..\\BSP\\MOTOR\\LN298Motor_driver.c      0x00000000   Number         0  ln298motor_driver.o ABSOLUTE
    ..\\BSP\\RINGBUFFER\\ringbuffer.c        0x00000000   Number         0  ringbuffer.o ABSOLUTE
    ..\\Core\\delay\\delay.c                 0x00000000   Number         0  delay.o ABSOLUTE
    ..\\USER\\Protocol\\GPS_protocol.c       0x00000000   Number         0  gps_protocol.o ABSOLUTE
    ..\\USER\\User.c                         0x00000000   Number         0  user.o ABSOLUTE
    ..\\USER\\User_time.c                    0x00000000   Number         0  user_time.o ABSOLUTE
    cdrcmple.s                               0x00000000   Number         0  cdrcmple.o ABSOLUTE
    dc.s                                     0x00000000   Number         0  dc.o ABSOLUTE
    handlers.s                               0x00000000   Number         0  handlers.o ABSOLUTE
    init.s                                   0x00000000   Number         0  init.o ABSOLUTE
    startup_stm32f103xb.s                    0x00000000   Number         0  startup_stm32f103xb.o ABSOLUTE
    RESET                                    0x08000000   Section      236  startup_stm32f103xb.o(RESET)
    .ARM.Collect$$$$00000000                 0x080000ec   Section        0  entry.o(.ARM.Collect$$$$00000000)
    .ARM.Collect$$$$00000001                 0x080000ec   Section        4  entry2.o(.ARM.Collect$$$$00000001)
    .ARM.Collect$$$$00000004                 0x080000f0   Section        4  entry5.o(.ARM.Collect$$$$00000004)
    .ARM.Collect$$$$00000008                 0x080000f4   Section        0  entry7b.o(.ARM.Collect$$$$00000008)
    .ARM.Collect$$$$0000000A                 0x080000f4   Section        0  entry8b.o(.ARM.Collect$$$$0000000A)
    .ARM.Collect$$$$0000000B                 0x080000f4   Section        8  entry9a.o(.ARM.Collect$$$$0000000B)
    .ARM.Collect$$$$0000000D                 0x080000fc   Section        0  entry10a.o(.ARM.Collect$$$$0000000D)
    .ARM.Collect$$$$0000000F                 0x080000fc   Section        0  entry11a.o(.ARM.Collect$$$$0000000F)
    .ARM.Collect$$$$00002712                 0x080000fc   Section        4  entry2.o(.ARM.Collect$$$$00002712)
    __lit__00000000                          0x080000fc   Data           4  entry2.o(.ARM.Collect$$$$00002712)
    .text                                    0x08000100   Section       36  startup_stm32f103xb.o(.text)
    .text                                    0x08000124   Section        0  llushr.o(.text)
    .text                                    0x08000144   Section        0  memseta.o(.text)
    .text                                    0x08000168   Section        0  uidiv.o(.text)
    .text                                    0x08000194   Section        0  uldiv.o(.text)
    .text                                    0x080001f6   Section        0  dadd.o(.text)
    .text                                    0x080001f6   Section        0  iusefp.o(.text)
    .text                                    0x08000344   Section        0  dmul.o(.text)
    .text                                    0x08000428   Section        0  ddiv.o(.text)
    .text                                    0x08000506   Section        0  dfixul.o(.text)
    .text                                    0x08000538   Section       48  cdrcmple.o(.text)
    .text                                    0x08000568   Section       36  init.o(.text)
    .text                                    0x0800058c   Section        0  llshl.o(.text)
    .text                                    0x080005aa   Section        0  llsshr.o(.text)
    .text                                    0x080005ce   Section        0  depilogue.o(.text)
    i.BusFault_Handler                       0x08000688   Section        0  stm32f1xx_it.o(i.BusFault_Handler)
    i.Button_GetEvent                        0x0800068c   Section        0  key_driver.o(i.Button_GetEvent)
    i.Button_Init                            0x080006cc   Section        0  key_driver.o(i.Button_Init)
    i.Button_Output                          0x0800077c   Section        0  user.o(i.Button_Output)
    i.DHT11_GPIO_Set_Input                   0x08000798   Section        0  dht11_driver.o(i.DHT11_GPIO_Set_Input)
    i.DHT11_GPIO_Set_Output                  0x080007bc   Section        0  dht11_driver.o(i.DHT11_GPIO_Set_Output)
    i.DHT11_Get                              0x080007e4   Section        0  user.o(i.DHT11_Get)
    i.DHT11_Read                             0x080007f8   Section        0  dht11_driver.o(i.DHT11_Read)
    i.DHT11_Read_Bit                         0x080008d0   Section        0  dht11_driver.o(i.DHT11_Read_Bit)
    DHT11_Read_Bit                           0x080008d1   Thumb Code    96  dht11_driver.o(i.DHT11_Read_Bit)
    i.DHT11_Read_Byte                        0x08000930   Section        0  dht11_driver.o(i.DHT11_Read_Byte)
    DHT11_Read_Byte                          0x08000931   Thumb Code    42  dht11_driver.o(i.DHT11_Read_Byte)
    i.DMA1_Channel6_IRQHandler               0x0800095c   Section        0  stm32f1xx_it.o(i.DMA1_Channel6_IRQHandler)
    i.DMA_SetConfig                          0x0800096c   Section        0  stm32f1xx_hal_dma.o(i.DMA_SetConfig)
    DMA_SetConfig                            0x0800096d   Thumb Code    44  stm32f1xx_hal_dma.o(i.DMA_SetConfig)
    i.DebugMon_Handler                       0x08000998   Section        0  stm32f1xx_it.o(i.DebugMon_Handler)
    i.Driver_Init                            0x0800099c   Section        0  driver.o(i.Driver_Init)
    i.Error_Handler                          0x08000a18   Section        0  main.o(i.Error_Handler)
    i.Fan_Control                            0x08000a20   Section        0  user.o(i.Fan_Control)
    i.Gps_start                              0x08000a84   Section        0  user.o(i.Gps_start)
    i.HAL_DMA_Abort                          0x08000aa0   Section        0  stm32f1xx_hal_dma.o(i.HAL_DMA_Abort)
    i.HAL_DMA_Abort_IT                       0x08000af8   Section        0  stm32f1xx_hal_dma.o(i.HAL_DMA_Abort_IT)
    i.HAL_DMA_IRQHandler                     0x08000ba8   Section        0  stm32f1xx_hal_dma.o(i.HAL_DMA_IRQHandler)
    i.HAL_DMA_Init                           0x08000d44   Section        0  stm32f1xx_hal_dma.o(i.HAL_DMA_Init)
    i.HAL_DMA_Start_IT                       0x08000dac   Section        0  stm32f1xx_hal_dma.o(i.HAL_DMA_Start_IT)
    i.HAL_Delay                              0x08000e48   Section        0  stm32f1xx_hal.o(i.HAL_Delay)
    i.HAL_GPIO_Init                          0x08000e70   Section        0  stm32f1xx_hal_gpio.o(i.HAL_GPIO_Init)
    i.HAL_GPIO_ReadPin                       0x08001190   Section        0  stm32f1xx_hal_gpio.o(i.HAL_GPIO_ReadPin)
    i.HAL_GPIO_WritePin                      0x080011a0   Section        0  stm32f1xx_hal_gpio.o(i.HAL_GPIO_WritePin)
    i.HAL_GetTick                            0x080011ac   Section        0  stm32f1xx_hal.o(i.HAL_GetTick)
    i.HAL_IncTick                            0x080011b8   Section        0  stm32f1xx_hal.o(i.HAL_IncTick)
    i.HAL_Init                               0x080011d0   Section        0  stm32f1xx_hal.o(i.HAL_Init)
    i.HAL_InitTick                           0x080011f8   Section        0  stm32f1xx_hal.o(i.HAL_InitTick)
    i.HAL_MspInit                            0x08001244   Section        0  stm32f1xx_hal_msp.o(i.HAL_MspInit)
    i.HAL_NVIC_EnableIRQ                     0x08001298   Section        0  stm32f1xx_hal_cortex.o(i.HAL_NVIC_EnableIRQ)
    i.HAL_NVIC_SetPriority                   0x080012b8   Section        0  stm32f1xx_hal_cortex.o(i.HAL_NVIC_SetPriority)
    i.HAL_NVIC_SetPriorityGrouping           0x08001334   Section        0  stm32f1xx_hal_cortex.o(i.HAL_NVIC_SetPriorityGrouping)
    i.HAL_RCC_ClockConfig                    0x0800135c   Section        0  stm32f1xx_hal_rcc.o(i.HAL_RCC_ClockConfig)
    i.HAL_RCC_GetHCLKFreq                    0x080014e8   Section        0  stm32f1xx_hal_rcc.o(i.HAL_RCC_GetHCLKFreq)
    i.HAL_RCC_GetPCLK1Freq                   0x080014f4   Section        0  stm32f1xx_hal_rcc.o(i.HAL_RCC_GetPCLK1Freq)
    i.HAL_RCC_GetPCLK2Freq                   0x08001514   Section        0  stm32f1xx_hal_rcc.o(i.HAL_RCC_GetPCLK2Freq)
    i.HAL_RCC_GetSysClockFreq                0x08001534   Section        0  stm32f1xx_hal_rcc.o(i.HAL_RCC_GetSysClockFreq)
    i.HAL_RCC_OscConfig                      0x080015a4   Section        0  stm32f1xx_hal_rcc.o(i.HAL_RCC_OscConfig)
    i.HAL_SYSTICK_Config                     0x08001a08   Section        0  stm32f1xx_hal_cortex.o(i.HAL_SYSTICK_Config)
    i.HAL_TIMEx_BreakCallback                0x08001a3c   Section        0  stm32f1xx_hal_tim_ex.o(i.HAL_TIMEx_BreakCallback)
    i.HAL_TIMEx_CommutCallback               0x08001a3e   Section        0  stm32f1xx_hal_tim_ex.o(i.HAL_TIMEx_CommutCallback)
    i.HAL_TIMEx_MasterConfigSynchronization  0x08001a40   Section        0  stm32f1xx_hal_tim_ex.o(i.HAL_TIMEx_MasterConfigSynchronization)
    i.HAL_TIM_Base_Init                      0x08001ac4   Section        0  stm32f1xx_hal_tim.o(i.HAL_TIM_Base_Init)
    i.HAL_TIM_Base_MspInit                   0x08001b2c   Section        0  tim.o(i.HAL_TIM_Base_MspInit)
    i.HAL_TIM_Base_Start_IT                  0x08001b94   Section        0  stm32f1xx_hal_tim.o(i.HAL_TIM_Base_Start_IT)
    i.HAL_TIM_ConfigClockSource              0x08001c0c   Section        0  stm32f1xx_hal_tim.o(i.HAL_TIM_ConfigClockSource)
    i.HAL_TIM_IC_CaptureCallback             0x08001d18   Section        0  stm32f1xx_hal_tim.o(i.HAL_TIM_IC_CaptureCallback)
    i.HAL_TIM_IRQHandler                     0x08001d1a   Section        0  stm32f1xx_hal_tim.o(i.HAL_TIM_IRQHandler)
    i.HAL_TIM_MspPostInit                    0x08001e88   Section        0  tim.o(i.HAL_TIM_MspPostInit)
    i.HAL_TIM_OC_DelayElapsedCallback        0x08001f28   Section        0  stm32f1xx_hal_tim.o(i.HAL_TIM_OC_DelayElapsedCallback)
    i.HAL_TIM_PWM_ConfigChannel              0x08001f2a   Section        0  stm32f1xx_hal_tim.o(i.HAL_TIM_PWM_ConfigChannel)
    i.HAL_TIM_PWM_Init                       0x0800202e   Section        0  stm32f1xx_hal_tim.o(i.HAL_TIM_PWM_Init)
    i.HAL_TIM_PWM_MspInit                    0x08002094   Section        0  stm32f1xx_hal_tim.o(i.HAL_TIM_PWM_MspInit)
    i.HAL_TIM_PWM_PulseFinishedCallback      0x08002096   Section        0  stm32f1xx_hal_tim.o(i.HAL_TIM_PWM_PulseFinishedCallback)
    i.HAL_TIM_PWM_Start                      0x08002098   Section        0  stm32f1xx_hal_tim.o(i.HAL_TIM_PWM_Start)
    i.HAL_TIM_PeriodElapsedCallback          0x0800216c   Section        0  user_time.o(i.HAL_TIM_PeriodElapsedCallback)
    i.HAL_TIM_TriggerCallback                0x0800225c   Section        0  stm32f1xx_hal_tim.o(i.HAL_TIM_TriggerCallback)
    i.HAL_UARTEx_ReceiveToIdle_DMA           0x0800225e   Section        0  stm32f1xx_hal_uart.o(i.HAL_UARTEx_ReceiveToIdle_DMA)
    i.HAL_UARTEx_RxEventCallback             0x080022d0   Section        0  ringbuffer.o(i.HAL_UARTEx_RxEventCallback)
    i.HAL_UART_ErrorCallback                 0x08002338   Section        0  stm32f1xx_hal_uart.o(i.HAL_UART_ErrorCallback)
    i.HAL_UART_IRQHandler                    0x0800233c   Section        0  stm32f1xx_hal_uart.o(i.HAL_UART_IRQHandler)
    i.HAL_UART_Init                          0x08002620   Section        0  stm32f1xx_hal_uart.o(i.HAL_UART_Init)
    i.HAL_UART_MspInit                       0x08002698   Section        0  usart.o(i.HAL_UART_MspInit)
    i.HAL_UART_RxCpltCallback                0x080027e4   Section        0  stm32f1xx_hal_uart.o(i.HAL_UART_RxCpltCallback)
    i.HAL_UART_RxHalfCpltCallback            0x080027e6   Section        0  stm32f1xx_hal_uart.o(i.HAL_UART_RxHalfCpltCallback)
    i.HAL_UART_Transmit                      0x080027e8   Section        0  stm32f1xx_hal_uart.o(i.HAL_UART_Transmit)
    i.HAL_UART_Transmit_DMA                  0x080028a8   Section        0  stm32f1xx_hal_uart.o(i.HAL_UART_Transmit_DMA)
    i.HAL_UART_TxCpltCallback                0x08002934   Section        0  ringbuffer.o(i.HAL_UART_TxCpltCallback)
    i.HAL_UART_TxHalfCpltCallback            0x08002978   Section        0  stm32f1xx_hal_uart.o(i.HAL_UART_TxHalfCpltCallback)
    i.HardFault_Handler                      0x0800297a   Section        0  stm32f1xx_it.o(i.HardFault_Handler)
    i.Is_Timeout                             0x0800297e   Section        0  user.o(i.Is_Timeout)
    i.LED_Off                                0x08002996   Section        0  led_driver.o(i.LED_Off)
    i.LED_On                                 0x080029a6   Section        0  led_driver.o(i.LED_On)
    i.LED_PWM_Init                           0x080029b6   Section        0  led_driver.o(i.LED_PWM_Init)
    i.LED_SetBrightness                      0x080029c6   Section        0  led_driver.o(i.LED_SetBrightness)
    i.Light_Control                          0x08002a00   Section        0  user.o(i.Light_Control)
    i.MX_DMA_Init                            0x08002a50   Section        0  dma.o(i.MX_DMA_Init)
    i.MX_GPIO_Init                           0x08002a84   Section        0  gpio.o(i.MX_GPIO_Init)
    i.MX_TIM1_Init                           0x08002b44   Section        0  tim.o(i.MX_TIM1_Init)
    i.MX_TIM2_Init                           0x08002bb4   Section        0  tim.o(i.MX_TIM2_Init)
    i.MX_USART1_UART_Init                    0x08002c74   Section        0  usart.o(i.MX_USART1_UART_Init)
    i.MX_USART2_UART_Init                    0x08002cac   Section        0  usart.o(i.MX_USART2_UART_Init)
    i.MemManage_Handler                      0x08002ce4   Section        0  stm32f1xx_it.o(i.MemManage_Handler)
    i.Motor_Init                             0x08002ce8   Section        0  ln298motor_driver.o(i.Motor_Init)
    i.Motor_Set_DieSpeed                     0x08002cfe   Section        0  ln298motor_driver.o(i.Motor_Set_DieSpeed)
    i.NMI_Handler                            0x08002d34   Section        0  stm32f1xx_it.o(i.NMI_Handler)
    i.PWM_Init                               0x08002d38   Section        0  ln298motor_driver.o(i.PWM_Init)
    i.PWM_SetDuty                            0x08002d48   Section        0  ln298motor_driver.o(i.PWM_SetDuty)
    i.PendSV_Handler                         0x08002d80   Section        0  stm32f1xx_it.o(i.PendSV_Handler)
    i.RCC_Delay                              0x08002d84   Section        0  stm32f1xx_hal_rcc.o(i.RCC_Delay)
    RCC_Delay                                0x08002d85   Thumb Code    36  stm32f1xx_hal_rcc.o(i.RCC_Delay)
    i.SVC_Handler                            0x08002dac   Section        0  stm32f1xx_it.o(i.SVC_Handler)
    i.SysTick_Handler                        0x08002dae   Section        0  stm32f1xx_it.o(i.SysTick_Handler)
    i.SystemClock_Config                     0x08002db6   Section        0  main.o(i.SystemClock_Config)
    i.SystemInit                             0x08002e1c   Section        0  system_stm32f1xx.o(i.SystemInit)
    i.TIM1_UP_IRQHandler                     0x08002e20   Section        0  stm32f1xx_it.o(i.TIM1_UP_IRQHandler)
    i.TIM_Base_SetConfig                     0x08002e30   Section        0  stm32f1xx_hal_tim.o(i.TIM_Base_SetConfig)
    i.TIM_CCxChannelCmd                      0x08002eb4   Section        0  stm32f1xx_hal_tim.o(i.TIM_CCxChannelCmd)
    i.TIM_ETR_SetConfig                      0x08002ed6   Section        0  stm32f1xx_hal_tim.o(i.TIM_ETR_SetConfig)
    i.TIM_ITRx_SetConfig                     0x08002eec   Section        0  stm32f1xx_hal_tim.o(i.TIM_ITRx_SetConfig)
    TIM_ITRx_SetConfig                       0x08002eed   Thumb Code    18  stm32f1xx_hal_tim.o(i.TIM_ITRx_SetConfig)
    i.TIM_OC1_SetConfig                      0x08002f00   Section        0  stm32f1xx_hal_tim.o(i.TIM_OC1_SetConfig)
    TIM_OC1_SetConfig                        0x08002f01   Thumb Code    90  stm32f1xx_hal_tim.o(i.TIM_OC1_SetConfig)
    i.TIM_OC2_SetConfig                      0x08002f60   Section        0  stm32f1xx_hal_tim.o(i.TIM_OC2_SetConfig)
    i.TIM_OC3_SetConfig                      0x08002fc8   Section        0  stm32f1xx_hal_tim.o(i.TIM_OC3_SetConfig)
    TIM_OC3_SetConfig                        0x08002fc9   Thumb Code    98  stm32f1xx_hal_tim.o(i.TIM_OC3_SetConfig)
    i.TIM_OC4_SetConfig                      0x08003030   Section        0  stm32f1xx_hal_tim.o(i.TIM_OC4_SetConfig)
    TIM_OC4_SetConfig                        0x08003031   Thumb Code    68  stm32f1xx_hal_tim.o(i.TIM_OC4_SetConfig)
    i.TIM_TI1_ConfigInputStage               0x08003078   Section        0  stm32f1xx_hal_tim.o(i.TIM_TI1_ConfigInputStage)
    TIM_TI1_ConfigInputStage                 0x08003079   Thumb Code    38  stm32f1xx_hal_tim.o(i.TIM_TI1_ConfigInputStage)
    i.TIM_TI2_ConfigInputStage               0x0800309e   Section        0  stm32f1xx_hal_tim.o(i.TIM_TI2_ConfigInputStage)
    TIM_TI2_ConfigInputStage                 0x0800309f   Thumb Code    40  stm32f1xx_hal_tim.o(i.TIM_TI2_ConfigInputStage)
    i.Temperature_Control                    0x080030c8   Section        0  user.o(i.Temperature_Control)
    i.UART_DMAAbortOnError                   0x08003190   Section        0  stm32f1xx_hal_uart.o(i.UART_DMAAbortOnError)
    UART_DMAAbortOnError                     0x08003191   Thumb Code    20  stm32f1xx_hal_uart.o(i.UART_DMAAbortOnError)
    i.UART_DMAError                          0x080031a4   Section        0  stm32f1xx_hal_uart.o(i.UART_DMAError)
    UART_DMAError                            0x080031a5   Thumb Code    80  stm32f1xx_hal_uart.o(i.UART_DMAError)
    i.UART_DMAReceiveCplt                    0x080031f4   Section        0  stm32f1xx_hal_uart.o(i.UART_DMAReceiveCplt)
    UART_DMAReceiveCplt                      0x080031f5   Thumb Code   180  stm32f1xx_hal_uart.o(i.UART_DMAReceiveCplt)
    i.UART_DMARxHalfCplt                     0x080032a8   Section        0  stm32f1xx_hal_uart.o(i.UART_DMARxHalfCplt)
    UART_DMARxHalfCplt                       0x080032a9   Thumb Code    36  stm32f1xx_hal_uart.o(i.UART_DMARxHalfCplt)
    i.UART_DMATransmitCplt                   0x080032cc   Section        0  stm32f1xx_hal_uart.o(i.UART_DMATransmitCplt)
    UART_DMATransmitCplt                     0x080032cd   Thumb Code    88  stm32f1xx_hal_uart.o(i.UART_DMATransmitCplt)
    i.UART_DMATxHalfCplt                     0x08003324   Section        0  stm32f1xx_hal_uart.o(i.UART_DMATxHalfCplt)
    UART_DMATxHalfCplt                       0x08003325   Thumb Code    14  stm32f1xx_hal_uart.o(i.UART_DMATxHalfCplt)
    i.UART_DMA_Init                          0x08003334   Section        0  ringbuffer.o(i.UART_DMA_Init)
    i.UART_EndRxTransfer                     0x0800334c   Section        0  stm32f1xx_hal_uart.o(i.UART_EndRxTransfer)
    UART_EndRxTransfer                       0x0800334d   Thumb Code   108  stm32f1xx_hal_uart.o(i.UART_EndRxTransfer)
    i.UART_EndTransmit_IT                    0x080033b8   Section        0  stm32f1xx_hal_uart.o(i.UART_EndTransmit_IT)
    UART_EndTransmit_IT                      0x080033b9   Thumb Code    32  stm32f1xx_hal_uart.o(i.UART_EndTransmit_IT)
    i.UART_EndTxTransfer                     0x080033d8   Section        0  stm32f1xx_hal_uart.o(i.UART_EndTxTransfer)
    UART_EndTxTransfer                       0x080033d9   Thumb Code    38  stm32f1xx_hal_uart.o(i.UART_EndTxTransfer)
    i.UART_Receive_IT                        0x080033fe   Section        0  stm32f1xx_hal_uart.o(i.UART_Receive_IT)
    UART_Receive_IT                          0x080033ff   Thumb Code   252  stm32f1xx_hal_uart.o(i.UART_Receive_IT)
    i.UART_SetConfig                         0x080034fc   Section        0  stm32f1xx_hal_uart.o(i.UART_SetConfig)
    UART_SetConfig                           0x080034fd   Thumb Code   248  stm32f1xx_hal_uart.o(i.UART_SetConfig)
    i.UART_Start_Receive_DMA                 0x080035f8   Section        0  stm32f1xx_hal_uart.o(i.UART_Start_Receive_DMA)
    i.UART_Transmit_IT                       0x080036c0   Section        0  stm32f1xx_hal_uart.o(i.UART_Transmit_IT)
    UART_Transmit_IT                         0x080036c1   Thumb Code    96  stm32f1xx_hal_uart.o(i.UART_Transmit_IT)
    i.UART_WaitOnFlagUntilTimeout            0x08003720   Section        0  stm32f1xx_hal_uart.o(i.UART_WaitOnFlagUntilTimeout)
    UART_WaitOnFlagUntilTimeout              0x08003721   Thumb Code   140  stm32f1xx_hal_uart.o(i.UART_WaitOnFlagUntilTimeout)
    i.USART1_IRQHandler                      0x080037ac   Section        0  stm32f1xx_it.o(i.USART1_IRQHandler)
    i.USART2_IRQHandler                      0x080037bc   Section        0  stm32f1xx_it.o(i.USART2_IRQHandler)
    i.UsageFault_Handler                     0x080037cc   Section        0  stm32f1xx_it.o(i.UsageFault_Handler)
    i.User_Buttion_Init                      0x080037d0   Section        0  user.o(i.User_Buttion_Init)
    i.User_GetButton                         0x080037e0   Section        0  user.o(i.User_GetButton)
    i.User_Init                              0x0800385c   Section        0  user.o(i.User_Init)
    i.User_Loop                              0x0800387c   Section        0  user.o(i.User_Loop)
    i.User_time_init                         0x080038a0   Section        0  user_time.o(i.User_time_init)
    i.__0printf                              0x080038b0   Section        0  printfa.o(i.__0printf)
    i.__NVIC_GetPriorityGrouping             0x080038d0   Section        0  stm32f1xx_hal_cortex.o(i.__NVIC_GetPriorityGrouping)
    __NVIC_GetPriorityGrouping               0x080038d1   Thumb Code    10  stm32f1xx_hal_cortex.o(i.__NVIC_GetPriorityGrouping)
    i.__NVIC_SetPriority                     0x080038e0   Section        0  stm32f1xx_hal_cortex.o(i.__NVIC_SetPriority)
    __NVIC_SetPriority                       0x080038e1   Thumb Code    32  stm32f1xx_hal_cortex.o(i.__NVIC_SetPriority)
    i.__scatterload_copy                     0x08003908   Section       14  handlers.o(i.__scatterload_copy)
    i.__scatterload_null                     0x08003916   Section        2  handlers.o(i.__scatterload_null)
    i.__scatterload_zeroinit                 0x08003918   Section       14  handlers.o(i.__scatterload_zeroinit)
    i._fp_digits                             0x08003928   Section        0  printfa.o(i._fp_digits)
    _fp_digits                               0x08003929   Thumb Code   334  printfa.o(i._fp_digits)
    i._printf_core                           0x08003a8c   Section        0  printfa.o(i._printf_core)
    _printf_core                             0x08003a8d   Thumb Code  1744  printfa.o(i._printf_core)
    i._printf_post_padding                   0x08004168   Section        0  printfa.o(i._printf_post_padding)
    _printf_post_padding                     0x08004169   Thumb Code    36  printfa.o(i._printf_post_padding)
    i._printf_pre_padding                    0x0800418c   Section        0  printfa.o(i._printf_pre_padding)
    _printf_pre_padding                      0x0800418d   Thumb Code    46  printfa.o(i._printf_pre_padding)
    i.delay_init                             0x080041bc   Section        0  delay.o(i.delay_init)
    i.delay_us                               0x080041d8   Section        0  delay.o(i.delay_us)
    i.fputc                                  0x08004220   Section        0  ringbuffer.o(i.fputc)
    i.main                                   0x0800423c   Section        0  main.o(i.main)
    i.ringbuffer_is_empty                    0x08004280   Section        0  ringbuffer.o(i.ringbuffer_is_empty)
    i.ringbuffer_is_full                     0x08004290   Section        0  ringbuffer.o(i.ringbuffer_is_full)
    i.ringbuffer_read                        0x080042a4   Section        0  ringbuffer.o(i.ringbuffer_read)
    i.ringbuffer_write                       0x080042d6   Section        0  ringbuffer.o(i.ringbuffer_write)
    .constdata                               0x08004306   Section       18  stm32f1xx_hal_rcc.o(.constdata)
    aPLLMULFactorTable                       0x08004306   Data          16  stm32f1xx_hal_rcc.o(.constdata)
    aPredivFactorTable                       0x08004316   Data           2  stm32f1xx_hal_rcc.o(.constdata)
    .constdata                               0x08004318   Section       24  system_stm32f1xx.o(.constdata)
    .data                                    0x20000000   Section        9  stm32f1xx_hal.o(.data)
    .data                                    0x2000000c   Section        4  system_stm32f1xx.o(.data)
    .data                                    0x20000010   Section        9  ringbuffer.o(.data)
    .data                                    0x2000001c   Section        8  driver.o(.data)
    .data                                    0x20000024   Section        4  delay.o(.data)
    g_fac_us                                 0x20000024   Data           4  delay.o(.data)
    .data                                    0x20000028   Section       28  user.o(.data)
    userButton                               0x20000028   Data           3  user.o(.data)
    dht11_data                               0x2000002b   Data           2  user.o(.data)
    fan_state                                0x2000002d   Data           1  user.o(.data)
    last_manual_operation_time               0x20000030   Data           4  user.o(.data)
    last_operation_time                      0x20000034   Data           4  user.o(.data)
    last_auto_off_time                       0x20000038   Data           4  user.o(.data)
    is_auto_control_enabled                  0x2000003c   Data           1  user.o(.data)
    .data                                    0x20000044   Section       12  user_time.o(.data)
    g_u32Userminute                          0x20000044   Data           4  user_time.o(.data)
    logButton                                0x20000048   Data           3  user_time.o(.data)
    logDHT_date                              0x2000004b   Data           2  user_time.o(.data)
    count                                    0x2000004e   Data           2  user_time.o(.data)
    .data                                    0x20000050   Section        4  stdout.o(.data)
    .bss                                     0x20000054   Section      144  tim.o(.bss)
    .bss                                     0x200000e4   Section      212  usart.o(.bss)
    .bss                                     0x200001b8   Section     1048  ringbuffer.o(.bss)
    .bss                                     0x200005d0   Section       84  driver.o(.bss)
    STACK                                    0x20000628   Section     1024  startup_stm32f103xb.o(STACK)

    Global Symbols

    Symbol Name                              Value     Ov Type        Size  Object(Section)

    BuildAttributes$$THM_ISAv4$P$D$K$B$S$PE$A:L22UL41UL21$X:L11$S22US41US21$IEEE1$IW$USESV6$~STKCKD$USESV7$~SHL$OSPACE$ROPI$EBA8$MICROLIB$REQ8$PRES8$EABIv2 0x00000000   Number         0  anon$$obj.o ABSOLUTE
    __ARM_use_no_argv                        0x00000000   Number         0  main.o ABSOLUTE
    _printf_a                                0x00000000   Number         0  stubs.o ABSOLUTE
    _printf_c                                0x00000000   Number         0  stubs.o ABSOLUTE
    _printf_charcount                        0x00000000   Number         0  stubs.o ABSOLUTE
    _printf_d                                0x00000000   Number         0  stubs.o ABSOLUTE
    _printf_e                                0x00000000   Number         0  stubs.o ABSOLUTE
    _printf_f                                0x00000000   Number         0  stubs.o ABSOLUTE
    _printf_flags                            0x00000000   Number         0  stubs.o ABSOLUTE
    _printf_fp_dec                           0x00000000   Number         0  stubs.o ABSOLUTE
    _printf_fp_hex                           0x00000000   Number         0  stubs.o ABSOLUTE
    _printf_g                                0x00000000   Number         0  stubs.o ABSOLUTE
    _printf_i                                0x00000000   Number         0  stubs.o ABSOLUTE
    _printf_int_dec                          0x00000000   Number         0  stubs.o ABSOLUTE
    _printf_l                                0x00000000   Number         0  stubs.o ABSOLUTE
    _printf_lc                               0x00000000   Number         0  stubs.o ABSOLUTE
    _printf_ll                               0x00000000   Number         0  stubs.o ABSOLUTE
    _printf_lld                              0x00000000   Number         0  stubs.o ABSOLUTE
    _printf_lli                              0x00000000   Number         0  stubs.o ABSOLUTE
    _printf_llo                              0x00000000   Number         0  stubs.o ABSOLUTE
    _printf_llu                              0x00000000   Number         0  stubs.o ABSOLUTE
    _printf_llx                              0x00000000   Number         0  stubs.o ABSOLUTE
    _printf_longlong_dec                     0x00000000   Number         0  stubs.o ABSOLUTE
    _printf_longlong_hex                     0x00000000   Number         0  stubs.o ABSOLUTE
    _printf_longlong_oct                     0x00000000   Number         0  stubs.o ABSOLUTE
    _printf_ls                               0x00000000   Number         0  stubs.o ABSOLUTE
    _printf_mbtowc                           0x00000000   Number         0  stubs.o ABSOLUTE
    _printf_n                                0x00000000   Number         0  stubs.o ABSOLUTE
    _printf_o                                0x00000000   Number         0  stubs.o ABSOLUTE
    _printf_p                                0x00000000   Number         0  stubs.o ABSOLUTE
    _printf_percent                          0x00000000   Number         0  stubs.o ABSOLUTE
    _printf_pre_padding                      0x00000000   Number         0  stubs.o ABSOLUTE
    _printf_return_value                     0x00000000   Number         0  stubs.o ABSOLUTE
    _printf_s                                0x00000000   Number         0  stubs.o ABSOLUTE
    _printf_sizespec                         0x00000000   Number         0  stubs.o ABSOLUTE
    _printf_str                              0x00000000   Number         0  stubs.o ABSOLUTE
    _printf_truncate_signed                  0x00000000   Number         0  stubs.o ABSOLUTE
    _printf_truncate_unsigned                0x00000000   Number         0  stubs.o ABSOLUTE
    _printf_u                                0x00000000   Number         0  stubs.o ABSOLUTE
    _printf_wc                               0x00000000   Number         0  stubs.o ABSOLUTE
    _printf_wctomb                           0x00000000   Number         0  stubs.o ABSOLUTE
    _printf_widthprec                        0x00000000   Number         0  stubs.o ABSOLUTE
    _printf_x                                0x00000000   Number         0  stubs.o ABSOLUTE
    __cpp_initialize__aeabi_                  - Undefined Weak Reference
    __cxa_finalize                            - Undefined Weak Reference
    __decompress                              - Undefined Weak Reference
    _clock_init                               - Undefined Weak Reference
    _microlib_exit                            - Undefined Weak Reference
    __Vectors_Size                           0x000000ec   Number         0  startup_stm32f103xb.o ABSOLUTE
    __Vectors                                0x08000000   Data           4  startup_stm32f103xb.o(RESET)
    __Vectors_End                            0x080000ec   Data           0  startup_stm32f103xb.o(RESET)
    __main                                   0x080000ed   Thumb Code     0  entry.o(.ARM.Collect$$$$00000000)
    _main_stk                                0x080000ed   Thumb Code     0  entry2.o(.ARM.Collect$$$$00000001)
    _main_scatterload                        0x080000f1   Thumb Code     0  entry5.o(.ARM.Collect$$$$00000004)
    __main_after_scatterload                 0x080000f5   Thumb Code     0  entry5.o(.ARM.Collect$$$$00000004)
    _main_clock                              0x080000f5   Thumb Code     0  entry7b.o(.ARM.Collect$$$$00000008)
    _main_cpp_init                           0x080000f5   Thumb Code     0  entry8b.o(.ARM.Collect$$$$0000000A)
    _main_init                               0x080000f5   Thumb Code     0  entry9a.o(.ARM.Collect$$$$0000000B)
    __rt_final_cpp                           0x080000fd   Thumb Code     0  entry10a.o(.ARM.Collect$$$$0000000D)
    __rt_final_exit                          0x080000fd   Thumb Code     0  entry11a.o(.ARM.Collect$$$$0000000F)
    Reset_Handler                            0x08000101   Thumb Code     8  startup_stm32f103xb.o(.text)
    ADC1_2_IRQHandler                        0x0800011b   Thumb Code     0  startup_stm32f103xb.o(.text)
    CAN1_RX1_IRQHandler                      0x0800011b   Thumb Code     0  startup_stm32f103xb.o(.text)
    CAN1_SCE_IRQHandler                      0x0800011b   Thumb Code     0  startup_stm32f103xb.o(.text)
    DMA1_Channel1_IRQHandler                 0x0800011b   Thumb Code     0  startup_stm32f103xb.o(.text)
    DMA1_Channel2_IRQHandler                 0x0800011b   Thumb Code     0  startup_stm32f103xb.o(.text)
    DMA1_Channel3_IRQHandler                 0x0800011b   Thumb Code     0  startup_stm32f103xb.o(.text)
    DMA1_Channel4_IRQHandler                 0x0800011b   Thumb Code     0  startup_stm32f103xb.o(.text)
    DMA1_Channel5_IRQHandler                 0x0800011b   Thumb Code     0  startup_stm32f103xb.o(.text)
    DMA1_Channel7_IRQHandler                 0x0800011b   Thumb Code     0  startup_stm32f103xb.o(.text)
    EXTI0_IRQHandler                         0x0800011b   Thumb Code     0  startup_stm32f103xb.o(.text)
    EXTI15_10_IRQHandler                     0x0800011b   Thumb Code     0  startup_stm32f103xb.o(.text)
    EXTI1_IRQHandler                         0x0800011b   Thumb Code     0  startup_stm32f103xb.o(.text)
    EXTI2_IRQHandler                         0x0800011b   Thumb Code     0  startup_stm32f103xb.o(.text)
    EXTI3_IRQHandler                         0x0800011b   Thumb Code     0  startup_stm32f103xb.o(.text)
    EXTI4_IRQHandler                         0x0800011b   Thumb Code     0  startup_stm32f103xb.o(.text)
    EXTI9_5_IRQHandler                       0x0800011b   Thumb Code     0  startup_stm32f103xb.o(.text)
    FLASH_IRQHandler                         0x0800011b   Thumb Code     0  startup_stm32f103xb.o(.text)
    I2C1_ER_IRQHandler                       0x0800011b   Thumb Code     0  startup_stm32f103xb.o(.text)
    I2C1_EV_IRQHandler                       0x0800011b   Thumb Code     0  startup_stm32f103xb.o(.text)
    I2C2_ER_IRQHandler                       0x0800011b   Thumb Code     0  startup_stm32f103xb.o(.text)
    I2C2_EV_IRQHandler                       0x0800011b   Thumb Code     0  startup_stm32f103xb.o(.text)
    PVD_IRQHandler                           0x0800011b   Thumb Code     0  startup_stm32f103xb.o(.text)
    RCC_IRQHandler                           0x0800011b   Thumb Code     0  startup_stm32f103xb.o(.text)
    RTC_Alarm_IRQHandler                     0x0800011b   Thumb Code     0  startup_stm32f103xb.o(.text)
    RTC_IRQHandler                           0x0800011b   Thumb Code     0  startup_stm32f103xb.o(.text)
    SPI1_IRQHandler                          0x0800011b   Thumb Code     0  startup_stm32f103xb.o(.text)
    SPI2_IRQHandler                          0x0800011b   Thumb Code     0  startup_stm32f103xb.o(.text)
    TAMPER_IRQHandler                        0x0800011b   Thumb Code     0  startup_stm32f103xb.o(.text)
    TIM1_BRK_IRQHandler                      0x0800011b   Thumb Code     0  startup_stm32f103xb.o(.text)
    TIM1_CC_IRQHandler                       0x0800011b   Thumb Code     0  startup_stm32f103xb.o(.text)
    TIM1_TRG_COM_IRQHandler                  0x0800011b   Thumb Code     0  startup_stm32f103xb.o(.text)
    TIM2_IRQHandler                          0x0800011b   Thumb Code     0  startup_stm32f103xb.o(.text)
    TIM3_IRQHandler                          0x0800011b   Thumb Code     0  startup_stm32f103xb.o(.text)
    TIM4_IRQHandler                          0x0800011b   Thumb Code     0  startup_stm32f103xb.o(.text)
    USART3_IRQHandler                        0x0800011b   Thumb Code     0  startup_stm32f103xb.o(.text)
    USBWakeUp_IRQHandler                     0x0800011b   Thumb Code     0  startup_stm32f103xb.o(.text)
    USB_HP_CAN1_TX_IRQHandler                0x0800011b   Thumb Code     0  startup_stm32f103xb.o(.text)
    USB_LP_CAN1_RX0_IRQHandler               0x0800011b   Thumb Code     0  startup_stm32f103xb.o(.text)
    WWDG_IRQHandler                          0x0800011b   Thumb Code     0  startup_stm32f103xb.o(.text)
    __aeabi_llsr                             0x08000125   Thumb Code    32  llushr.o(.text)
    _ll_ushift_r                             0x08000125   Thumb Code     0  llushr.o(.text)
    __aeabi_memset                           0x08000145   Thumb Code    14  memseta.o(.text)
    __aeabi_memset4                          0x08000145   Thumb Code     0  memseta.o(.text)
    __aeabi_memset8                          0x08000145   Thumb Code     0  memseta.o(.text)
    __aeabi_memclr                           0x08000153   Thumb Code     4  memseta.o(.text)
    __aeabi_memclr4                          0x08000153   Thumb Code     0  memseta.o(.text)
    __aeabi_memclr8                          0x08000153   Thumb Code     0  memseta.o(.text)
    _memset$wrapper                          0x08000157   Thumb Code    18  memseta.o(.text)
    __aeabi_uidiv                            0x08000169   Thumb Code     0  uidiv.o(.text)
    __aeabi_uidivmod                         0x08000169   Thumb Code    44  uidiv.o(.text)
    __aeabi_uldivmod                         0x08000195   Thumb Code    98  uldiv.o(.text)
    __I$use$fp                               0x080001f7   Thumb Code     0  iusefp.o(.text)
    __aeabi_dadd                             0x080001f7   Thumb Code   322  dadd.o(.text)
    __aeabi_dsub                             0x08000339   Thumb Code     6  dadd.o(.text)
    __aeabi_drsub                            0x0800033f   Thumb Code     6  dadd.o(.text)
    __aeabi_dmul                             0x08000345   Thumb Code   228  dmul.o(.text)
    __aeabi_ddiv                             0x08000429   Thumb Code   222  ddiv.o(.text)
    __aeabi_d2ulz                            0x08000507   Thumb Code    48  dfixul.o(.text)
    __aeabi_cdrcmple                         0x08000539   Thumb Code    48  cdrcmple.o(.text)
    __scatterload                            0x08000569   Thumb Code    28  init.o(.text)
    __scatterload_rt2                        0x08000569   Thumb Code     0  init.o(.text)
    __aeabi_llsl                             0x0800058d   Thumb Code    30  llshl.o(.text)
    _ll_shift_l                              0x0800058d   Thumb Code     0  llshl.o(.text)
    __aeabi_lasr                             0x080005ab   Thumb Code    36  llsshr.o(.text)
    _ll_sshift_r                             0x080005ab   Thumb Code     0  llsshr.o(.text)
    _double_round                            0x080005cf   Thumb Code    30  depilogue.o(.text)
    _double_epilogue                         0x080005ed   Thumb Code   156  depilogue.o(.text)
    BusFault_Handler                         0x08000689   Thumb Code     4  stm32f1xx_it.o(i.BusFault_Handler)
    Button_GetEvent                          0x0800068d   Thumb Code    64  key_driver.o(i.Button_GetEvent)
    Button_Init                              0x080006cd   Thumb Code   160  key_driver.o(i.Button_Init)
    Button_Output                            0x0800077d   Thumb Code    24  user.o(i.Button_Output)
    DHT11_GPIO_Set_Input                     0x08000799   Thumb Code    36  dht11_driver.o(i.DHT11_GPIO_Set_Input)
    DHT11_GPIO_Set_Output                    0x080007bd   Thumb Code    40  dht11_driver.o(i.DHT11_GPIO_Set_Output)
    DHT11_Get                                0x080007e5   Thumb Code    16  user.o(i.DHT11_Get)
    DHT11_Read                               0x080007f9   Thumb Code   216  dht11_driver.o(i.DHT11_Read)
    DMA1_Channel6_IRQHandler                 0x0800095d   Thumb Code    10  stm32f1xx_it.o(i.DMA1_Channel6_IRQHandler)
    DebugMon_Handler                         0x08000999   Thumb Code     2  stm32f1xx_it.o(i.DebugMon_Handler)
    Driver_Init                              0x0800099d   Thumb Code    90  driver.o(i.Driver_Init)
    Error_Handler                            0x08000a19   Thumb Code     6  main.o(i.Error_Handler)
    Fan_Control                              0x08000a21   Thumb Code    88  user.o(i.Fan_Control)
    Gps_start                                0x08000a85   Thumb Code    24  user.o(i.Gps_start)
    HAL_DMA_Abort                            0x08000aa1   Thumb Code    86  stm32f1xx_hal_dma.o(i.HAL_DMA_Abort)
    HAL_DMA_Abort_IT                         0x08000af9   Thumb Code   172  stm32f1xx_hal_dma.o(i.HAL_DMA_Abort_IT)
    HAL_DMA_IRQHandler                       0x08000ba9   Thumb Code   408  stm32f1xx_hal_dma.o(i.HAL_DMA_IRQHandler)
    HAL_DMA_Init                             0x08000d45   Thumb Code   100  stm32f1xx_hal_dma.o(i.HAL_DMA_Init)
    HAL_DMA_Start_IT                         0x08000dad   Thumb Code   156  stm32f1xx_hal_dma.o(i.HAL_DMA_Start_IT)
    HAL_Delay                                0x08000e49   Thumb Code    36  stm32f1xx_hal.o(i.HAL_Delay)
    HAL_GPIO_Init                            0x08000e71   Thumb Code   766  stm32f1xx_hal_gpio.o(i.HAL_GPIO_Init)
    HAL_GPIO_ReadPin                         0x08001191   Thumb Code    16  stm32f1xx_hal_gpio.o(i.HAL_GPIO_ReadPin)
    HAL_GPIO_WritePin                        0x080011a1   Thumb Code    12  stm32f1xx_hal_gpio.o(i.HAL_GPIO_WritePin)
    HAL_GetTick                              0x080011ad   Thumb Code     6  stm32f1xx_hal.o(i.HAL_GetTick)
    HAL_IncTick                              0x080011b9   Thumb Code    16  stm32f1xx_hal.o(i.HAL_IncTick)
    HAL_Init                                 0x080011d1   Thumb Code    34  stm32f1xx_hal.o(i.HAL_Init)
    HAL_InitTick                             0x080011f9   Thumb Code    64  stm32f1xx_hal.o(i.HAL_InitTick)
    HAL_MspInit                              0x08001245   Thumb Code    76  stm32f1xx_hal_msp.o(i.HAL_MspInit)
    HAL_NVIC_EnableIRQ                       0x08001299   Thumb Code    32  stm32f1xx_hal_cortex.o(i.HAL_NVIC_EnableIRQ)
    HAL_NVIC_SetPriority                     0x080012b9   Thumb Code   124  stm32f1xx_hal_cortex.o(i.HAL_NVIC_SetPriority)
    HAL_NVIC_SetPriorityGrouping             0x08001335   Thumb Code    32  stm32f1xx_hal_cortex.o(i.HAL_NVIC_SetPriorityGrouping)
    HAL_RCC_ClockConfig                      0x0800135d   Thumb Code   376  stm32f1xx_hal_rcc.o(i.HAL_RCC_ClockConfig)
    HAL_RCC_GetHCLKFreq                      0x080014e9   Thumb Code     6  stm32f1xx_hal_rcc.o(i.HAL_RCC_GetHCLKFreq)
    HAL_RCC_GetPCLK1Freq                     0x080014f5   Thumb Code    22  stm32f1xx_hal_rcc.o(i.HAL_RCC_GetPCLK1Freq)
    HAL_RCC_GetPCLK2Freq                     0x08001515   Thumb Code    22  stm32f1xx_hal_rcc.o(i.HAL_RCC_GetPCLK2Freq)
    HAL_RCC_GetSysClockFreq                  0x08001535   Thumb Code    92  stm32f1xx_hal_rcc.o(i.HAL_RCC_GetSysClockFreq)
    HAL_RCC_OscConfig                        0x080015a5   Thumb Code  1114  stm32f1xx_hal_rcc.o(i.HAL_RCC_OscConfig)
    HAL_SYSTICK_Config                       0x08001a09   Thumb Code    52  stm32f1xx_hal_cortex.o(i.HAL_SYSTICK_Config)
    HAL_TIMEx_BreakCallback                  0x08001a3d   Thumb Code     2  stm32f1xx_hal_tim_ex.o(i.HAL_TIMEx_BreakCallback)
    HAL_TIMEx_CommutCallback                 0x08001a3f   Thumb Code     2  stm32f1xx_hal_tim_ex.o(i.HAL_TIMEx_CommutCallback)
    HAL_TIMEx_MasterConfigSynchronization    0x08001a41   Thumb Code   118  stm32f1xx_hal_tim_ex.o(i.HAL_TIMEx_MasterConfigSynchronization)
    HAL_TIM_Base_Init                        0x08001ac5   Thumb Code   102  stm32f1xx_hal_tim.o(i.HAL_TIM_Base_Init)
    HAL_TIM_Base_MspInit                     0x08001b2d   Thumb Code    96  tim.o(i.HAL_TIM_Base_MspInit)
    HAL_TIM_Base_Start_IT                    0x08001b95   Thumb Code   106  stm32f1xx_hal_tim.o(i.HAL_TIM_Base_Start_IT)
    HAL_TIM_ConfigClockSource                0x08001c0d   Thumb Code   268  stm32f1xx_hal_tim.o(i.HAL_TIM_ConfigClockSource)
    HAL_TIM_IC_CaptureCallback               0x08001d19   Thumb Code     2  stm32f1xx_hal_tim.o(i.HAL_TIM_IC_CaptureCallback)
    HAL_TIM_IRQHandler                       0x08001d1b   Thumb Code   364  stm32f1xx_hal_tim.o(i.HAL_TIM_IRQHandler)
    HAL_TIM_MspPostInit                      0x08001e89   Thumb Code   142  tim.o(i.HAL_TIM_MspPostInit)
    HAL_TIM_OC_DelayElapsedCallback          0x08001f29   Thumb Code     2  stm32f1xx_hal_tim.o(i.HAL_TIM_OC_DelayElapsedCallback)
    HAL_TIM_PWM_ConfigChannel                0x08001f2b   Thumb Code   260  stm32f1xx_hal_tim.o(i.HAL_TIM_PWM_ConfigChannel)
    HAL_TIM_PWM_Init                         0x0800202f   Thumb Code   102  stm32f1xx_hal_tim.o(i.HAL_TIM_PWM_Init)
    HAL_TIM_PWM_MspInit                      0x08002095   Thumb Code     2  stm32f1xx_hal_tim.o(i.HAL_TIM_PWM_MspInit)
    HAL_TIM_PWM_PulseFinishedCallback        0x08002097   Thumb Code     2  stm32f1xx_hal_tim.o(i.HAL_TIM_PWM_PulseFinishedCallback)
    HAL_TIM_PWM_Start                        0x08002099   Thumb Code   198  stm32f1xx_hal_tim.o(i.HAL_TIM_PWM_Start)
    HAL_TIM_PeriodElapsedCallback            0x0800216d   Thumb Code   134  user_time.o(i.HAL_TIM_PeriodElapsedCallback)
    HAL_TIM_TriggerCallback                  0x0800225d   Thumb Code     2  stm32f1xx_hal_tim.o(i.HAL_TIM_TriggerCallback)
    HAL_UARTEx_ReceiveToIdle_DMA             0x0800225f   Thumb Code   112  stm32f1xx_hal_uart.o(i.HAL_UARTEx_ReceiveToIdle_DMA)
    HAL_UARTEx_RxEventCallback               0x080022d1   Thumb Code    88  ringbuffer.o(i.HAL_UARTEx_RxEventCallback)
    HAL_UART_ErrorCallback                   0x08002339   Thumb Code     2  stm32f1xx_hal_uart.o(i.HAL_UART_ErrorCallback)
    HAL_UART_IRQHandler                      0x0800233d   Thumb Code   736  stm32f1xx_hal_uart.o(i.HAL_UART_IRQHandler)
    HAL_UART_Init                            0x08002621   Thumb Code   118  stm32f1xx_hal_uart.o(i.HAL_UART_Init)
    HAL_UART_MspInit                         0x08002699   Thumb Code   306  usart.o(i.HAL_UART_MspInit)
    HAL_UART_RxCpltCallback                  0x080027e5   Thumb Code     2  stm32f1xx_hal_uart.o(i.HAL_UART_RxCpltCallback)
    HAL_UART_RxHalfCpltCallback              0x080027e7   Thumb Code     2  stm32f1xx_hal_uart.o(i.HAL_UART_RxHalfCpltCallback)
    HAL_UART_Transmit                        0x080027e9   Thumb Code   190  stm32f1xx_hal_uart.o(i.HAL_UART_Transmit)
    HAL_UART_Transmit_DMA                    0x080028a9   Thumb Code   128  stm32f1xx_hal_uart.o(i.HAL_UART_Transmit_DMA)
    HAL_UART_TxCpltCallback                  0x08002935   Thumb Code    50  ringbuffer.o(i.HAL_UART_TxCpltCallback)
    HAL_UART_TxHalfCpltCallback              0x08002979   Thumb Code     2  stm32f1xx_hal_uart.o(i.HAL_UART_TxHalfCpltCallback)
    HardFault_Handler                        0x0800297b   Thumb Code     4  stm32f1xx_it.o(i.HardFault_Handler)
    Is_Timeout                               0x0800297f   Thumb Code    24  user.o(i.Is_Timeout)
    LED_Off                                  0x08002997   Thumb Code    16  led_driver.o(i.LED_Off)
    LED_On                                   0x080029a7   Thumb Code    16  led_driver.o(i.LED_On)
    LED_PWM_Init                             0x080029b7   Thumb Code    16  led_driver.o(i.LED_PWM_Init)
    LED_SetBrightness                        0x080029c7   Thumb Code    56  led_driver.o(i.LED_SetBrightness)
    Light_Control                            0x08002a01   Thumb Code    74  user.o(i.Light_Control)
    MX_DMA_Init                              0x08002a51   Thumb Code    48  dma.o(i.MX_DMA_Init)
    MX_GPIO_Init                             0x08002a85   Thumb Code   180  gpio.o(i.MX_GPIO_Init)
    MX_TIM1_Init                             0x08002b45   Thumb Code   102  tim.o(i.MX_TIM1_Init)
    MX_TIM2_Init                             0x08002bb5   Thumb Code   188  tim.o(i.MX_TIM2_Init)
    MX_USART1_UART_Init                      0x08002c75   Thumb Code    46  usart.o(i.MX_USART1_UART_Init)
    MX_USART2_UART_Init                      0x08002cad   Thumb Code    46  usart.o(i.MX_USART2_UART_Init)
    MemManage_Handler                        0x08002ce5   Thumb Code     4  stm32f1xx_it.o(i.MemManage_Handler)
    Motor_Init                               0x08002ce9   Thumb Code    22  ln298motor_driver.o(i.Motor_Init)
    Motor_Set_DieSpeed                       0x08002cff   Thumb Code    54  ln298motor_driver.o(i.Motor_Set_DieSpeed)
    NMI_Handler                              0x08002d35   Thumb Code     4  stm32f1xx_it.o(i.NMI_Handler)
    PWM_Init                                 0x08002d39   Thumb Code    16  ln298motor_driver.o(i.PWM_Init)
    PWM_SetDuty                              0x08002d49   Thumb Code    56  ln298motor_driver.o(i.PWM_SetDuty)
    PendSV_Handler                           0x08002d81   Thumb Code     2  stm32f1xx_it.o(i.PendSV_Handler)
    SVC_Handler                              0x08002dad   Thumb Code     2  stm32f1xx_it.o(i.SVC_Handler)
    SysTick_Handler                          0x08002daf   Thumb Code     8  stm32f1xx_it.o(i.SysTick_Handler)
    SystemClock_Config                       0x08002db7   Thumb Code   102  main.o(i.SystemClock_Config)
    SystemInit                               0x08002e1d   Thumb Code     2  system_stm32f1xx.o(i.SystemInit)
    TIM1_UP_IRQHandler                       0x08002e21   Thumb Code    10  stm32f1xx_it.o(i.TIM1_UP_IRQHandler)
    TIM_Base_SetConfig                       0x08002e31   Thumb Code   120  stm32f1xx_hal_tim.o(i.TIM_Base_SetConfig)
    TIM_CCxChannelCmd                        0x08002eb5   Thumb Code    34  stm32f1xx_hal_tim.o(i.TIM_CCxChannelCmd)
    TIM_ETR_SetConfig                        0x08002ed7   Thumb Code    22  stm32f1xx_hal_tim.o(i.TIM_ETR_SetConfig)
    TIM_OC2_SetConfig                        0x08002f61   Thumb Code   100  stm32f1xx_hal_tim.o(i.TIM_OC2_SetConfig)
    Temperature_Control                      0x080030c9   Thumb Code   158  user.o(i.Temperature_Control)
    UART_DMA_Init                            0x08003335   Thumb Code    16  ringbuffer.o(i.UART_DMA_Init)
    UART_Start_Receive_DMA                   0x080035f9   Thumb Code   186  stm32f1xx_hal_uart.o(i.UART_Start_Receive_DMA)
    USART1_IRQHandler                        0x080037ad   Thumb Code    10  stm32f1xx_it.o(i.USART1_IRQHandler)
    USART2_IRQHandler                        0x080037bd   Thumb Code    10  stm32f1xx_it.o(i.USART2_IRQHandler)
    UsageFault_Handler                       0x080037cd   Thumb Code     4  stm32f1xx_it.o(i.UsageFault_Handler)
    User_Buttion_Init                        0x080037d1   Thumb Code    12  user.o(i.User_Buttion_Init)
    User_GetButton                           0x080037e1   Thumb Code   106  user.o(i.User_GetButton)
    User_Init                                0x0800385d   Thumb Code    26  user.o(i.User_Init)
    User_Loop                                0x0800387d   Thumb Code    30  user.o(i.User_Loop)
    User_time_init                           0x080038a1   Thumb Code    10  user_time.o(i.User_time_init)
    __0printf                                0x080038b1   Thumb Code    22  printfa.o(i.__0printf)
    __1printf                                0x080038b1   Thumb Code     0  printfa.o(i.__0printf)
    __2printf                                0x080038b1   Thumb Code     0  printfa.o(i.__0printf)
    __c89printf                              0x080038b1   Thumb Code     0  printfa.o(i.__0printf)
    printf                                   0x080038b1   Thumb Code     0  printfa.o(i.__0printf)
    __scatterload_copy                       0x08003909   Thumb Code    14  handlers.o(i.__scatterload_copy)
    __scatterload_null                       0x08003917   Thumb Code     2  handlers.o(i.__scatterload_null)
    __scatterload_zeroinit                   0x08003919   Thumb Code    14  handlers.o(i.__scatterload_zeroinit)
    delay_init                               0x080041bd   Thumb Code    18  delay.o(i.delay_init)
    delay_us                                 0x080041d9   Thumb Code    68  delay.o(i.delay_us)
    fputc                                    0x08004221   Thumb Code    22  ringbuffer.o(i.fputc)
    main                                     0x0800423d   Thumb Code    50  main.o(i.main)
    ringbuffer_is_empty                      0x08004281   Thumb Code    16  ringbuffer.o(i.ringbuffer_is_empty)
    ringbuffer_is_full                       0x08004291   Thumb Code    20  ringbuffer.o(i.ringbuffer_is_full)
    ringbuffer_read                          0x080042a5   Thumb Code    50  ringbuffer.o(i.ringbuffer_read)
    ringbuffer_write                         0x080042d7   Thumb Code    48  ringbuffer.o(i.ringbuffer_write)
    AHBPrescTable                            0x08004318   Data          16  system_stm32f1xx.o(.constdata)
    APBPrescTable                            0x08004328   Data           8  system_stm32f1xx.o(.constdata)
    Region$$Table$$Base                      0x08004330   Number         0  anon$$obj.o(Region$$Table)
    Region$$Table$$Limit                     0x08004350   Number         0  anon$$obj.o(Region$$Table)
    uwTick                                   0x20000000   Data           4  stm32f1xx_hal.o(.data)
    uwTickPrio                               0x20000004   Data           4  stm32f1xx_hal.o(.data)
    uwTickFreq                               0x20000008   Data           1  stm32f1xx_hal.o(.data)
    SystemCoreClock                          0x2000000c   Data           4  system_stm32f1xx.o(.data)
    send_in_progress                         0x20000010   Data           1  ringbuffer.o(.data)
    send_head                                0x20000012   Data           2  ringbuffer.o(.data)
    send_tail                                0x20000014   Data           2  ringbuffer.o(.data)
    send_count                               0x20000016   Data           2  ringbuffer.o(.data)
    g_data_ready_flag                        0x20000018   Data           1  ringbuffer.o(.data)
    hgps_led                                 0x2000001c   Data           8  driver.o(.data)
    current_time                             0x20000040   Data           4  user.o(.data)
    __stdout                                 0x20000050   Data           4  stdout.o(.data)
    htim1                                    0x20000054   Data          72  tim.o(.bss)
    htim2                                    0x2000009c   Data          72  tim.o(.bss)
    huart1                                   0x200000e4   Data          72  usart.o(.bss)
    huart2                                   0x2000012c   Data          72  usart.o(.bss)
    hdma_usart2_rx                           0x20000174   Data          68  usart.o(.bss)
    uart_rx_dma_buffer                       0x200001b8   Data         256  ringbuffer.o(.bss)
    usart_rx_rb                              0x200002b8   Data         268  ringbuffer.o(.bss)
    usart_tx_rb                              0x200003c4   Data         268  ringbuffer.o(.bss)
    send_buffer                              0x200004d0   Data         256  ringbuffer.o(.bss)
    hMotor                                   0x200005d0   Data          36  driver.o(.bss)
    hButton1                                 0x200005f4   Data          16  driver.o(.bss)
    hButton2                                 0x20000604   Data          16  driver.o(.bss)
    hButton3                                 0x20000614   Data          16  driver.o(.bss)
    __initial_sp                             0x20000a28   Data           0  startup_stm32f103xb.o(STACK)



==============================================================================

Memory Map of the image

  Image Entry point : 0x080000ed

  Load Region LR_IROM1 (Base: 0x08000000, Size: 0x000043a4, Max: 0x00010000, ABSOLUTE)

    Execution Region ER_IROM1 (Exec base: 0x08000000, Load base: 0x08000000, Size: 0x00004350, Max: 0x00010000, ABSOLUTE)

    Exec Addr    Load Addr    Size         Type   Attr      Idx    E Section Name        Object

    0x08000000   0x08000000   0x000000ec   Data   RO            3    RESET               startup_stm32f103xb.o
    0x080000ec   0x080000ec   0x00000000   Code   RO         3520  * .ARM.Collect$$$$00000000  mc_w.l(entry.o)
    0x080000ec   0x080000ec   0x00000004   Code   RO         3794    .ARM.Collect$$$$00000001  mc_w.l(entry2.o)
    0x080000f0   0x080000f0   0x00000004   Code   RO         3797    .ARM.Collect$$$$00000004  mc_w.l(entry5.o)
    0x080000f4   0x080000f4   0x00000000   Code   RO         3799    .ARM.Collect$$$$00000008  mc_w.l(entry7b.o)
    0x080000f4   0x080000f4   0x00000000   Code   RO         3801    .ARM.Collect$$$$0000000A  mc_w.l(entry8b.o)
    0x080000f4   0x080000f4   0x00000008   Code   RO         3802    .ARM.Collect$$$$0000000B  mc_w.l(entry9a.o)
    0x080000fc   0x080000fc   0x00000000   Code   RO         3804    .ARM.Collect$$$$0000000D  mc_w.l(entry10a.o)
    0x080000fc   0x080000fc   0x00000000   Code   RO         3806    .ARM.Collect$$$$0000000F  mc_w.l(entry11a.o)
    0x080000fc   0x080000fc   0x00000004   Code   RO         3795    .ARM.Collect$$$$00002712  mc_w.l(entry2.o)
    0x08000100   0x08000100   0x00000024   Code   RO            4    .text               startup_stm32f103xb.o
    0x08000124   0x08000124   0x00000020   Code   RO         3523    .text               mc_w.l(llushr.o)
    0x08000144   0x08000144   0x00000024   Code   RO         3527    .text               mc_w.l(memseta.o)
    0x08000168   0x08000168   0x0000002c   Code   RO         3809    .text               mc_w.l(uidiv.o)
    0x08000194   0x08000194   0x00000062   Code   RO         3811    .text               mc_w.l(uldiv.o)
    0x080001f6   0x080001f6   0x00000000   Code   RO         3813    .text               mc_w.l(iusefp.o)
    0x080001f6   0x080001f6   0x0000014e   Code   RO         3814    .text               mf_w.l(dadd.o)
    0x08000344   0x08000344   0x000000e4   Code   RO         3816    .text               mf_w.l(dmul.o)
    0x08000428   0x08000428   0x000000de   Code   RO         3818    .text               mf_w.l(ddiv.o)
    0x08000506   0x08000506   0x00000030   Code   RO         3820    .text               mf_w.l(dfixul.o)
    0x08000536   0x08000536   0x00000002   PAD
    0x08000538   0x08000538   0x00000030   Code   RO         3822    .text               mf_w.l(cdrcmple.o)
    0x08000568   0x08000568   0x00000024   Code   RO         3824    .text               mc_w.l(init.o)
    0x0800058c   0x0800058c   0x0000001e   Code   RO         3826    .text               mc_w.l(llshl.o)
    0x080005aa   0x080005aa   0x00000024   Code   RO         3828    .text               mc_w.l(llsshr.o)
    0x080005ce   0x080005ce   0x000000ba   Code   RO         3830    .text               mf_w.l(depilogue.o)
    0x08000688   0x08000688   0x00000004   Code   RO          423    i.BusFault_Handler  stm32f1xx_it.o
    0x0800068c   0x0800068c   0x00000040   Code   RO         3037    i.Button_GetEvent   key_driver.o
    0x080006cc   0x080006cc   0x000000b0   Code   RO         3038    i.Button_Init       key_driver.o
    0x0800077c   0x0800077c   0x0000001c   Code   RO         3342    i.Button_Output     user.o
    0x08000798   0x08000798   0x00000024   Code   RO         2985    i.DHT11_GPIO_Set_Input  dht11_driver.o
    0x080007bc   0x080007bc   0x00000028   Code   RO         2986    i.DHT11_GPIO_Set_Output  dht11_driver.o
    0x080007e4   0x080007e4   0x00000014   Code   RO         3343    i.DHT11_Get         user.o
    0x080007f8   0x080007f8   0x000000d8   Code   RO         2987    i.DHT11_Read        dht11_driver.o
    0x080008d0   0x080008d0   0x00000060   Code   RO         2988    i.DHT11_Read_Bit    dht11_driver.o
    0x08000930   0x08000930   0x0000002a   Code   RO         2989    i.DHT11_Read_Byte   dht11_driver.o
    0x0800095a   0x0800095a   0x00000002   PAD
    0x0800095c   0x0800095c   0x00000010   Code   RO          424    i.DMA1_Channel6_IRQHandler  stm32f1xx_it.o
    0x0800096c   0x0800096c   0x0000002c   Code   RO         1952    i.DMA_SetConfig     stm32f1xx_hal_dma.o
    0x08000998   0x08000998   0x00000002   Code   RO          425    i.DebugMon_Handler  stm32f1xx_it.o
    0x0800099a   0x0800099a   0x00000002   PAD
    0x0800099c   0x0800099c   0x0000007c   Code   RO         3212    i.Driver_Init       driver.o
    0x08000a18   0x08000a18   0x00000006   Code   RO           13    i.Error_Handler     main.o
    0x08000a1e   0x08000a1e   0x00000002   PAD
    0x08000a20   0x08000a20   0x00000064   Code   RO         3344    i.Fan_Control       user.o
    0x08000a84   0x08000a84   0x0000001c   Code   RO         3345    i.Gps_start         user.o
    0x08000aa0   0x08000aa0   0x00000056   Code   RO         1953    i.HAL_DMA_Abort     stm32f1xx_hal_dma.o
    0x08000af6   0x08000af6   0x00000002   PAD
    0x08000af8   0x08000af8   0x000000b0   Code   RO         1954    i.HAL_DMA_Abort_IT  stm32f1xx_hal_dma.o
    0x08000ba8   0x08000ba8   0x0000019c   Code   RO         1958    i.HAL_DMA_IRQHandler  stm32f1xx_hal_dma.o
    0x08000d44   0x08000d44   0x00000068   Code   RO         1959    i.HAL_DMA_Init      stm32f1xx_hal_dma.o
    0x08000dac   0x08000dac   0x0000009c   Code   RO         1963    i.HAL_DMA_Start_IT  stm32f1xx_hal_dma.o
    0x08000e48   0x08000e48   0x00000028   Code   RO         1574    i.HAL_Delay         stm32f1xx_hal.o
    0x08000e70   0x08000e70   0x00000320   Code   RO         1889    i.HAL_GPIO_Init     stm32f1xx_hal_gpio.o
    0x08001190   0x08001190   0x00000010   Code   RO         1891    i.HAL_GPIO_ReadPin  stm32f1xx_hal_gpio.o
    0x080011a0   0x080011a0   0x0000000c   Code   RO         1893    i.HAL_GPIO_WritePin  stm32f1xx_hal_gpio.o
    0x080011ac   0x080011ac   0x0000000c   Code   RO         1578    i.HAL_GetTick       stm32f1xx_hal.o
    0x080011b8   0x080011b8   0x00000018   Code   RO         1584    i.HAL_IncTick       stm32f1xx_hal.o
    0x080011d0   0x080011d0   0x00000028   Code   RO         1585    i.HAL_Init          stm32f1xx_hal.o
    0x080011f8   0x080011f8   0x0000004c   Code   RO         1586    i.HAL_InitTick      stm32f1xx_hal.o
    0x08001244   0x08001244   0x00000054   Code   RO          523    i.HAL_MspInit       stm32f1xx_hal_msp.o
    0x08001298   0x08001298   0x00000020   Code   RO         2049    i.HAL_NVIC_EnableIRQ  stm32f1xx_hal_cortex.o
    0x080012b8   0x080012b8   0x0000007c   Code   RO         2055    i.HAL_NVIC_SetPriority  stm32f1xx_hal_cortex.o
    0x08001334   0x08001334   0x00000028   Code   RO         2056    i.HAL_NVIC_SetPriorityGrouping  stm32f1xx_hal_cortex.o
    0x0800135c   0x0800135c   0x0000018c   Code   RO         1742    i.HAL_RCC_ClockConfig  stm32f1xx_hal_rcc.o
    0x080014e8   0x080014e8   0x0000000c   Code   RO         1747    i.HAL_RCC_GetHCLKFreq  stm32f1xx_hal_rcc.o
    0x080014f4   0x080014f4   0x00000020   Code   RO         1749    i.HAL_RCC_GetPCLK1Freq  stm32f1xx_hal_rcc.o
    0x08001514   0x08001514   0x00000020   Code   RO         1750    i.HAL_RCC_GetPCLK2Freq  stm32f1xx_hal_rcc.o
    0x08001534   0x08001534   0x00000070   Code   RO         1751    i.HAL_RCC_GetSysClockFreq  stm32f1xx_hal_rcc.o
    0x080015a4   0x080015a4   0x00000464   Code   RO         1754    i.HAL_RCC_OscConfig  stm32f1xx_hal_rcc.o
    0x08001a08   0x08001a08   0x00000034   Code   RO         2060    i.HAL_SYSTICK_Config  stm32f1xx_hal_cortex.o
    0x08001a3c   0x08001a3c   0x00000002   Code   RO         1300    i.HAL_TIMEx_BreakCallback  stm32f1xx_hal_tim_ex.o
    0x08001a3e   0x08001a3e   0x00000002   Code   RO         1301    i.HAL_TIMEx_CommutCallback  stm32f1xx_hal_tim_ex.o
    0x08001a40   0x08001a40   0x00000084   Code   RO         1319    i.HAL_TIMEx_MasterConfigSynchronization  stm32f1xx_hal_tim_ex.o
    0x08001ac4   0x08001ac4   0x00000066   Code   RO          585    i.HAL_TIM_Base_Init  stm32f1xx_hal_tim.o
    0x08001b2a   0x08001b2a   0x00000002   PAD
    0x08001b2c   0x08001b2c   0x00000068   Code   RO          322    i.HAL_TIM_Base_MspInit  tim.o
    0x08001b94   0x08001b94   0x00000078   Code   RO          590    i.HAL_TIM_Base_Start_IT  stm32f1xx_hal_tim.o
    0x08001c0c   0x08001c0c   0x0000010c   Code   RO          594    i.HAL_TIM_ConfigClockSource  stm32f1xx_hal_tim.o
    0x08001d18   0x08001d18   0x00000002   Code   RO          619    i.HAL_TIM_IC_CaptureCallback  stm32f1xx_hal_tim.o
    0x08001d1a   0x08001d1a   0x0000016c   Code   RO          633    i.HAL_TIM_IRQHandler  stm32f1xx_hal_tim.o
    0x08001e86   0x08001e86   0x00000002   PAD
    0x08001e88   0x08001e88   0x000000a0   Code   RO          323    i.HAL_TIM_MspPostInit  tim.o
    0x08001f28   0x08001f28   0x00000002   Code   RO          636    i.HAL_TIM_OC_DelayElapsedCallback  stm32f1xx_hal_tim.o
    0x08001f2a   0x08001f2a   0x00000104   Code   RO          657    i.HAL_TIM_PWM_ConfigChannel  stm32f1xx_hal_tim.o
    0x0800202e   0x0800202e   0x00000066   Code   RO          660    i.HAL_TIM_PWM_Init  stm32f1xx_hal_tim.o
    0x08002094   0x08002094   0x00000002   Code   RO          662    i.HAL_TIM_PWM_MspInit  stm32f1xx_hal_tim.o
    0x08002096   0x08002096   0x00000002   Code   RO          663    i.HAL_TIM_PWM_PulseFinishedCallback  stm32f1xx_hal_tim.o
    0x08002098   0x08002098   0x000000d4   Code   RO          665    i.HAL_TIM_PWM_Start  stm32f1xx_hal_tim.o
    0x0800216c   0x0800216c   0x000000f0   Code   RO         3455    i.HAL_TIM_PeriodElapsedCallback  user_time.o
    0x0800225c   0x0800225c   0x00000002   Code   RO          676    i.HAL_TIM_TriggerCallback  stm32f1xx_hal_tim.o
    0x0800225e   0x0800225e   0x00000070   Code   RO         2585    i.HAL_UARTEx_ReceiveToIdle_DMA  stm32f1xx_hal_uart.o
    0x080022ce   0x080022ce   0x00000002   PAD
    0x080022d0   0x080022d0   0x00000068   Code   RO         3129    i.HAL_UARTEx_RxEventCallback  ringbuffer.o
    0x08002338   0x08002338   0x00000002   Code   RO         2601    i.HAL_UART_ErrorCallback  stm32f1xx_hal_uart.o
    0x0800233a   0x0800233a   0x00000002   PAD
    0x0800233c   0x0800233c   0x000002e4   Code   RO         2604    i.HAL_UART_IRQHandler  stm32f1xx_hal_uart.o
    0x08002620   0x08002620   0x00000076   Code   RO         2605    i.HAL_UART_Init     stm32f1xx_hal_uart.o
    0x08002696   0x08002696   0x00000002   PAD
    0x08002698   0x08002698   0x0000014c   Code   RO          376    i.HAL_UART_MspInit  usart.o
    0x080027e4   0x080027e4   0x00000002   Code   RO         2611    i.HAL_UART_RxCpltCallback  stm32f1xx_hal_uart.o
    0x080027e6   0x080027e6   0x00000002   Code   RO         2612    i.HAL_UART_RxHalfCpltCallback  stm32f1xx_hal_uart.o
    0x080027e8   0x080027e8   0x000000be   Code   RO         2613    i.HAL_UART_Transmit  stm32f1xx_hal_uart.o
    0x080028a6   0x080028a6   0x00000002   PAD
    0x080028a8   0x080028a8   0x0000008c   Code   RO         2614    i.HAL_UART_Transmit_DMA  stm32f1xx_hal_uart.o
    0x08002934   0x08002934   0x00000044   Code   RO         3130    i.HAL_UART_TxCpltCallback  ringbuffer.o
    0x08002978   0x08002978   0x00000002   Code   RO         2617    i.HAL_UART_TxHalfCpltCallback  stm32f1xx_hal_uart.o
    0x0800297a   0x0800297a   0x00000004   Code   RO          426    i.HardFault_Handler  stm32f1xx_it.o
    0x0800297e   0x0800297e   0x00000018   Code   RO         3346    i.Is_Timeout        user.o
    0x08002996   0x08002996   0x00000010   Code   RO         3071    i.LED_Off           led_driver.o
    0x080029a6   0x080029a6   0x00000010   Code   RO         3072    i.LED_On            led_driver.o
    0x080029b6   0x080029b6   0x00000010   Code   RO         3073    i.LED_PWM_Init      led_driver.o
    0x080029c6   0x080029c6   0x00000038   Code   RO         3074    i.LED_SetBrightness  led_driver.o
    0x080029fe   0x080029fe   0x00000002   PAD
    0x08002a00   0x08002a00   0x00000050   Code   RO         3347    i.Light_Control     user.o
    0x08002a50   0x08002a50   0x00000034   Code   RO          294    i.MX_DMA_Init       dma.o
    0x08002a84   0x08002a84   0x000000c0   Code   RO          186    i.MX_GPIO_Init      gpio.o
    0x08002b44   0x08002b44   0x00000070   Code   RO          324    i.MX_TIM1_Init      tim.o
    0x08002bb4   0x08002bb4   0x000000c0   Code   RO          325    i.MX_TIM2_Init      tim.o
    0x08002c74   0x08002c74   0x00000038   Code   RO          377    i.MX_USART1_UART_Init  usart.o
    0x08002cac   0x08002cac   0x00000038   Code   RO          378    i.MX_USART2_UART_Init  usart.o
    0x08002ce4   0x08002ce4   0x00000004   Code   RO          427    i.MemManage_Handler  stm32f1xx_it.o
    0x08002ce8   0x08002ce8   0x00000016   Code   RO         3260    i.Motor_Init        ln298motor_driver.o
    0x08002cfe   0x08002cfe   0x00000036   Code   RO         3261    i.Motor_Set_DieSpeed  ln298motor_driver.o
    0x08002d34   0x08002d34   0x00000004   Code   RO          428    i.NMI_Handler       stm32f1xx_it.o
    0x08002d38   0x08002d38   0x00000010   Code   RO         3262    i.PWM_Init          ln298motor_driver.o
    0x08002d48   0x08002d48   0x00000038   Code   RO         3263    i.PWM_SetDuty       ln298motor_driver.o
    0x08002d80   0x08002d80   0x00000002   Code   RO          429    i.PendSV_Handler    stm32f1xx_it.o
    0x08002d82   0x08002d82   0x00000002   PAD
    0x08002d84   0x08002d84   0x00000028   Code   RO         1755    i.RCC_Delay         stm32f1xx_hal_rcc.o
    0x08002dac   0x08002dac   0x00000002   Code   RO          430    i.SVC_Handler       stm32f1xx_it.o
    0x08002dae   0x08002dae   0x00000008   Code   RO          431    i.SysTick_Handler   stm32f1xx_it.o
    0x08002db6   0x08002db6   0x00000066   Code   RO           14    i.SystemClock_Config  main.o
    0x08002e1c   0x08002e1c   0x00000002   Code   RO         2949    i.SystemInit        system_stm32f1xx.o
    0x08002e1e   0x08002e1e   0x00000002   PAD
    0x08002e20   0x08002e20   0x00000010   Code   RO          432    i.TIM1_UP_IRQHandler  stm32f1xx_it.o
    0x08002e30   0x08002e30   0x00000084   Code   RO          678    i.TIM_Base_SetConfig  stm32f1xx_hal_tim.o
    0x08002eb4   0x08002eb4   0x00000022   Code   RO          679    i.TIM_CCxChannelCmd  stm32f1xx_hal_tim.o
    0x08002ed6   0x08002ed6   0x00000016   Code   RO          689    i.TIM_ETR_SetConfig  stm32f1xx_hal_tim.o
    0x08002eec   0x08002eec   0x00000012   Code   RO          690    i.TIM_ITRx_SetConfig  stm32f1xx_hal_tim.o
    0x08002efe   0x08002efe   0x00000002   PAD
    0x08002f00   0x08002f00   0x00000060   Code   RO          691    i.TIM_OC1_SetConfig  stm32f1xx_hal_tim.o
    0x08002f60   0x08002f60   0x00000068   Code   RO          692    i.TIM_OC2_SetConfig  stm32f1xx_hal_tim.o
    0x08002fc8   0x08002fc8   0x00000068   Code   RO          693    i.TIM_OC3_SetConfig  stm32f1xx_hal_tim.o
    0x08003030   0x08003030   0x00000048   Code   RO          694    i.TIM_OC4_SetConfig  stm32f1xx_hal_tim.o
    0x08003078   0x08003078   0x00000026   Code   RO          696    i.TIM_TI1_ConfigInputStage  stm32f1xx_hal_tim.o
    0x0800309e   0x0800309e   0x00000028   Code   RO          698    i.TIM_TI2_ConfigInputStage  stm32f1xx_hal_tim.o
    0x080030c6   0x080030c6   0x00000002   PAD
    0x080030c8   0x080030c8   0x000000c8   Code   RO         3348    i.Temperature_Control  user.o
    0x08003190   0x08003190   0x00000014   Code   RO         2618    i.UART_DMAAbortOnError  stm32f1xx_hal_uart.o
    0x080031a4   0x080031a4   0x00000050   Code   RO         2619    i.UART_DMAError     stm32f1xx_hal_uart.o
    0x080031f4   0x080031f4   0x000000b4   Code   RO         2620    i.UART_DMAReceiveCplt  stm32f1xx_hal_uart.o
    0x080032a8   0x080032a8   0x00000024   Code   RO         2622    i.UART_DMARxHalfCplt  stm32f1xx_hal_uart.o
    0x080032cc   0x080032cc   0x00000058   Code   RO         2624    i.UART_DMATransmitCplt  stm32f1xx_hal_uart.o
    0x08003324   0x08003324   0x0000000e   Code   RO         2626    i.UART_DMATxHalfCplt  stm32f1xx_hal_uart.o
    0x08003332   0x08003332   0x00000002   PAD
    0x08003334   0x08003334   0x00000018   Code   RO         3131    i.UART_DMA_Init     ringbuffer.o
    0x0800334c   0x0800334c   0x0000006c   Code   RO         2628    i.UART_EndRxTransfer  stm32f1xx_hal_uart.o
    0x080033b8   0x080033b8   0x00000020   Code   RO         2629    i.UART_EndTransmit_IT  stm32f1xx_hal_uart.o
    0x080033d8   0x080033d8   0x00000026   Code   RO         2630    i.UART_EndTxTransfer  stm32f1xx_hal_uart.o
    0x080033fe   0x080033fe   0x000000fc   Code   RO         2631    i.UART_Receive_IT   stm32f1xx_hal_uart.o
    0x080034fa   0x080034fa   0x00000002   PAD
    0x080034fc   0x080034fc   0x000000fc   Code   RO         2632    i.UART_SetConfig    stm32f1xx_hal_uart.o
    0x080035f8   0x080035f8   0x000000c8   Code   RO         2633    i.UART_Start_Receive_DMA  stm32f1xx_hal_uart.o
    0x080036c0   0x080036c0   0x00000060   Code   RO         2635    i.UART_Transmit_IT  stm32f1xx_hal_uart.o
    0x08003720   0x08003720   0x0000008c   Code   RO         2636    i.UART_WaitOnFlagUntilTimeout  stm32f1xx_hal_uart.o
    0x080037ac   0x080037ac   0x00000010   Code   RO          433    i.USART1_IRQHandler  stm32f1xx_it.o
    0x080037bc   0x080037bc   0x00000010   Code   RO          434    i.USART2_IRQHandler  stm32f1xx_it.o
    0x080037cc   0x080037cc   0x00000004   Code   RO          435    i.UsageFault_Handler  stm32f1xx_it.o
    0x080037d0   0x080037d0   0x00000010   Code   RO         3349    i.User_Buttion_Init  user.o
    0x080037e0   0x080037e0   0x0000007c   Code   RO         3350    i.User_GetButton    user.o
    0x0800385c   0x0800385c   0x00000020   Code   RO         3351    i.User_Init         user.o
    0x0800387c   0x0800387c   0x00000024   Code   RO         3352    i.User_Loop         user.o
    0x080038a0   0x080038a0   0x00000010   Code   RO         3456    i.User_time_init    user_time.o
    0x080038b0   0x080038b0   0x00000020   Code   RO         3766    i.__0printf         mc_w.l(printfa.o)
    0x080038d0   0x080038d0   0x00000010   Code   RO         2062    i.__NVIC_GetPriorityGrouping  stm32f1xx_hal_cortex.o
    0x080038e0   0x080038e0   0x00000028   Code   RO         2063    i.__NVIC_SetPriority  stm32f1xx_hal_cortex.o
    0x08003908   0x08003908   0x0000000e   Code   RO         3834    i.__scatterload_copy  mc_w.l(handlers.o)
    0x08003916   0x08003916   0x00000002   Code   RO         3835    i.__scatterload_null  mc_w.l(handlers.o)
    0x08003918   0x08003918   0x0000000e   Code   RO         3836    i.__scatterload_zeroinit  mc_w.l(handlers.o)
    0x08003926   0x08003926   0x00000002   PAD
    0x08003928   0x08003928   0x00000164   Code   RO         3773    i._fp_digits        mc_w.l(printfa.o)
    0x08003a8c   0x08003a8c   0x000006dc   Code   RO         3774    i._printf_core      mc_w.l(printfa.o)
    0x08004168   0x08004168   0x00000024   Code   RO         3775    i._printf_post_padding  mc_w.l(printfa.o)
    0x0800418c   0x0800418c   0x0000002e   Code   RO         3776    i._printf_pre_padding  mc_w.l(printfa.o)
    0x080041ba   0x080041ba   0x00000002   PAD
    0x080041bc   0x080041bc   0x0000001c   Code   RO         3310    i.delay_init        delay.o
    0x080041d8   0x080041d8   0x00000048   Code   RO         3311    i.delay_us          delay.o
    0x08004220   0x08004220   0x0000001c   Code   RO         3132    i.fputc             ringbuffer.o
    0x0800423c   0x0800423c   0x00000044   Code   RO           15    i.main              main.o
    0x08004280   0x08004280   0x00000010   Code   RO         3134    i.ringbuffer_is_empty  ringbuffer.o
    0x08004290   0x08004290   0x00000014   Code   RO         3135    i.ringbuffer_is_full  ringbuffer.o
    0x080042a4   0x080042a4   0x00000032   Code   RO         3136    i.ringbuffer_read   ringbuffer.o
    0x080042d6   0x080042d6   0x00000030   Code   RO         3137    i.ringbuffer_write  ringbuffer.o
    0x08004306   0x08004306   0x00000012   Data   RO         1756    .constdata          stm32f1xx_hal_rcc.o
    0x08004318   0x08004318   0x00000018   Data   RO         2950    .constdata          system_stm32f1xx.o
    0x08004330   0x08004330   0x00000020   Data   RO         3832    Region$$Table       anon$$obj.o


    Execution Region RW_IRAM1 (Exec base: 0x20000000, Load base: 0x08004350, Size: 0x00000a28, Max: 0x00005000, ABSOLUTE)

    Exec Addr    Load Addr    Size         Type   Attr      Idx    E Section Name        Object

    0x20000000   0x08004350   0x00000009   Data   RW         1592    .data               stm32f1xx_hal.o
    0x20000009   0x08004359   0x00000003   PAD
    0x2000000c   0x0800435c   0x00000004   Data   RW         2951    .data               system_stm32f1xx.o
    0x20000010   0x08004360   0x00000009   Data   RW         3139    .data               ringbuffer.o
    0x20000019   0x08004369   0x00000003   PAD
    0x2000001c   0x0800436c   0x00000008   Data   RW         3214    .data               driver.o
    0x20000024   0x08004374   0x00000004   Data   RW         3312    .data               delay.o
    0x20000028   0x08004378   0x0000001c   Data   RW         3353    .data               user.o
    0x20000044   0x08004394   0x0000000c   Data   RW         3457    .data               user_time.o
    0x20000050   0x080043a0   0x00000004   Data   RW         3808    .data               mc_w.l(stdout.o)
    0x20000054        -       0x00000090   Zero   RW          326    .bss                tim.o
    0x200000e4        -       0x000000d4   Zero   RW          379    .bss                usart.o
    0x200001b8        -       0x00000418   Zero   RW         3138    .bss                ringbuffer.o
    0x200005d0        -       0x00000054   Zero   RW         3213    .bss                driver.o
    0x20000624   0x080043a4   0x00000004   PAD
    0x20000628        -       0x00000400   Zero   RW            1    STACK               startup_stm32f103xb.o


==============================================================================

Image component sizes


      Code (inc. data)   RO Data    RW Data    ZI Data      Debug   Object Name

       100         14          0          4          0       1180   delay.o
       430          0          0          0          0       3944   dht11_driver.o
        52          4          0          0          0        706   dma.o
       124         34          0          8         84       2447   driver.o
       192         12          0          0          0     421839   gpio.o
       240         16          0          0          0       2352   key_driver.o
       104          0          0          0          0       2738   led_driver.o
       148          0          0          0          0       3143   ln298motor_driver.o
       176         18          0          0          0     416576   main.o
       358         48          0          9       1048       6046   ringbuffer.o
        36          8        236          0       1024        784   startup_stm32f103xb.o
       192         36          0          9          0       5721   stm32f1xx_hal.o
       304         22          0          0          0      29227   stm32f1xx_hal_cortex.o
       978         12          0          0          0       4654   stm32f1xx_hal_dma.o
       828         34          0          0          0       3215   stm32f1xx_hal_gpio.o
        84          8          0          0          0        858   stm32f1xx_hal_msp.o
      1748         98         18          0          0       5784   stm32f1xx_hal_rcc.o
      2098         60          0          0          0      15148   stm32f1xx_hal_tim.o
       136         14          0          0          0       2329   stm32f1xx_hal_tim_ex.o
      2844         34          0          0          0      16865   stm32f1xx_hal_uart.o
        98         24          0          0          0       5550   stm32f1xx_it.o
         2          0         24          4          0       1059   system_stm32f1xx.o
       568         40          0          0        144       3013   tim.o
       444         46          0          0        212       2286   usart.o
       688        106          0         28          0       8626   user.o
       256        112          0         12          0       1549   user_time.o

    ----------------------------------------------------------------------
     13262        800        310         80       2516     967639   Object Totals
         0          0         32          0          0          0   (incl. Generated)
        34          0          0          6          4          0   (incl. Padding)

    ----------------------------------------------------------------------

      Code (inc. data)   RO Data    RW Data    ZI Data      Debug   Library Member Name

         0          0          0          0          0          0   entry.o
         0          0          0          0          0          0   entry10a.o
         0          0          0          0          0          0   entry11a.o
         8          4          0          0          0          0   entry2.o
         4          0          0          0          0          0   entry5.o
         0          0          0          0          0          0   entry7b.o
         0          0          0          0          0          0   entry8b.o
         8          4          0          0          0          0   entry9a.o
        30          0          0          0          0          0   handlers.o
        36          8          0          0          0         68   init.o
         0          0          0          0          0          0   iusefp.o
        30          0          0          0          0         68   llshl.o
        36          0          0          0          0         68   llsshr.o
        32          0          0          0          0         68   llushr.o
        36          0          0          0          0        108   memseta.o
      2226         90          0          0          0        444   printfa.o
         0          0          0          4          0          0   stdout.o
        44          0          0          0          0         80   uidiv.o
        98          0          0          0          0         92   uldiv.o
        48          0          0          0          0         68   cdrcmple.o
       334          0          0          0          0        148   dadd.o
       222          0          0          0          0        100   ddiv.o
       186          0          0          0          0        176   depilogue.o
        48          0          0          0          0         68   dfixul.o
       228          0          0          0          0         96   dmul.o

    ----------------------------------------------------------------------
      3660        106          0          4          0       1652   Library Totals
         6          0          0          0          0          0   (incl. Padding)

    ----------------------------------------------------------------------

      Code (inc. data)   RO Data    RW Data    ZI Data      Debug   Library Name

      2588        106          0          4          0        996   mc_w.l
      1066          0          0          0          0        656   mf_w.l

    ----------------------------------------------------------------------
      3660        106          0          4          0       1652   Library Totals

    ----------------------------------------------------------------------

==============================================================================


      Code (inc. data)   RO Data    RW Data    ZI Data      Debug   

     16922        906        310         84       2516     961539   Grand Totals
     16922        906        310         84       2516     961539   ELF Image Totals
     16922        906        310         84          0          0   ROM Totals

==============================================================================

    Total RO  Size (Code + RO Data)                17232 (  16.83kB)
    Total RW  Size (RW Data + ZI Data)              2600 (   2.54kB)
    Total ROM Size (Code + RO Data + RW Data)      17316 (  16.91kB)

==============================================================================

